Archive member included to satisfy reference by file (symbol)

/usr/lib/gcc/arm-none-eabi/15.1.0/thumb/v6-m/nofp/libgcc.a(_dvmd_tls.o)
                              CMakeFiles/booyahbox.dir/home/bull/pico/pico-sdk/src/rp2_common/pico_divider/divider_hardware.S.o (__aeabi_idiv0)
/usr/lib/gcc/arm-none-eabi/15.1.0/../../../../arm-none-eabi/lib/thumb/v6-m/nofp/libg.a(libc_a-atexit.o)
                              /usr/lib/gcc/arm-none-eabi/15.1.0/../../../../arm-none-eabi/lib/thumb/v6-m/nofp/crt0.o (atexit)
/usr/lib/gcc/arm-none-eabi/15.1.0/../../../../arm-none-eabi/lib/thumb/v6-m/nofp/libg.a(libc_a-calloc.o)
                              CMakeFiles/booyahbox.dir/home/bull/pico/pico-sdk/src/rp2_common/pico_malloc/malloc.c.o (calloc)
/usr/lib/gcc/arm-none-eabi/15.1.0/../../../../arm-none-eabi/lib/thumb/v6-m/nofp/libg.a(libc_a-callocr.o)
                              /usr/lib/gcc/arm-none-eabi/15.1.0/../../../../arm-none-eabi/lib/thumb/v6-m/nofp/libg.a(libc_a-calloc.o) (_calloc_r)
/usr/lib/gcc/arm-none-eabi/15.1.0/../../../../arm-none-eabi/lib/thumb/v6-m/nofp/libg.a(libc_a-malloc.o)
                              CMakeFiles/booyahbox.dir/home/bull/pico/pico-sdk/src/rp2_common/pico_malloc/malloc.c.o (malloc)
/usr/lib/gcc/arm-none-eabi/15.1.0/../../../../arm-none-eabi/lib/thumb/v6-m/nofp/libg.a(libc_a-mallocr.o)
                              /usr/lib/gcc/arm-none-eabi/15.1.0/../../../../arm-none-eabi/lib/thumb/v6-m/nofp/libg.a(libc_a-callocr.o) (_malloc_r)
/usr/lib/gcc/arm-none-eabi/15.1.0/../../../../arm-none-eabi/lib/thumb/v6-m/nofp/libg.a(libc_a-mlock.o)
                              /usr/lib/gcc/arm-none-eabi/15.1.0/../../../../arm-none-eabi/lib/thumb/v6-m/nofp/libg.a(libc_a-mallocr.o) (__malloc_lock)
/usr/lib/gcc/arm-none-eabi/15.1.0/../../../../arm-none-eabi/lib/thumb/v6-m/nofp/libg.a(libc_a-realloc.o)
                              CMakeFiles/booyahbox.dir/home/bull/pico/pico-sdk/src/rp2_common/pico_malloc/malloc.c.o (realloc)
/usr/lib/gcc/arm-none-eabi/15.1.0/../../../../arm-none-eabi/lib/thumb/v6-m/nofp/libg.a(libc_a-reallocr.o)
                              /usr/lib/gcc/arm-none-eabi/15.1.0/../../../../arm-none-eabi/lib/thumb/v6-m/nofp/libg.a(libc_a-realloc.o) (_realloc_r)
/usr/lib/gcc/arm-none-eabi/15.1.0/../../../../arm-none-eabi/lib/thumb/v6-m/nofp/libg.a(libc_a-memcmp.o)
                              CMakeFiles/booyahbox.dir/home/bull/pico/pico-sdk/src/rp2_common/pico_atomic/atomic.c.o (memcmp)
/usr/lib/gcc/arm-none-eabi/15.1.0/../../../../arm-none-eabi/lib/thumb/v6-m/nofp/libg.a(libc_a-memmove.o)
                              /usr/lib/gcc/arm-none-eabi/15.1.0/../../../../arm-none-eabi/lib/thumb/v6-m/nofp/libg.a(libc_a-reallocr.o) (memmove)
/usr/lib/gcc/arm-none-eabi/15.1.0/../../../../arm-none-eabi/lib/thumb/v6-m/nofp/libg.a(libc_a-lcltime_r.o)
                              CMakeFiles/booyahbox.dir/home/bull/pico/pico-sdk/src/common/pico_util/datetime.c.o (localtime_r)
/usr/lib/gcc/arm-none-eabi/15.1.0/../../../../arm-none-eabi/lib/thumb/v6-m/nofp/libg.a(libc_a-mktime.o)
                              CMakeFiles/booyahbox.dir/home/bull/pico/pico-sdk/src/common/pico_util/datetime.c.o (mktime)
/usr/lib/gcc/arm-none-eabi/15.1.0/../../../../arm-none-eabi/lib/thumb/v6-m/nofp/libg.a(libc_a-month_lengths.o)
                              /usr/lib/gcc/arm-none-eabi/15.1.0/../../../../arm-none-eabi/lib/thumb/v6-m/nofp/libg.a(libc_a-lcltime_r.o) (__month_lengths)
/usr/lib/gcc/arm-none-eabi/15.1.0/../../../../arm-none-eabi/lib/thumb/v6-m/nofp/libg.a(libc_a-tzcalc_limits.o)
                              /usr/lib/gcc/arm-none-eabi/15.1.0/../../../../arm-none-eabi/lib/thumb/v6-m/nofp/libg.a(libc_a-lcltime_r.o) (__tzcalc_limits)
/usr/lib/gcc/arm-none-eabi/15.1.0/../../../../arm-none-eabi/lib/thumb/v6-m/nofp/libg.a(libc_a-tzlock.o)
                              /usr/lib/gcc/arm-none-eabi/15.1.0/../../../../arm-none-eabi/lib/thumb/v6-m/nofp/libg.a(libc_a-lcltime_r.o) (__tz_lock)
/usr/lib/gcc/arm-none-eabi/15.1.0/../../../../arm-none-eabi/lib/thumb/v6-m/nofp/libg.a(libc_a-tzset.o)
                              /usr/lib/gcc/arm-none-eabi/15.1.0/../../../../arm-none-eabi/lib/thumb/v6-m/nofp/libg.a(libc_a-lcltime_r.o) (_tzset_unlocked)
/usr/lib/gcc/arm-none-eabi/15.1.0/../../../../arm-none-eabi/lib/thumb/v6-m/nofp/libg.a(libc_a-tzset_r.o)
                              /usr/lib/gcc/arm-none-eabi/15.1.0/../../../../arm-none-eabi/lib/thumb/v6-m/nofp/libg.a(libc_a-tzset.o) (_tzset_unlocked_r)
/usr/lib/gcc/arm-none-eabi/15.1.0/../../../../arm-none-eabi/lib/thumb/v6-m/nofp/libg.a(libc_a-tzvars.o)
                              /usr/lib/gcc/arm-none-eabi/15.1.0/../../../../arm-none-eabi/lib/thumb/v6-m/nofp/libg.a(libc_a-tzset_r.o) (_timezone)
/usr/lib/gcc/arm-none-eabi/15.1.0/../../../../arm-none-eabi/lib/thumb/v6-m/nofp/libg.a(libc_a-impure.o)
                              /usr/lib/gcc/arm-none-eabi/15.1.0/../../../../arm-none-eabi/lib/thumb/v6-m/nofp/libg.a(libc_a-calloc.o) (_impure_ptr)
[...]
Memory Configuration

Name             Origin             Length             Attributes
FLASH            0x10000000         0x00200000         xr
RAM              0x20000000         0x00040000         xrw
SCRATCH_X        0x20040000         0x00001000         xrw
SCRATCH_Y        0x20041000         0x00001000         xrw
*default*        0x00000000         0xffffffff

Linker script and memory map

LOAD /usr/lib/gcc/arm-none-eabi/15.1.0/thumb/v6-m/nofp/crti.o
LOAD /usr/lib/gcc/arm-none-eabi/15.1.0/thumb/v6-m/nofp/crtbegin.o
LOAD /usr/lib/gcc/arm-none-eabi/15.1.0/../../../../arm-none-eabi/lib/thumb/v6-m/nofp/crt0.o

.flash_begin    0x10000000        0x0
                0x10000000                        __flash_binary_start = .

.boot2          0x10000000      0x100
                0x10000000                        __boot2_start__ = .
 *(.boot2)
 .boot2         0x10000000      0x100 pico-sdk/src/rp2040/boot_stage2/CMakeFiles/bs2_default_library.dir/./bs2_default_padded_checksummed.S.o
                0x10000100                        __boot2_end__ = .
                0x00000001                        ASSERT (((__boot2_end__ - __boot2_start__) == 0x100), ERROR: Pico second stage bootloader must be 256 bytes in size)

.text           0x10000100     0x406c
                0x10000100                        __logical_binary_start = .
 *(.vectors)
 .vectors       0x10000100       0xd4 CMakeFiles/booyahbox.dir/home/bull/pico/pico-sdk/src/rp2_common/pico_crt0/crt0.S.o
                0x10000100                __vectors
                0x10000100                __VECTOR_TABLE
                0x100001c0                isr_irq30
                0x100001c0                __unhandled_user_irq
                0x100001c0                isr_irq13
                0x100001c0                isr_irq27
                0x100001c0                isr_irq31
                0x100001c0                isr_irq5
                0x100001c0                isr_irq11
                0x100001c0                isr_irq23
                0x100001c0                isr_irq18
                0x100001c0                isr_irq28
                0x100001c0                isr_irq19
                0x100001c0                isr_irq0
                0x100001c0                isr_irq6
                0x100001c0                isr_irq22
                0x100001c0                isr_irq17
                0x100001c0                isr_irq14
                0x100001c0                __vectors_end
                0x100001c0                __default_isrs_start
                0x100001c0                isr_irq2
                0x100001c0                isr_irq10
                0x100001c0                isr_irq8
                0x100001c0                isr_irq24
                0x100001c0                isr_irq1
                0x100001c0                isr_irq7
                0x100001c0                isr_irq21
                0x100001c0                isr_irq20
                0x100001c0                isr_irq15
                0x100001c0                isr_irq25
                0x100001c0                isr_irq4
                0x100001c0                isr_irq16
                0x100001c0                isr_irq29
                0x100001c0                isr_irq26
                0x100001c0                isr_irq3
                0x100001c0                isr_irq12
                0x100001c0                isr_irq9
                0x100001c6                unhandled_user_irq_num_in_r0
                0x100001c8                isr_invalid
                0x100001ca                isr_nmi
                0x100001cc                isr_hardfault
                0x100001ce                isr_svcall
                0x100001d0                isr_pendsv
                0x100001d2                isr_systick
                0x100001d4                __default_isrs_end
 *(.binary_info_header)
 .binary_info_header
                0x100001d4       0x14 CMakeFiles/booyahbox.dir/home/bull/pico/pico-sdk/src/rp2_common/pico_crt0/crt0.S.o
                0x100001e8                        __binary_info_header_end = .
 *(.embedded_block)
                0x100001e8                        __embedded_block_end = .
 *(.reset)
 .reset         0x100001e8       0x9c CMakeFiles/booyahbox.dir/home/bull/pico/pico-sdk/src/rp2_common/pico_crt0/crt0.S.o
                0x100001e8                _entry_point
 *(.init)
 .init          0x10000284        0x4 /usr/lib/gcc/arm-none-eabi/15.1.0/thumb/v6-m/nofp/crti.o
                0x10000284                _init
 *(EXCLUDE_FILE(*libm.a: *libc.a:*lib_a-mem*.o *libgcc.a:) .text*)
 .text          0x10000288       0x98 /usr/lib/gcc/arm-none-eabi/15.1.0/thumb/v6-m/nofp/crtbegin.o
 .text.core1_entry
                0x10000320       0x14 CMakeFiles/booyahbox.dir/src/main.cpp.o
                0x10000320                core1_entry
 .text.startup.main
                0x10000334       0xc8 CMakeFiles/booyahbox.dir/src/main.cpp.o
                0x10000334                main
 .text._Z12read_buttonsv
                0x100003fc       0xa4 CMakeFiles/booyahbox.dir/src/input.cpp.o
                0x100003fc                read_buttons()
 .text._Z9read_axishhRbRab
                0x100004a0       0xb4 CMakeFiles/booyahbox.dir/src/input.cpp.o
                0x100004a0                read_axis(unsigned char, unsigned char, bool&, signed char&, bool)
 .text._Z16change_Dpad_modev
                0x10000554       0x1c CMakeFiles/booyahbox.dir/src/input.cpp.o
                0x10000554                change_Dpad_mode()
 .text._Z16apply_config_btnv
                0x10000570      0x140 CMakeFiles/booyahbox.dir/src/button_config.cpp.o
                0x10000570                apply_config_btn()
 .text._Z10setup_pinsv
                0x100006b0       0x54 CMakeFiles/booyahbox.dir/src/button_config.cpp.o
                0x100006b0                setup_pins()
 .text._Z19apply_socd_cleaningbbRbRab
                0x10000704       0x8c CMakeFiles/booyahbox.dir/src/socd.cpp.o
                0x10000704                apply_socd_cleaning(bool, bool, bool&, signed char&, bool)
 .text._Z18apply_socd_neutralv
                0x10000790        0xc CMakeFiles/booyahbox.dir/src/socd.cpp.o
                0x10000790                apply_socd_neutral()
 .text._Z22apply_socd_up_priorityv
                0x1000079c        0xc CMakeFiles/booyahbox.dir/src/socd.cpp.o
                0x1000079c                apply_socd_up_priority()
 .text._Z31apply_socd_first_input_priorityv
                0x100007a8        0xc CMakeFiles/booyahbox.dir/src/socd.cpp.o
                0x100007a8                apply_socd_first_input_priority()
 .text._Z30apply_socd_last_input_priorityv
                0x100007b4        0xc CMakeFiles/booyahbox.dir/src/socd.cpp.o
                0x100007b4                apply_socd_last_input_priority()
 .text.startup._GLOBAL__sub_I_current_socd_strategy
                0x100007c0       0x14 CMakeFiles/booyahbox.dir/src/socd.cpp.o
 .text._Z14reboot_bootselv
                0x100007d4        0xc CMakeFiles/booyahbox.dir/src/hotkey.cpp.o
                0x100007d4                reboot_bootsel()
 .text._Z25copy_buttons_from_profilev
                0x100007e0       0x24 CMakeFiles/booyahbox.dir/src/hotkey.cpp.o
                0x100007e0                copy_buttons_from_profile()
 .text._Z14update_hotkeysv
                0x10000804      0x168 CMakeFiles/booyahbox.dir/src/hotkey.cpp.o
                0x10000804                update_hotkeys()
 .text.tud_descriptor_device_cb
                0x1000096c        0x8 CMakeFiles/booyahbox.dir/src/usb_descriptors.cpp.o
                0x1000096c                tud_descriptor_device_cb
 .text.tud_descriptor_configuration_cb
                0x10000974        0x8 CMakeFiles/booyahbox.dir/src/usb_descriptors.cpp.o
                0x10000974                tud_descriptor_configuration_cb
 .text.tud_hid_descriptor_report_cb
                0x1000097c        0x8 CMakeFiles/booyahbox.dir/src/usb_descriptors.cpp.o
                0x1000097c                tud_hid_descriptor_report_cb
 .text.tud_descriptor_string_cb
                0x10000984       0x70 CMakeFiles/booyahbox.dir/src/usb_descriptors.cpp.o
                0x10000984                tud_descriptor_string_cb
 .text.tud_hid_set_report_cb
                0x100009f4        0x4 CMakeFiles/booyahbox.dir/src/usb_descriptors.cpp.o
                0x100009f4                tud_hid_set_report_cb
 .text.tud_hid_get_report_cb
                0x100009f8        0x4 CMakeFiles/booyahbox.dir/src/usb_descriptors.cpp.o
                0x100009f8                tud_hid_get_report_cb
 .text.gpio_set_function
                0x100009fc       0x30 CMakeFiles/booyahbox.dir/home/bull/pico/pico-sdk/src/rp2_common/hardware_gpio/gpio.c.o
                0x100009fc                gpio_set_function
 .text.gpio_set_pulls
                0x10000a2c       0x24 CMakeFiles/booyahbox.dir/home/bull/pico/pico-sdk/src/rp2_common/hardware_gpio/gpio.c.o
                0x10000a2c                gpio_set_pulls
 .text.gpio_init
                0x10000a50       0x3c CMakeFiles/booyahbox.dir/home/bull/pico/pico-sdk/src/rp2_common/hardware_gpio/gpio.c.o
                0x10000a50                gpio_init
 .text.rp2040_chip_version
                0x10000a8c        0xc CMakeFiles/booyahbox.dir/home/bull/pico/pico-sdk/src/rp2040/pico_platform/platform.c.o
                0x10000a8c                rp2040_chip_version
 .text.panic    0x10000a98       0x30 CMakeFiles/booyahbox.dir/home/bull/pico/pico-sdk/src/rp2_common/pico_platform_panic/panic.c.o
                0x10000a98                panic
 .text.hw_claim_or_assert
                0x10000ac8       0x50 CMakeFiles/booyahbox.dir/home/bull/pico/pico-sdk/src/common/hardware_claim/claim.c.o
                0x10000ac8                hw_claim_or_assert
 .text.hw_claim_unused_from_range
                0x10000b18       0x88 CMakeFiles/booyahbox.dir/home/bull/pico/pico-sdk/src/common/hardware_claim/claim.c.o
                0x10000b18                hw_claim_unused_from_range
 .text.next_striped_spin_lock_num
                0x10000ba0       0x18 CMakeFiles/booyahbox.dir/home/bull/pico/pico-sdk/src/rp2_common/hardware_sync/sync.c.o
                0x10000ba0                next_striped_spin_lock_num
 .text.spin_lock_claim_unused
                0x10000bb8       0x20 CMakeFiles/booyahbox.dir/home/bull/pico/pico-sdk/src/rp2_common/hardware_sync/sync.c.o
                0x10000bb8                spin_lock_claim_unused
 .text.spin_locks_reset
                0x10000bd8       0x1c CMakeFiles/booyahbox.dir/home/bull/pico/pico-sdk/src/rp2_common/hardware_sync_spin_lock/sync_spin_lock.c.o
                0x10000bd8                spin_locks_reset
 .text.runtime_init_per_core_irq_priorities
                0x10000bf4       0x48 CMakeFiles/booyahbox.dir/home/bull/pico/pico-sdk/src/rp2_common/hardware_irq/irq.c.o
                0x10000bf4                runtime_init_per_core_irq_priorities
 .text.irq_set_enabled
                0x10000c3c       0x24 CMakeFiles/booyahbox.dir/home/bull/pico/pico-sdk/src/rp2_common/hardware_irq/irq.c.o
                0x10000c3c                irq_set_enabled
 .text.irq_is_enabled
                0x10000c60       0x18 CMakeFiles/booyahbox.dir/home/bull/pico/pico-sdk/src/rp2_common/hardware_irq/irq.c.o
                0x10000c60                irq_is_enabled
 .text.irq_set_exclusive_handler
                0x10000c78       0x54 CMakeFiles/booyahbox.dir/home/bull/pico/pico-sdk/src/rp2_common/hardware_irq/irq.c.o
                0x10000c78                irq_set_exclusive_handler
 .text.irq_add_shared_handler
                0x10000ccc      0x1cc CMakeFiles/booyahbox.dir/home/bull/pico/pico-sdk/src/rp2_common/hardware_irq/irq.c.o
                0x10000ccc                irq_add_shared_handler
 .text.irq_remove_handler
                0x10000e98      0x1c8 CMakeFiles/booyahbox.dir/home/bull/pico/pico-sdk/src/rp2_common/hardware_irq/irq.c.o
                0x10000e98                irq_remove_handler
 .text.irq_add_tail_to_free_list
                0x10001060       0xb4 CMakeFiles/booyahbox.dir/home/bull/pico/pico-sdk/src/rp2_common/hardware_irq/irq.c.o
                0x10001060                irq_add_tail_to_free_list
 .text.lock_init
                0x10001114       0x10 CMakeFiles/booyahbox.dir/home/bull/pico/pico-sdk/src/common/pico_sync/lock_core.c.o
                0x10001114                lock_init
 .text.runtime_init_mutex
                0x10001124       0x50 CMakeFiles/booyahbox.dir/home/bull/pico/pico-sdk/src/common/pico_sync/mutex.c.o
                0x10001124                runtime_init_mutex
 .text.mutex_init
                0x10001174       0x1c CMakeFiles/booyahbox.dir/home/bull/pico/pico-sdk/src/common/pico_sync/mutex.c.o
                0x10001174                mutex_init
 .text.critical_section_init
                0x10001190       0x1c CMakeFiles/booyahbox.dir/home/bull/pico/pico-sdk/src/common/pico_sync/critical_section.c.o
                0x10001190                critical_section_init
 .text.sleep_until_callback
                0x100011ac       0x30 CMakeFiles/booyahbox.dir/home/bull/pico/pico-sdk/src/common/pico_time/time.c.o
 .text.alarm_pool_irq_handler
                0x100011dc      0x2f4 CMakeFiles/booyahbox.dir/home/bull/pico/pico-sdk/src/common/pico_time/time.c.o
 .text.runtime_init_default_alarm_pool
                0x100014d0       0xd8 CMakeFiles/booyahbox.dir/home/bull/pico/pico-sdk/src/common/pico_time/time.c.o
                0x100014d0                runtime_init_default_alarm_pool
 .text.alarm_pool_add_alarm_at_force_in_context
                0x100015a8       0xbc CMakeFiles/booyahbox.dir/home/bull/pico/pico-sdk/src/common/pico_time/time.c.o
                0x100015a8                alarm_pool_add_alarm_at_force_in_context
 .text.alarm_pool_cancel_alarm
                0x10001664       0x74 CMakeFiles/booyahbox.dir/home/bull/pico/pico-sdk/src/common/pico_time/time.c.o
                0x10001664                alarm_pool_cancel_alarm
 .text.sleep_ms
                0x100016d8       0xfc CMakeFiles/booyahbox.dir/home/bull/pico/pico-sdk/src/common/pico_time/time.c.o
                0x100016d8                sleep_ms
 .text.best_effort_wfe_or_timeout
                0x100017d4      0x100 CMakeFiles/booyahbox.dir/home/bull/pico/pico-sdk/src/common/pico_time/time.c.o
                0x100017d4                best_effort_wfe_or_timeout
 .text.timer_hardware_alarm_claim
                0x100018d4       0x14 CMakeFiles/booyahbox.dir/home/bull/pico/pico-sdk/src/rp2_common/hardware_timer/timer.c.o
                0x100018d4                timer_hardware_alarm_claim
 .text.timer_time_us_64
                0x100018e8       0x10 CMakeFiles/booyahbox.dir/home/bull/pico/pico-sdk/src/rp2_common/hardware_timer/timer.c.o
                0x100018e8                timer_time_us_64
 .text.time_us_64
                0x100018f8       0x14 CMakeFiles/booyahbox.dir/home/bull/pico/pico-sdk/src/rp2_common/hardware_timer/timer.c.o
                0x100018f8                time_us_64
 .text.busy_wait_us
                0x1000190c       0x6c CMakeFiles/booyahbox.dir/home/bull/pico/pico-sdk/src/rp2_common/hardware_timer/timer.c.o
                0x1000190c                busy_wait_us
 .text.busy_wait_until
                0x10001978       0x20 CMakeFiles/booyahbox.dir/home/bull/pico/pico-sdk/src/rp2_common/hardware_timer/timer.c.o
                0x10001978                busy_wait_until
 .text.uart_init
                0x10001998      0x11c CMakeFiles/booyahbox.dir/home/bull/pico/pico-sdk/src/rp2_common/hardware_uart/uart.c.o
                0x10001998                uart_init
 .text.clock_configure_int_divider
                0x10001ab4       0xec CMakeFiles/booyahbox.dir/home/bull/pico/pico-sdk/src/rp2_common/hardware_clocks/clocks.c.o
                0x10001ab4                clock_configure_int_divider
 .text.clock_configure_undivided
                0x10001ba0       0xe0 CMakeFiles/booyahbox.dir/home/bull/pico/pico-sdk/src/rp2_common/hardware_clocks/clocks.c.o
                0x10001ba0                clock_configure_undivided
 .text.clock_get_hz
                0x10001c80        0xc CMakeFiles/booyahbox.dir/home/bull/pico/pico-sdk/src/rp2_common/hardware_clocks/clocks.c.o
                0x10001c80                clock_get_hz
 .text.pll_init
                0x10001c8c       0xb0 CMakeFiles/booyahbox.dir/home/bull/pico/pico-sdk/src/rp2_common/hardware_pll/pll.c.o
                0x10001c8c                pll_init
 .text.tick_start
                0x10001d3c       0x10 CMakeFiles/booyahbox.dir/home/bull/pico/pico-sdk/src/rp2_common/hardware_ticks/ticks.c.o
                0x10001d3c                tick_start
 .text.rom_func_lookup
                0x10001d4c       0x10 CMakeFiles/booyahbox.dir/home/bull/pico/pico-sdk/src/rp2_common/pico_bootrom/bootrom.c.o
                0x10001d4c                rom_func_lookup
 .text.rom_data_lookup
                0x10001d5c       0x10 CMakeFiles/booyahbox.dir/home/bull/pico/pico-sdk/src/rp2_common/pico_bootrom/bootrom.c.o
                0x10001d5c                rom_data_lookup
 .text.rom_funcs_lookup
                0x10001d6c       0x44 CMakeFiles/booyahbox.dir/home/bull/pico/pico-sdk/src/rp2_common/pico_bootrom/bootrom.c.o
                0x10001d6c                rom_funcs_lookup
 .text.rom_reset_usb_boot
                0x10001db0       0x1c CMakeFiles/booyahbox.dir/home/bull/pico/pico-sdk/src/rp2_common/pico_bootrom/bootrom.c.o
                0x10001db0                rom_reset_usb_boot
 .text.xosc_init
                0x10001dcc       0x28 CMakeFiles/booyahbox.dir/home/bull/pico/pico-sdk/src/rp2_common/hardware_xosc/xosc.c.o
                0x10001dcc                xosc_init
 .text.first_per_core_initializer
                0x10001df4        0x4 CMakeFiles/booyahbox.dir/home/bull/pico/pico-sdk/src/rp2_common/pico_runtime/runtime.c.o
 .text.hard_assertion_failure
                0x10001df8        0xc CMakeFiles/booyahbox.dir/home/bull/pico/pico-sdk/src/rp2_common/pico_runtime/runtime.c.o
                0x10001df8                hard_assertion_failure
 .text.runtime_run_initializers
                0x10001e04       0x28 CMakeFiles/booyahbox.dir/home/bull/pico/pico-sdk/src/rp2_common/pico_runtime/runtime.c.o
                0x10001e04                runtime_run_initializers
 .text.runtime_run_per_core_initializers
                0x10001e2c       0x28 CMakeFiles/booyahbox.dir/home/bull/pico/pico-sdk/src/rp2_common/pico_runtime/runtime.c.o
                0x10001e2c                runtime_run_per_core_initializers
 .text.runtime_init_early_resets
                0x10001e54       0x2c CMakeFiles/booyahbox.dir/home/bull/pico/pico-sdk/src/rp2_common/pico_runtime_init/runtime_init.c.o
                0x10001e54                runtime_init_early_resets
 .text.runtime_init_usb_power_down
                0x10001e80       0x1c CMakeFiles/booyahbox.dir/home/bull/pico/pico-sdk/src/rp2_common/pico_runtime_init/runtime_init.c.o
                0x10001e80                runtime_init_usb_power_down
 .text.runtime_init_post_clock_resets
                0x10001e9c       0x20 CMakeFiles/booyahbox.dir/home/bull/pico/pico-sdk/src/rp2_common/pico_runtime_init/runtime_init.c.o
                0x10001e9c                runtime_init_post_clock_resets
 .text.runtime_init_rp2040_gpio_ie_disable
                0x10001ebc       0x14 CMakeFiles/booyahbox.dir/home/bull/pico/pico-sdk/src/rp2_common/pico_runtime_init/runtime_init.c.o
                0x10001ebc                runtime_init_rp2040_gpio_ie_disable
 .text.runtime_init_spin_locks_reset
                0x10001ed0        0x8 CMakeFiles/booyahbox.dir/home/bull/pico/pico-sdk/src/rp2_common/pico_runtime_init/runtime_init.c.o
                0x10001ed0                runtime_init_spin_locks_reset
 .text.runtime_init_install_ram_vector_table
                0x10001ed8       0xb8 CMakeFiles/booyahbox.dir/home/bull/pico/pico-sdk/src/rp2_common/pico_runtime_init/runtime_init.c.o
                0x10001ed8                runtime_init_install_ram_vector_table
 .text.runtime_init_clocks
                0x10001f90       0xd8 CMakeFiles/booyahbox.dir/home/bull/pico/pico-sdk/src/rp2_common/pico_runtime_init/runtime_init_clocks.c.o
                0x10001f90                runtime_init_clocks
 .text          0x10002068       0x10 CMakeFiles/booyahbox.dir/home/bull/pico/pico-sdk/src/rp2_common/pico_bit_ops/bit_ops_aeabi.S.o
 .text.__wrap___aeabi_uidiv
                0x10002078       0x4c CMakeFiles/booyahbox.dir/home/bull/pico/pico-sdk/src/rp2_common/pico_divider/divider_hardware.S.o
                0x10002078                __wrap___aeabi_uidiv
                0x10002078                __wrap___aeabi_uidivmod
                0x10002078                div_u32u32
                0x10002078                divmod_u32u32
                0x10002080                divmod_u32u32_unsafe
                0x100020a8                divmod_u32u32_savestate
 .text.__aeabi_double_init
                0x100020c4       0xa4 CMakeFiles/booyahbox.dir/home/bull/pico/pico-sdk/src/rp2_common/pico_double/double_init_rom_rp2040.c.o
                0x100020c4                __aeabi_double_init
 .text.double_table_shim_on_use_helper
                0x10002168       0x2c CMakeFiles/booyahbox.dir/home/bull/pico/pico-sdk/src/rp2_common/pico_double/double_v1_rom_shim_rp2040.S.o
                0x10002168                double_table_shim_on_use_helper
 .text.__aeabi_lmul
                0x10002194       0x32 CMakeFiles/booyahbox.dir/home/bull/pico/pico-sdk/src/rp2_common/pico_int64_ops/pico_int64_ops_aeabi.S.o
                0x10002194                __wrap___aeabi_lmul
 *fill*         0x100021c6        0x2 
 .text.__aeabi_float_init
                0x100021c8       0x68 CMakeFiles/booyahbox.dir/home/bull/pico/pico-sdk/src/rp2_common/pico_float/float_init_rom_rp2040.c.o
                0x100021c8                __aeabi_float_init
 .text.float_table_shim_on_use_helper
                0x10002230       0x2c CMakeFiles/booyahbox.dir/home/bull/pico/pico-sdk/src/rp2_common/pico_float/float_v1_rom_shim_rp2040.S.o
                0x10002230                float_table_shim_on_use_helper
 .text          0x1000225c       0x10 CMakeFiles/booyahbox.dir/home/bull/pico/pico-sdk/src/rp2_common/pico_mem_ops/mem_ops_aeabi.S.o
                0x1000225c                __aeabi_mem_init
 .text.memset   0x1000226c        0xc CMakeFiles/booyahbox.dir/home/bull/pico/pico-sdk/src/rp2_common/pico_mem_ops/mem_ops_aeabi.S.o
                0x1000226c                __wrap_memset
 .text.memcpy   0x10002278        0xc CMakeFiles/booyahbox.dir/home/bull/pico/pico-sdk/src/rp2_common/pico_mem_ops/mem_ops_aeabi.S.o
                0x10002278                __wrap___aeabi_memcpy
                0x10002278                __wrap_memcpy
 .text._out_char
                0x10002284       0x10 CMakeFiles/booyahbox.dir/home/bull/pico/pico-sdk/src/rp2_common/pico_printf/printf.c.o
 .text.weak_raw_vprintf
                0x10002294       0x30 CMakeFiles/booyahbox.dir/home/bull/pico/pico-sdk/src/rp2_common/pico_printf/printf.c.o
                0x10002294                weak_raw_vprintf
 .text._exit    0x100022c4        0x4 CMakeFiles/booyahbox.dir/home/bull/pico/pico-sdk/src/rp2_common/pico_clib_interface/newlib_interface.c.o
                0x100022c4                _exit
 .text.exit     0x100022c8        0x8 CMakeFiles/booyahbox.dir/home/bull/pico/pico-sdk/src/rp2_common/pico_clib_interface/newlib_interface.c.o
                0x100022c8                exit
 .text.runtime_init
                0x100022d0       0x2c CMakeFiles/booyahbox.dir/home/bull/pico/pico-sdk/src/rp2_common/pico_clib_interface/newlib_interface.c.o
                0x100022d0                runtime_init
 .text.stdio_out_chars_no_crlf
                0x100022fc       0x10 CMakeFiles/booyahbox.dir/home/bull/pico/pico-sdk/src/rp2_common/pico_stdio/stdio.c.o
 .text.stdio_out_chars_crlf
                0x1000230c       0x90 CMakeFiles/booyahbox.dir/home/bull/pico/pico-sdk/src/rp2_common/pico_stdio/stdio.c.o
 .text.stdio_put_string
                0x1000239c       0xf4 CMakeFiles/booyahbox.dir/home/bull/pico/pico-sdk/src/rp2_common/pico_stdio/stdio.c.o
                0x1000239c                stdio_put_string
 .text.stdio_set_driver_enabled
                0x10002490       0x30 CMakeFiles/booyahbox.dir/home/bull/pico/pico-sdk/src/rp2_common/pico_stdio/stdio.c.o
                0x10002490                stdio_set_driver_enabled
 .text.stdio_init_all
                0x100024c0        0xc CMakeFiles/booyahbox.dir/home/bull/pico/pico-sdk/src/rp2_common/pico_stdio/stdio.c.o
                0x100024c0                stdio_init_all
 .text.__wrap_putchar
                0x100024cc       0x94 CMakeFiles/booyahbox.dir/home/bull/pico/pico-sdk/src/rp2_common/pico_stdio/stdio.c.o
                0x100024cc                stdio_putchar
                0x100024cc                __wrap_putchar
 .text.__wrap_puts
                0x10002560       0x3c CMakeFiles/booyahbox.dir/home/bull/pico/pico-sdk/src/rp2_common/pico_stdio/stdio.c.o
                0x10002560                __wrap_puts
                0x10002560                stdio_puts
 .text.stdio_uart_out_chars
                0x1000259c       0x4c CMakeFiles/booyahbox.dir/home/bull/pico/pico-sdk/src/rp2_common/pico_stdio_uart/stdio_uart.c.o
 .text.stdio_uart_in_chars
                0x100025e8       0x8c CMakeFiles/booyahbox.dir/home/bull/pico/pico-sdk/src/rp2_common/pico_stdio_uart/stdio_uart.c.o
                0x100025e8                stdio_uart_in_chars
 .text.on_uart_rx
                0x10002674       0x28 CMakeFiles/booyahbox.dir/home/bull/pico/pico-sdk/src/rp2_common/pico_stdio_uart/stdio_uart.c.o
 .text.stdio_uart_out_flush
                0x1000269c       0x14 CMakeFiles/booyahbox.dir/home/bull/pico/pico-sdk/src/rp2_common/pico_stdio_uart/stdio_uart.c.o
 .text.stdio_uart_set_chars_available_callback
                0x100026b0       0x84 CMakeFiles/booyahbox.dir/home/bull/pico/pico-sdk/src/rp2_common/pico_stdio_uart/stdio_uart.c.o
 .text.stdio_uart_init
                0x10002734       0x50 CMakeFiles/booyahbox.dir/home/bull/pico/pico-sdk/src/rp2_common/pico_stdio_uart/stdio_uart.c.o
                0x10002734                stdio_uart_init
 .text.stdio_uart_init_full
                0x10002784       0x3c CMakeFiles/booyahbox.dir/home/bull/pico/pico-sdk/src/rp2_common/pico_stdio_uart/stdio_uart.c.o
                0x10002784                stdio_uart_init_full
 .text.flash_get_unique_id
                0x100027c0       0x3c CMakeFiles/booyahbox.dir/home/bull/pico/pico-sdk/src/rp2_common/hardware_flash/flash.c.o
                0x100027c0                flash_get_unique_id
 .text.dcd_init
                0x100027fc       0x90 CMakeFiles/booyahbox.dir/home/bull/pico/pico-sdk/lib/tinyusb/src/portable/raspberrypi/rp2040/dcd_rp2040.c.o
                0x100027fc                dcd_init
 .text.dcd_int_enable
                0x1000288c        0xc CMakeFiles/booyahbox.dir/home/bull/pico/pico-sdk/lib/tinyusb/src/portable/raspberrypi/rp2040/dcd_rp2040.c.o
                0x1000288c                dcd_int_enable
 .text.dcd_set_address
                0x10002898       0x14 CMakeFiles/booyahbox.dir/home/bull/pico/pico-sdk/lib/tinyusb/src/portable/raspberrypi/rp2040/dcd_rp2040.c.o
                0x10002898                dcd_set_address
 .text.dcd_sof_enable
                0x100028ac       0x1c CMakeFiles/booyahbox.dir/home/bull/pico/pico-sdk/lib/tinyusb/src/portable/raspberrypi/rp2040/dcd_rp2040.c.o
                0x100028ac                dcd_sof_enable
 .text.dcd_edpt0_status_complete
                0x100028c8       0x1c CMakeFiles/booyahbox.dir/home/bull/pico/pico-sdk/lib/tinyusb/src/portable/raspberrypi/rp2040/dcd_rp2040.c.o
                0x100028c8                dcd_edpt0_status_complete
 .text.dcd_edpt_open
                0x100028e4      0x114 CMakeFiles/booyahbox.dir/home/bull/pico/pico-sdk/lib/tinyusb/src/portable/raspberrypi/rp2040/dcd_rp2040.c.o
                0x100028e4                dcd_edpt_open
 .text.dcd_edpt_close_all
                0x100029f8        0x8 CMakeFiles/booyahbox.dir/home/bull/pico/pico-sdk/lib/tinyusb/src/portable/raspberrypi/rp2040/dcd_rp2040.c.o
                0x100029f8                dcd_edpt_close_all
 .text.dcd_edpt_xfer
                0x10002a00       0x24 CMakeFiles/booyahbox.dir/home/bull/pico/pico-sdk/lib/tinyusb/src/portable/raspberrypi/rp2040/dcd_rp2040.c.o
                0x10002a00                dcd_edpt_xfer
 .text.dcd_edpt_stall
                0x10002a24       0x3c CMakeFiles/booyahbox.dir/home/bull/pico/pico-sdk/lib/tinyusb/src/portable/raspberrypi/rp2040/dcd_rp2040.c.o
                0x10002a24                dcd_edpt_stall
 .text.dcd_edpt_clear_stall
                0x10002a60       0x30 CMakeFiles/booyahbox.dir/home/bull/pico/pico-sdk/lib/tinyusb/src/portable/raspberrypi/rp2040/dcd_rp2040.c.o
                0x10002a60                dcd_edpt_clear_stall
 .text.rp2040_usb_init
                0x10002a90       0x40 CMakeFiles/booyahbox.dir/home/bull/pico/pico-sdk/lib/tinyusb/src/portable/raspberrypi/rp2040/rp2040_usb.c.o
                0x10002a90                rp2040_usb_init
 .text.hw_endpoint_xfer_start
                0x10002ad0       0x40 CMakeFiles/booyahbox.dir/home/bull/pico/pico-sdk/lib/tinyusb/src/portable/raspberrypi/rp2040/rp2040_usb.c.o
                0x10002ad0                hw_endpoint_xfer_start
 .text.tud_vendor_control_xfer_cb
                0x10002b10        0x4 CMakeFiles/booyahbox.dir/home/bull/pico/pico-sdk/lib/tinyusb/src/device/usbd.c.o
                0x10002b10                tud_vendor_control_xfer_cb
 .text.tud_event_hook_cb
                0x10002b14        0x4 CMakeFiles/booyahbox.dir/home/bull/pico/pico-sdk/lib/tinyusb/src/device/usbd.c.o
                0x10002b14                tud_event_hook_cb
 .text.tud_sof_cb
                0x10002b18        0x4 CMakeFiles/booyahbox.dir/home/bull/pico/pico-sdk/lib/tinyusb/src/device/usbd.c.o
                0x10002b18                tud_sof_cb
 .text.tud_descriptor_bos_cb
                0x10002b1c        0x4 CMakeFiles/booyahbox.dir/home/bull/pico/pico-sdk/lib/tinyusb/src/device/usbd.c.o
                0x10002b1c                tud_descriptor_bos_cb
 .text.tud_descriptor_device_qualifier_cb
                0x10002b20        0x4 CMakeFiles/booyahbox.dir/home/bull/pico/pico-sdk/lib/tinyusb/src/device/usbd.c.o
                0x10002b20                tud_descriptor_device_qualifier_cb
 .text.tud_descriptor_other_speed_configuration_cb
                0x10002b24        0x4 CMakeFiles/booyahbox.dir/home/bull/pico/pico-sdk/lib/tinyusb/src/device/usbd.c.o
                0x10002b24                tud_descriptor_other_speed_configuration_cb
 .text.tud_mount_cb
                0x10002b28        0x4 CMakeFiles/booyahbox.dir/home/bull/pico/pico-sdk/lib/tinyusb/src/device/usbd.c.o
                0x10002b28                tud_mount_cb
 .text.tud_umount_cb
                0x10002b2c        0x4 CMakeFiles/booyahbox.dir/home/bull/pico/pico-sdk/lib/tinyusb/src/device/usbd.c.o
                0x10002b2c                tud_umount_cb
 .text.tud_suspend_cb
                0x10002b30        0x4 CMakeFiles/booyahbox.dir/home/bull/pico/pico-sdk/lib/tinyusb/src/device/usbd.c.o
                0x10002b30                tud_suspend_cb
 .text.tud_resume_cb
                0x10002b34        0x4 CMakeFiles/booyahbox.dir/home/bull/pico/pico-sdk/lib/tinyusb/src/device/usbd.c.o
                0x10002b34                tud_resume_cb
 .text.tud_mounted
                0x10002b38       0x10 CMakeFiles/booyahbox.dir/home/bull/pico/pico-sdk/lib/tinyusb/src/device/usbd.c.o
                0x10002b38                tud_mounted
 .text.tud_suspended
                0x10002b48       0x10 CMakeFiles/booyahbox.dir/home/bull/pico/pico-sdk/lib/tinyusb/src/device/usbd.c.o
                0x10002b48                tud_suspended
 .text.tud_rhport_init
                0x10002b58       0xe8 CMakeFiles/booyahbox.dir/home/bull/pico/pico-sdk/lib/tinyusb/src/device/usbd.c.o
                0x10002b58                tud_rhport_init
 .text.tud_task_ext
                0x10002c40      0x7a4 CMakeFiles/booyahbox.dir/home/bull/pico/pico-sdk/lib/tinyusb/src/device/usbd.c.o
                0x10002c40                tud_task_ext
 .text.usbd_open_edpt_pair
                0x100033e4       0x98 CMakeFiles/booyahbox.dir/home/bull/pico/pico-sdk/lib/tinyusb/src/device/usbd.c.o
                0x100033e4                usbd_open_edpt_pair
 .text.usbd_edpt_claim
                0x1000347c       0x28 CMakeFiles/booyahbox.dir/home/bull/pico/pico-sdk/lib/tinyusb/src/device/usbd.c.o
                0x1000347c                usbd_edpt_claim
 .text.usbd_edpt_xfer
                0x100034a4       0x50 CMakeFiles/booyahbox.dir/home/bull/pico/pico-sdk/lib/tinyusb/src/device/usbd.c.o
                0x100034a4                usbd_edpt_xfer
 .text.usbd_edpt_busy
                0x100034f4       0x1c CMakeFiles/booyahbox.dir/home/bull/pico/pico-sdk/lib/tinyusb/src/device/usbd.c.o
                0x100034f4                usbd_edpt_busy
 .text.tud_control_status
                0x10003510       0x2c CMakeFiles/booyahbox.dir/home/bull/pico/pico-sdk/lib/tinyusb/src/device/usbd_control.c.o
                0x10003510                tud_control_status
 .text.tud_control_xfer
                0x1000353c       0xa0 CMakeFiles/booyahbox.dir/home/bull/pico/pico-sdk/lib/tinyusb/src/device/usbd_control.c.o
                0x1000353c                tud_control_xfer
 .text.usbd_control_reset
                0x100035dc       0x14 CMakeFiles/booyahbox.dir/home/bull/pico/pico-sdk/lib/tinyusb/src/device/usbd_control.c.o
                0x100035dc                usbd_control_reset
 .text.usbd_control_set_complete_callback
                0x100035f0        0xc CMakeFiles/booyahbox.dir/home/bull/pico/pico-sdk/lib/tinyusb/src/device/usbd_control.c.o
                0x100035f0                usbd_control_set_complete_callback
 .text.usbd_control_set_request
                0x100035fc       0x1c CMakeFiles/booyahbox.dir/home/bull/pico/pico-sdk/lib/tinyusb/src/device/usbd_control.c.o
                0x100035fc                usbd_control_set_request
 .text.usbd_control_xfer_cb
                0x10003618       0xe8 CMakeFiles/booyahbox.dir/home/bull/pico/pico-sdk/lib/tinyusb/src/device/usbd_control.c.o
                0x10003618                usbd_control_xfer_cb
 .text.tud_hid_set_protocol_cb
                0x10003700        0x4 CMakeFiles/booyahbox.dir/home/bull/pico/pico-sdk/lib/tinyusb/src/class/hid/hid_device.c.o
                0x10003700                tud_hid_set_protocol_cb
 .text.tud_hid_set_idle_cb
                0x10003704        0x4 CMakeFiles/booyahbox.dir/home/bull/pico/pico-sdk/lib/tinyusb/src/class/hid/hid_device.c.o
                0x10003704                tud_hid_set_idle_cb
 .text.tud_hid_report_complete_cb
                0x10003708        0x4 CMakeFiles/booyahbox.dir/home/bull/pico/pico-sdk/lib/tinyusb/src/class/hid/hid_device.c.o
                0x10003708                tud_hid_report_complete_cb
 .text.tud_hid_report_failed_cb
                0x1000370c        0x4 CMakeFiles/booyahbox.dir/home/bull/pico/pico-sdk/lib/tinyusb/src/class/hid/hid_device.c.o
                0x1000370c                tud_hid_report_failed_cb
 .text.tud_hid_n_ready
                0x10003710       0x38 CMakeFiles/booyahbox.dir/home/bull/pico/pico-sdk/lib/tinyusb/src/class/hid/hid_device.c.o
                0x10003710                tud_hid_n_ready
 .text.tud_hid_n_report
                0x10003748       0x6c CMakeFiles/booyahbox.dir/home/bull/pico/pico-sdk/lib/tinyusb/src/class/hid/hid_device.c.o
                0x10003748                tud_hid_n_report
 .text.hidd_init
                0x100037b4       0x14 CMakeFiles/booyahbox.dir/home/bull/pico/pico-sdk/lib/tinyusb/src/class/hid/hid_device.c.o
                0x100037b4                hidd_init
 .text.hidd_deinit
                0x100037c8        0x4 CMakeFiles/booyahbox.dir/home/bull/pico/pico-sdk/lib/tinyusb/src/class/hid/hid_device.c.o
                0x100037c8                hidd_deinit
 .text.hidd_reset
                0x100037cc       0x14 CMakeFiles/booyahbox.dir/home/bull/pico/pico-sdk/lib/tinyusb/src/class/hid/hid_device.c.o
                0x100037cc                hidd_reset
 .text.hidd_open
                0x100037e0       0x8c CMakeFiles/booyahbox.dir/home/bull/pico/pico-sdk/lib/tinyusb/src/class/hid/hid_device.c.o
                0x100037e0                hidd_open
 .text.hidd_control_xfer_cb
                0x1000386c      0x1a8 CMakeFiles/booyahbox.dir/home/bull/pico/pico-sdk/lib/tinyusb/src/class/hid/hid_device.c.o
                0x1000386c                hidd_control_xfer_cb
 .text.hidd_xfer_cb
                0x10003a14       0x88 CMakeFiles/booyahbox.dir/home/bull/pico/pico-sdk/lib/tinyusb/src/class/hid/hid_device.c.o
                0x10003a14                hidd_xfer_cb
 .text.tusb_rhport_init
                0x10003a9c       0x4c CMakeFiles/booyahbox.dir/home/bull/pico/pico-sdk/lib/tinyusb/src/tusb.c.o
                0x10003a9c                tusb_rhport_init
 .text.tu_edpt_claim
                0x10003ae8       0x50 CMakeFiles/booyahbox.dir/home/bull/pico/pico-sdk/lib/tinyusb/src/tusb.c.o
                0x10003ae8                tu_edpt_claim
 .text.tu_edpt_validate
                0x10003b38       0x74 CMakeFiles/booyahbox.dir/home/bull/pico/pico-sdk/lib/tinyusb/src/tusb.c.o
                0x10003b38                tu_edpt_validate
 .text.tu_edpt_bind_driver
                0x10003bac       0x34 CMakeFiles/booyahbox.dir/home/bull/pico/pico-sdk/lib/tinyusb/src/tusb.c.o
                0x10003bac                tu_edpt_bind_driver
 .text.tu_fifo_read
                0x10003be0       0x9c CMakeFiles/booyahbox.dir/home/bull/pico/pico-sdk/lib/tinyusb/src/common/tusb_fifo.c.o
                0x10003be0                tu_fifo_read
 .text.tu_fifo_write
                0x10003c7c       0xa4 CMakeFiles/booyahbox.dir/home/bull/pico/pico-sdk/lib/tinyusb/src/common/tusb_fifo.c.o
                0x10003c7c                tu_fifo_write
 .text.tu_fifo_clear
                0x10003d20       0x40 CMakeFiles/booyahbox.dir/home/bull/pico/pico-sdk/lib/tinyusb/src/common/tusb_fifo.c.o
                0x10003d20                tu_fifo_clear
 .text.board_init
                0x10003d60       0x30 CMakeFiles/booyahbox.dir/home/bull/pico/pico-sdk/lib/tinyusb/hw/bsp/rp2040/family.c.o
                0x10003d60                board_init
 .text.startup._retrieve_unique_id_on_boot
                0x10003d90       0x10 CMakeFiles/booyahbox.dir/home/bull/pico/pico-sdk/src/rp2_common/pico_unique_id/unique_id.c.o
 .text.core1_trampoline
                0x10003da0        0x4 CMakeFiles/booyahbox.dir/home/bull/pico/pico-sdk/src/rp2_common/pico_multicore/multicore.c.o
 .text.core1_wrapper
                0x10003da4        0xc CMakeFiles/booyahbox.dir/home/bull/pico/pico-sdk/src/rp2_common/pico_multicore/multicore.c.o
                0x10003da4                core1_wrapper
 .text.multicore_launch_core1_raw
                0x10003db0       0x88 CMakeFiles/booyahbox.dir/home/bull/pico/pico-sdk/src/rp2_common/pico_multicore/multicore.c.o
                0x10003db0                multicore_launch_core1_raw
 .text.multicore_launch_core1
                0x10003e38       0x5c CMakeFiles/booyahbox.dir/home/bull/pico/pico-sdk/src/rp2_common/pico_multicore/multicore.c.o
                0x10003e38                multicore_launch_core1
 .text.atexit   0x10003e94       0x10 /usr/lib/gcc/arm-none-eabi/15.1.0/../../../../arm-none-eabi/lib/thumb/v6-m/nofp/libg.a(libc_a-atexit.o)
                0x10003e94                atexit
 .text.__libc_fini_array
                0x10003ea4       0x28 /usr/lib/gcc/arm-none-eabi/15.1.0/../../../../arm-none-eabi/lib/thumb/v6-m/nofp/libg.a(libc_a-fini.o)
                0x10003ea4                __libc_fini_array
 .text.__retarget_lock_acquire_recursive
                0x10003ecc        0x4 /usr/lib/gcc/arm-none-eabi/15.1.0/../../../../arm-none-eabi/lib/thumb/v6-m/nofp/libg.a(libc_a-lock.o)
                0x10003ecc                __retarget_lock_acquire_recursive
 .text.__retarget_lock_release_recursive
                0x10003ed0        0x4 /usr/lib/gcc/arm-none-eabi/15.1.0/../../../../arm-none-eabi/lib/thumb/v6-m/nofp/libg.a(libc_a-lock.o)
                0x10003ed0                __retarget_lock_release_recursive
 .text          0x10003ed4       0x88 /usr/lib/gcc/arm-none-eabi/15.1.0/../../../../arm-none-eabi/lib/thumb/v6-m/nofp/libg.a(libc_a-strcmp.o)
                0x10003ed4                strcmp
 .text.strlen   0x10003f5c       0x5c /usr/lib/gcc/arm-none-eabi/15.1.0/../../../../arm-none-eabi/lib/thumb/v6-m/nofp/libg.a(libc_a-strlen-stub.o)
                0x10003f5c                strlen
 .text.__register_exitproc
                0x10003fb8       0xa8 /usr/lib/gcc/arm-none-eabi/15.1.0/../../../../arm-none-eabi/lib/thumb/v6-m/nofp/libg.a(libc_a-__atexit.o)
                0x10003fb8                __register_exitproc
 .text.startup.register_fini
                0x10004060       0x18 /usr/lib/gcc/arm-none-eabi/15.1.0/../../../../arm-none-eabi/lib/thumb/v6-m/nofp/libg.a(libc_a-__call_atexit.o)
 *(.fini)
 .fini          0x10004078        0x4 /usr/lib/gcc/arm-none-eabi/15.1.0/thumb/v6-m/nofp/crti.o
                0x10004078                _fini
 *fill*         0x1000407c        0x4 
 .fini.__stub   0x10004080       0xa0 linker stubs
 *crtbegin.o(.ctors)
 *crtbegin?.o(.ctors)
 *(EXCLUDE_FILE(*crtend.o *crtend?.o) .ctors)
 *(SORT_BY_NAME(.ctors.*))
 *(.ctors)
 *crtbegin.o(.dtors)
 *crtbegin?.o(.dtors)
 *(EXCLUDE_FILE(*crtend.o *crtend?.o) .dtors)
 *(SORT_BY_NAME(.dtors.*))
 *(.dtors)
                0x10004120                        . = ALIGN (0x4)
                0x10004120                        PROVIDE (__preinit_array_start = .)
 *(SORT_BY_NAME(.preinit_array.*))
 .preinit_array.00100
                0x10004120        0x4 CMakeFiles/booyahbox.dir/home/bull/pico/pico-sdk/src/rp2_common/pico_runtime_init/runtime_init.c.o
                0x10004120                __pre_init_runtime_init_early_resets
 .preinit_array.00101
                0x10004124        0x4 CMakeFiles/booyahbox.dir/home/bull/pico/pico-sdk/src/rp2_common/pico_runtime_init/runtime_init.c.o
                0x10004124                __pre_init_runtime_init_usb_power_down
 .preinit_array.00275
                0x10004128        0x4 CMakeFiles/booyahbox.dir/home/bull/pico/pico-sdk/src/rp2_common/pico_bit_ops/bit_ops_aeabi.S.o
 .preinit_array.00300
                0x1000412c        0x4 CMakeFiles/booyahbox.dir/home/bull/pico/pico-sdk/src/rp2_common/pico_mem_ops/mem_ops_aeabi.S.o
 .preinit_array.00350
                0x10004130        0x4 CMakeFiles/booyahbox.dir/home/bull/pico/pico-sdk/src/rp2_common/pico_double/double_aeabi_rp2040.S.o
 .preinit_array.00350
                0x10004134        0x4 CMakeFiles/booyahbox.dir/home/bull/pico/pico-sdk/src/rp2_common/pico_float/float_aeabi_rp2040.S.o
 .preinit_array.00500
                0x10004138        0x4 CMakeFiles/booyahbox.dir/home/bull/pico/pico-sdk/src/rp2_common/pico_runtime_init/runtime_init.c.o
                0x10004138                __pre_init_runtime_init_clocks
 .preinit_array.00600
                0x1000413c        0x4 CMakeFiles/booyahbox.dir/home/bull/pico/pico-sdk/src/rp2_common/pico_runtime_init/runtime_init.c.o
                0x1000413c                __pre_init_runtime_init_post_clock_resets
 .preinit_array.00700
                0x10004140        0x4 CMakeFiles/booyahbox.dir/home/bull/pico/pico-sdk/src/rp2_common/pico_runtime_init/runtime_init.c.o
                0x10004140                __pre_init_runtime_init_rp2040_gpio_ie_disable
 .preinit_array.01000
                0x10004144        0x4 CMakeFiles/booyahbox.dir/home/bull/pico/pico-sdk/src/rp2_common/pico_runtime_init/runtime_init.c.o
                0x10004144                __pre_init_runtime_init_spin_locks_reset
 .preinit_array.01100
                0x10004148        0x4 CMakeFiles/booyahbox.dir/home/bull/pico/pico-sdk/src/common/pico_sync/mutex.c.o
                0x10004148                __pre_init_runtime_init_mutex
 .preinit_array.10080
                0x1000414c        0x4 CMakeFiles/booyahbox.dir/home/bull/pico/pico-sdk/src/rp2_common/pico_runtime_init/runtime_init.c.o
                0x1000414c                __pre_init_runtime_init_install_ram_vector_table
 .preinit_array.11000
                0x10004150        0x4 CMakeFiles/booyahbox.dir/home/bull/pico/pico-sdk/src/common/pico_time/time.c.o
                0x10004150                __pre_init_runtime_init_default_alarm_pool
 .preinit_array.YYYYY
                0x10004154        0x4 CMakeFiles/booyahbox.dir/home/bull/pico/pico-sdk/src/rp2_common/pico_runtime/runtime.c.o
                0x10004154                __pre_init_first_per_core_initializer
 .preinit_array.ZZZZZ.01200
                0x10004158        0x4 CMakeFiles/booyahbox.dir/home/bull/pico/pico-sdk/src/rp2_common/hardware_irq/irq.c.o
                0x10004158                __pre_init_runtime_init_per_core_irq_priorities
 *(.preinit_array)
                0x1000415c                        PROVIDE (__preinit_array_end = .)
                0x1000415c                        . = ALIGN (0x4)
                0x1000415c                        PROVIDE (__init_array_start = .)
 *(SORT_BY_NAME(.init_array.*))
 .init_array.00000
                0x1000415c        0x4 /usr/lib/gcc/arm-none-eabi/15.1.0/../../../../arm-none-eabi/lib/thumb/v6-m/nofp/libg.a(libc_a-__call_atexit.o)
 .init_array.01000
                0x10004160        0x4 CMakeFiles/booyahbox.dir/home/bull/pico/pico-sdk/src/rp2_common/pico_unique_id/unique_id.c.o
 *(.init_array)
 .init_array    0x10004164        0x4 /usr/lib/gcc/arm-none-eabi/15.1.0/thumb/v6-m/nofp/crtbegin.o
 .init_array    0x10004168        0x4 CMakeFiles/booyahbox.dir/src/socd.cpp.o
                0x1000416c                        PROVIDE (__init_array_end = .)
                0x1000416c                        . = ALIGN (0x4)
                0x1000416c                        PROVIDE (__fini_array_start = .)
 *(SORT_BY_NAME(.fini_array.*))
 *(.fini_array)
                0x1000416c                        PROVIDE (__fini_array_end = .)
 *(.eh_frame*)
 .eh_frame      0x1000416c        0x0 /usr/lib/gcc/arm-none-eabi/15.1.0/thumb/v6-m/nofp/crtbegin.o
                0x1000416c                        . = ALIGN (0x4)

.glue_7         0x1000416c        0x0
 .glue_7        0x1000416c        0x0 linker stubs

.glue_7t        0x1000416c        0x0
 .glue_7t       0x1000416c        0x0 linker stubs

.vfp11_veneer   0x1000416c        0x0
 .vfp11_veneer  0x1000416c        0x0 linker stubs

.v4_bx          0x1000416c        0x0
 .v4_bx         0x1000416c        0x0 linker stubs

.iplt           0x1000416c        0x0
 .iplt          0x1000416c        0x0 /usr/lib/gcc/arm-none-eabi/15.1.0/thumb/v6-m/nofp/crtbegin.o

.rodata         0x1000416c      0x444
 *(EXCLUDE_FILE(*libm.a: *libc.a:*lib_a-mem*.o *libgcc.a:) .rodata*)
 .rodata.str1.4
                0x1000416c      0x1d0 CMakeFiles/booyahbox.dir/src/config.cpp.o
                                 0x78 (size before relaxing)
 .rodata._Z16apply_config_btnv.str1.4
                0x1000433c       0x15 CMakeFiles/booyahbox.dir/src/button_config.cpp.o
 .rodata._Z10setup_pinsv.str1.4
                0x1000433c        0x4 CMakeFiles/booyahbox.dir/src/button_config.cpp.o
 .rodata.str1.4
                0x1000433c       0x50 CMakeFiles/booyahbox.dir/src/button_config.cpp.o
 .rodata._ZL11hid_mapping
                0x1000433c       0x80 CMakeFiles/booyahbox.dir/src/button_config.cpp.o
 .rodata._Z20only_buttons_pressedPKcS0_.str1.4
                0x100043bc        0x4 CMakeFiles/booyahbox.dir/src/hotkey.cpp.o
 .rodata.str1.4
                0x100043bc       0x33 CMakeFiles/booyahbox.dir/src/hotkey.cpp.o
 .rodata.._anon_87
                0x100043bc        0x2 CMakeFiles/booyahbox.dir/src/usb_descriptors.cpp.o
 *fill*         0x100043be        0x2 
 .rodata._ZL18desc_configuration
                0x100043c0       0x22 CMakeFiles/booyahbox.dir/src/usb_descriptors.cpp.o
 .rodata.str1.4
                0x100043e2       0x20 CMakeFiles/booyahbox.dir/src/usb_descriptors.cpp.o
 *fill*         0x100043e2        0x2 
 .rodata._ZL11string_desc
                0x100043e4       0x10 CMakeFiles/booyahbox.dir/src/usb_descriptors.cpp.o
 .rodata._ZL15hid_report_desc
                0x100043f4       0x27 CMakeFiles/booyahbox.dir/src/usb_descriptors.cpp.o
 *fill*         0x1000441b        0x1 
 .rodata._ZL11desc_device
                0x1000441c       0x12 CMakeFiles/booyahbox.dir/src/usb_descriptors.cpp.o
 .rodata.panic.str1.4
                0x1000442e       0x12 CMakeFiles/booyahbox.dir/home/bull/pico/pico-sdk/src/rp2_common/pico_platform_panic/panic.c.o
 .rodata.spin_lock_claim_unused.str1.4
                0x1000442e       0x1b CMakeFiles/booyahbox.dir/home/bull/pico/pico-sdk/src/rp2_common/hardware_sync/sync.c.o
 .rodata.timer_hardware_alarm_claim.str1.4
                0x1000442e       0x22 CMakeFiles/booyahbox.dir/home/bull/pico/pico-sdk/src/rp2_common/hardware_timer/timer.c.o
 .rodata.hard_assertion_failure.str1.4
                0x1000442e        0xc CMakeFiles/booyahbox.dir/home/bull/pico/pico-sdk/src/rp2_common/pico_runtime/runtime.c.o
 .rodata.str1.4
                0x1000442e       0x40 CMakeFiles/booyahbox.dir/home/bull/pico/pico-sdk/src/rp2_common/pico_standard_binary_info/standard_binary_info.c.o
 *fill*         0x1000442e        0x2 
 .rodata.__bi_84
                0x10004430        0xc CMakeFiles/booyahbox.dir/home/bull/pico/pico-sdk/src/rp2_common/pico_standard_binary_info/standard_binary_info.c.o
 .rodata.__bi_78
                0x1000443c        0xc CMakeFiles/booyahbox.dir/home/bull/pico/pico-sdk/src/rp2_common/pico_standard_binary_info/standard_binary_info.c.o
 .rodata.__bi_54
                0x10004448        0xc CMakeFiles/booyahbox.dir/home/bull/pico/pico-sdk/src/rp2_common/pico_standard_binary_info/standard_binary_info.c.o
 .rodata.__bi_48
                0x10004454        0xc CMakeFiles/booyahbox.dir/home/bull/pico/pico-sdk/src/rp2_common/pico_standard_binary_info/standard_binary_info.c.o
 .rodata.__bi_42
                0x10004460        0xc CMakeFiles/booyahbox.dir/home/bull/pico/pico-sdk/src/rp2_common/pico_standard_binary_info/standard_binary_info.c.o
 .rodata.__bi_34
                0x1000446c        0xc CMakeFiles/booyahbox.dir/home/bull/pico/pico-sdk/src/rp2_common/pico_standard_binary_info/standard_binary_info.c.o
 .rodata.__bi_26
                0x10004478        0xc CMakeFiles/booyahbox.dir/home/bull/pico/pico-sdk/src/rp2_common/pico_standard_binary_info/standard_binary_info.c.o
 .rodata.crlf_str.0
                0x10004484        0x2 CMakeFiles/booyahbox.dir/home/bull/pico/pico-sdk/src/rp2_common/pico_stdio/stdio.c.o
 .rodata.str1.4
                0x10004486       0x2c CMakeFiles/booyahbox.dir/home/bull/pico/pico-sdk/src/rp2_common/pico_stdio_uart/stdio_uart.c.o
 *fill*         0x10004486        0x2 
 .rodata.__bi_45.4
                0x10004488        0xc CMakeFiles/booyahbox.dir/home/bull/pico/pico-sdk/src/rp2_common/pico_stdio_uart/stdio_uart.c.o
 .rodata.__bi_49.5
                0x10004494        0x8 CMakeFiles/booyahbox.dir/home/bull/pico/pico-sdk/src/rp2_common/pico_stdio_uart/stdio_uart.c.o
 .rodata.__bi_50.6
                0x1000449c        0x8 CMakeFiles/booyahbox.dir/home/bull/pico/pico-sdk/src/rp2_common/pico_stdio_uart/stdio_uart.c.o
 .rodata.str1.4
                0x100044a4       0x14 CMakeFiles/booyahbox.dir/home/bull/pico/pico-sdk/lib/tinyusb/src/portable/raspberrypi/rp2040/dcd_rp2040.c.o
 .rodata.str1.4
                0x100044a4       0x48 CMakeFiles/booyahbox.dir/home/bull/pico/pico-sdk/lib/tinyusb/src/portable/raspberrypi/rp2040/rp2040_usb.c.o
 .rodata.tud_task_ext
                0x100044a4       0x8c CMakeFiles/booyahbox.dir/home/bull/pico/pico-sdk/lib/tinyusb/src/device/usbd.c.o
 .rodata        0x10004530       0x1c CMakeFiles/booyahbox.dir/home/bull/pico/pico-sdk/lib/tinyusb/src/device/usbd.c.o
 .rodata._usbd_driver
                0x1000454c       0x20 CMakeFiles/booyahbox.dir/home/bull/pico/pico-sdk/lib/tinyusb/src/device/usbd.c.o
 .rodata.hidd_control_xfer_cb
                0x1000456c       0x30 CMakeFiles/booyahbox.dir/home/bull/pico/pico-sdk/lib/tinyusb/src/class/hid/hid_device.c.o
 .rodata.str1.4
                0x1000459c        0x4 CMakeFiles/booyahbox.dir/home/bull/pico/pico-sdk/lib/tinyusb/hw/bsp/rp2040/family.c.o
 .rodata.__bi_153.0
                0x1000459c        0xc CMakeFiles/booyahbox.dir/home/bull/pico/pico-sdk/lib/tinyusb/hw/bsp/rp2040/family.c.o
 .rodata.__bi_163.1
                0x100045a8        0x8 CMakeFiles/booyahbox.dir/home/bull/pico/pico-sdk/lib/tinyusb/hw/bsp/rp2040/family.c.o
                0x100045b0                        . = ALIGN (0x4)
 *(SORT_BY_ALIGNMENT(SORT_BY_NAME(.flashdata*)))
                0x100045b0                        . = ALIGN (0x4)

.ARM.extab
 *(.ARM.extab* .gnu.linkonce.armextab.*)
                0x100045b0                        __exidx_start = .

.ARM.exidx
 *(.ARM.exidx* .gnu.linkonce.armexidx.*)
                0x100045b0                        __exidx_end = .
                0x100045b0                        . = ALIGN (0x4)
                0x100045b0                        __binary_info_start = .

.binary_info    0x100045b0       0x30
 *(.binary_info.keep.*)
 .binary_info.keep.__bi_ptr84
                0x100045b0        0x4 CMakeFiles/booyahbox.dir/home/bull/pico/pico-sdk/src/rp2_common/pico_standard_binary_info/standard_binary_info.c.o
 .binary_info.keep.__bi_ptr78
                0x100045b4        0x4 CMakeFiles/booyahbox.dir/home/bull/pico/pico-sdk/src/rp2_common/pico_standard_binary_info/standard_binary_info.c.o
 .binary_info.keep.__bi_ptr54
                0x100045b8        0x4 CMakeFiles/booyahbox.dir/home/bull/pico/pico-sdk/src/rp2_common/pico_standard_binary_info/standard_binary_info.c.o
 .binary_info.keep.__bi_ptr48
                0x100045bc        0x4 CMakeFiles/booyahbox.dir/home/bull/pico/pico-sdk/src/rp2_common/pico_standard_binary_info/standard_binary_info.c.o
 .binary_info.keep.__bi_ptr42
                0x100045c0        0x4 CMakeFiles/booyahbox.dir/home/bull/pico/pico-sdk/src/rp2_common/pico_standard_binary_info/standard_binary_info.c.o
 .binary_info.keep.__bi_ptr34
                0x100045c4        0x4 CMakeFiles/booyahbox.dir/home/bull/pico/pico-sdk/src/rp2_common/pico_standard_binary_info/standard_binary_info.c.o
 .binary_info.keep.__bi_ptr26
                0x100045c8        0x4 CMakeFiles/booyahbox.dir/home/bull/pico/pico-sdk/src/rp2_common/pico_standard_binary_info/standard_binary_info.c.o
 .binary_info.keep.__bi_ptr163
                0x100045cc        0x4 CMakeFiles/booyahbox.dir/home/bull/pico/pico-sdk/lib/tinyusb/hw/bsp/rp2040/family.c.o
 .binary_info.keep.__bi_ptr153
                0x100045d0        0x4 CMakeFiles/booyahbox.dir/home/bull/pico/pico-sdk/lib/tinyusb/hw/bsp/rp2040/family.c.o
 *(.binary_info.*)
 .binary_info.__bi_ptr50
                0x100045d4        0x4 CMakeFiles/booyahbox.dir/home/bull/pico/pico-sdk/src/rp2_common/pico_stdio_uart/stdio_uart.c.o
 .binary_info.__bi_ptr49
                0x100045d8        0x4 CMakeFiles/booyahbox.dir/home/bull/pico/pico-sdk/src/rp2_common/pico_stdio_uart/stdio_uart.c.o
 .binary_info.__bi_ptr45
                0x100045dc        0x4 CMakeFiles/booyahbox.dir/home/bull/pico/pico-sdk/src/rp2_common/pico_stdio_uart/stdio_uart.c.o
                0x100045e0                        __binary_info_end = .
                0x100045e0                        . = ALIGN (0x4)

.ram_vector_table
                0x20000000       0xc0
 *(.ram_vector_table)
 .ram_vector_table
                0x20000000       0xc0 CMakeFiles/booyahbox.dir/home/bull/pico/pico-sdk/src/rp2_common/pico_runtime_init/runtime_init.c.o
                0x20000000                ram_vector_table

.uninitialized_data
                0x200000c0        0x0
                0x200000c0                        . = ALIGN (0x4)
 *(.uninitialized_data*)

.data           0x200000c0     0x111c load address 0x100045e0
                0x200000c0                        __data_start__ = .
 *(vtable)
 *(.time_critical*)
 .time_critical.mutex_try_enter_block_until
                0x200000c0       0x98 CMakeFiles/booyahbox.dir/home/bull/pico/pico-sdk/src/common/pico_sync/mutex.c.o
                0x200000c0                mutex_try_enter_block_until
 .time_critical.mutex_enter_timeout_ms
                0x20000158       0x8c CMakeFiles/booyahbox.dir/home/bull/pico/pico-sdk/src/common/pico_sync/mutex.c.o
                0x20000158                mutex_enter_timeout_ms
 .time_critical.mutex_exit
                0x200001e4       0x28 CMakeFiles/booyahbox.dir/home/bull/pico/pico-sdk/src/common/pico_sync/mutex.c.o
                0x200001e4                mutex_exit
 .time_critical.flash_init_boot2_copyout
                0x2000020c       0x30 CMakeFiles/booyahbox.dir/home/bull/pico/pico-sdk/src/rp2_common/hardware_flash/flash.c.o
 .time_critical.flash_enable_xip_via_boot2
                0x2000023c        0xc CMakeFiles/booyahbox.dir/home/bull/pico/pico-sdk/src/rp2_common/hardware_flash/flash.c.o
 .time_critical.flash_save_hardware_state
                0x20000248       0x20 CMakeFiles/booyahbox.dir/home/bull/pico/pico-sdk/src/rp2_common/hardware_flash/flash.c.o
 .time_critical.flash_restore_hardware_state
                0x20000268       0x20 CMakeFiles/booyahbox.dir/home/bull/pico/pico-sdk/src/rp2_common/hardware_flash/flash.c.o
 .time_critical.flash_cs_force
                0x20000288       0x38 CMakeFiles/booyahbox.dir/home/bull/pico/pico-sdk/src/rp2_common/hardware_flash/flash.c.o
 .time_critical.flash_do_cmd
                0x200002c0      0x124 CMakeFiles/booyahbox.dir/home/bull/pico/pico-sdk/src/rp2_common/hardware_flash/flash.c.o
                0x200002c0                flash_do_cmd
 .time_critical.reset_non_control_endpoints
                0x200003e4       0x68 CMakeFiles/booyahbox.dir/home/bull/pico/pico-sdk/lib/tinyusb/src/portable/raspberrypi/rp2040/dcd_rp2040.c.o
 .time_critical.hw_handle_buff_status
                0x2000044c       0x88 CMakeFiles/booyahbox.dir/home/bull/pico/pico-sdk/lib/tinyusb/src/portable/raspberrypi/rp2040/dcd_rp2040.c.o
 .time_critical.dcd_rp2040_irq
                0x200004d4      0x53c CMakeFiles/booyahbox.dir/home/bull/pico/pico-sdk/lib/tinyusb/src/portable/raspberrypi/rp2040/dcd_rp2040.c.o
 .time_critical.prepare_ep_buffer
                0x20000a10       0xc4 CMakeFiles/booyahbox.dir/home/bull/pico/pico-sdk/lib/tinyusb/src/portable/raspberrypi/rp2040/rp2040_usb.c.o
 .time_critical.sync_ep_buffer
                0x20000ad4       0xa0 CMakeFiles/booyahbox.dir/home/bull/pico/pico-sdk/lib/tinyusb/src/portable/raspberrypi/rp2040/rp2040_usb.c.o
 .time_critical._hw_endpoint_xfer_sync
                0x20000b74       0x28 CMakeFiles/booyahbox.dir/home/bull/pico/pico-sdk/lib/tinyusb/src/portable/raspberrypi/rp2040/rp2040_usb.c.o
 .time_critical.e15_is_bulkin_ep
                0x20000b9c       0x28 CMakeFiles/booyahbox.dir/home/bull/pico/pico-sdk/lib/tinyusb/src/portable/raspberrypi/rp2040/rp2040_usb.c.o
 .time_critical.e15_is_critical_frame_period
                0x20000bc4       0x30 CMakeFiles/booyahbox.dir/home/bull/pico/pico-sdk/lib/tinyusb/src/portable/raspberrypi/rp2040/rp2040_usb.c.o
 .time_critical.hw_endpoint_reset_transfer
                0x20000bf4        0xc CMakeFiles/booyahbox.dir/home/bull/pico/pico-sdk/lib/tinyusb/src/portable/raspberrypi/rp2040/rp2040_usb.c.o
                0x20000bf4                hw_endpoint_reset_transfer
 .time_critical._hw_endpoint_buffer_control_update32
                0x20000c00       0x50 CMakeFiles/booyahbox.dir/home/bull/pico/pico-sdk/lib/tinyusb/src/portable/raspberrypi/rp2040/rp2040_usb.c.o
                0x20000c00                _hw_endpoint_buffer_control_update32
 .time_critical.hw_endpoint_start_next_buffer
                0x20000c50       0x68 CMakeFiles/booyahbox.dir/home/bull/pico/pico-sdk/lib/tinyusb/src/portable/raspberrypi/rp2040/rp2040_usb.c.o
                0x20000c50                hw_endpoint_start_next_buffer
 .time_critical.hw_endpoint_xfer_continue
                0x20000cb8       0x40 CMakeFiles/booyahbox.dir/home/bull/pico/pico-sdk/lib/tinyusb/src/portable/raspberrypi/rp2040/rp2040_usb.c.o
                0x20000cb8                hw_endpoint_xfer_continue
 .time_critical.tinyusb
                0x20000cf8      0x1d4 CMakeFiles/booyahbox.dir/home/bull/pico/pico-sdk/lib/tinyusb/src/device/usbd.c.o
                0x20000cf8                dcd_event_handler
 *(.text*)
 .text          0x20000ecc        0x4 /usr/lib/gcc/arm-none-eabi/15.1.0/thumb/v6-m/nofp/libgcc.a(_dvmd_tls.o)
                0x20000ecc                __aeabi_ldiv0
                0x20000ecc                __aeabi_idiv0
 .text.__stub   0x20000ed0       0x80 linker stubs
                0x20000f50                        . = ALIGN (0x4)
 *(.rodata*)
                0x20000f50                        . = ALIGN (0x4)
 *(.data*)
 .data._ZZ4mainE13first_input_y
                0x20000f50        0x1 CMakeFiles/booyahbox.dir/src/main.cpp.o
 .data._ZZ4mainE13first_input_x
                0x20000f51        0x1 CMakeFiles/booyahbox.dir/src/main.cpp.o
 *fill*         0x20000f52        0x2 
 .data.PROFILE  0x20000f54       0xe8 CMakeFiles/booyahbox.dir/src/config.cpp.o
                0x20000f54                PROFILE
 *fill*         0x2000103c        0x4 
 .data.hotkeys  0x20001040       0xc0 CMakeFiles/booyahbox.dir/src/hotkey.cpp.o
                0x20001040                hotkeys
 .data.striped_spin_lock_num
                0x20001100        0x1 CMakeFiles/booyahbox.dir/home/bull/pico/pico-sdk/src/rp2_common/hardware_sync/sync.c.o
 *fill*         0x20001101        0x3 
 .data          0x20001104       0x48 CMakeFiles/booyahbox.dir/home/bull/pico/pico-sdk/src/rp2_common/hardware_irq/irq_handler_chain.S.o
                0x20001104                irq_handler_chain_slots
                0x20001134                irq_handler_chain_first_slot
                0x2000113e                irq_handler_chain_remove_tail
 .data.default_alarm_pool
                0x2000114c       0x18 CMakeFiles/booyahbox.dir/home/bull/pico/pico-sdk/src/common/pico_time/time.c.o
 *fill*         0x20001164        0xc 
 .data.aeabi_bits_funcs
                0x20001170       0x10 CMakeFiles/booyahbox.dir/home/bull/pico/pico-sdk/src/rp2_common/pico_bit_ops/bit_ops_aeabi.S.o
                0x20001170                aeabi_bits_funcs
                0x20001180                aeabi_bits_funcs_end
 .data.aeabi_mem_funcs
                0x20001180       0x10 CMakeFiles/booyahbox.dir/home/bull/pico/pico-sdk/src/rp2_common/pico_mem_ops/mem_ops_aeabi.S.o
                0x20001180                aeabi_mem_funcs
                0x20001190                aeabi_mem_funcs_end
 .data.stdio_uart
                0x20001190       0x18 CMakeFiles/booyahbox.dir/home/bull/pico/pico-sdk/src/rp2_common/pico_stdio_uart/stdio_uart.c.o
                0x20001190                stdio_uart
 .data._usbd_qdef
                0x200011a8       0x1c CMakeFiles/booyahbox.dir/home/bull/pico/pico-sdk/lib/tinyusb/src/device/usbd.c.o
                0x200011a8                _usbd_qdef
 .data._usbd_rhport
                0x200011c4        0x1 CMakeFiles/booyahbox.dir/home/bull/pico/pico-sdk/lib/tinyusb/src/device/usbd.c.o
 *fill*         0x200011c5        0x3 
 .data.__atexit_recursive_mutex
                0x200011c8        0x4 /usr/lib/gcc/arm-none-eabi/15.1.0/../../../../arm-none-eabi/lib/thumb/v6-m/nofp/libg.a(libc_a-__call_atexit.o)
                0x200011c8                __atexit_recursive_mutex
                0x200011cc                        . = ALIGN (0x4)
 *(.after_data.*)
                0x200011cc                        . = ALIGN (0x4)
                0x200011cc                        PROVIDE (__mutex_array_start = .)
 *(SORT_BY_NAME(.mutex_array.*))
 *(.mutex_array)
 .mutex_array   0x200011cc        0x8 CMakeFiles/booyahbox.dir/home/bull/pico/pico-sdk/src/rp2_common/pico_malloc/malloc.c.o
 .mutex_array   0x200011d4        0x8 CMakeFiles/booyahbox.dir/home/bull/pico/pico-sdk/src/rp2_common/pico_stdio/stdio.c.o
                0x200011dc                        PROVIDE (__mutex_array_end = .)
                0x200011dc                        . = ALIGN (0x4)
 *(.jcr)
                0x200011dc                        . = ALIGN (0x4)

.tm_clone_table
                0x200011dc        0x0 load address 0x100056fc
 .tm_clone_table
                0x200011dc        0x0 /usr/lib/gcc/arm-none-eabi/15.1.0/thumb/v6-m/nofp/crtbegin.o
 .tm_clone_table
                0x200011dc        0x0 /usr/lib/gcc/arm-none-eabi/15.1.0/thumb/v6-m/nofp/crtend.o

.igot.plt       0x200011dc        0x0 load address 0x100056fc
 .igot.plt      0x200011dc        0x0 /usr/lib/gcc/arm-none-eabi/15.1.0/thumb/v6-m/nofp/crtbegin.o

.tdata          0x200011dc        0x0 load address 0x100056fc
                0x200011dc                        . = ALIGN (0x4)
 *(.tdata .tdata.* .gnu.linkonce.td.*)
                0x200011dc                        __tdata_end = .
                0x200011dc                        PROVIDE (__data_end__ = .)
                0x100045e0                        __etext = LOADADDR (.data)

.tbss           0x200011dc        0x0 load address 0x100056fc
                0x200011dc                        . = ALIGN (0x4)
                0x200011dc                        __bss_start__ = .
                0x200011dc                        __tls_base = .
 *(.tbss .tbss.* .gnu.linkonce.tb.*)
 *(.tcommon)
                0x200011dc                        __tls_end = .

.bss            0x200011e0      0xe8c load address 0x100056fc
                0x200011e0                        . = ALIGN (0x4)
                0x200011e0                        __tbss_end = .
 *(SORT_BY_ALIGNMENT(SORT_BY_NAME(.bss*)))
 .bss.default_alarm_pool_entries
                0x200011e0      0x180 CMakeFiles/booyahbox.dir/home/bull/pico/pico-sdk/src/common/pico_time/time.c.o
 .bss.sd_table  0x20001360      0x100 CMakeFiles/booyahbox.dir/home/bull/pico/pico-sdk/src/rp2_common/pico_double/double_init_rom_rp2040.c.o
                0x20001360                sd_table
 .bss.sf_table  0x20001460      0x100 CMakeFiles/booyahbox.dir/home/bull/pico/pico-sdk/src/rp2_common/pico_float/float_init_rom_rp2040.c.o
                0x20001460                sf_table
 .bss           0x20001560       0x1c /usr/lib/gcc/arm-none-eabi/15.1.0/thumb/v6-m/nofp/crtbegin.o
 .bss._ZL12stable_state
                0x2000157c       0x1c CMakeFiles/booyahbox.dir/src/input.cpp.o
 .bss._ZL14last_raw_state
                0x20001598       0x1c CMakeFiles/booyahbox.dir/src/input.cpp.o
 .bss._ZL17debounce_counters
                0x200015b4       0x1c CMakeFiles/booyahbox.dir/src/input.cpp.o
 .bss._ZZ24tud_descriptor_string_cbE8desc_buf
                0x200015d0       0x40 CMakeFiles/booyahbox.dir/src/usb_descriptors.cpp.o
 .bss.__atexit  0x20001610        0x4 /usr/lib/gcc/arm-none-eabi/15.1.0/../../../../arm-none-eabi/lib/thumb/v6-m/nofp/libg.a(libc_a-__call_atexit.o)
                0x20001610                __atexit
 .bss.__atexit0
                0x20001614      0x190 /usr/lib/gcc/arm-none-eabi/15.1.0/../../../../arm-none-eabi/lib/thumb/v6-m/nofp/libg.a(libc_a-__atexit.o)
                0x20001614                __atexit0
 .bss.__lock___atexit_recursive_mutex
                0x200017a4        0x1 /usr/lib/gcc/arm-none-eabi/15.1.0/../../../../arm-none-eabi/lib/thumb/v6-m/nofp/libg.a(libc_a-lock.o)
                0x200017a4                __lock___atexit_recursive_mutex
 *fill*         0x200017a5        0x3 
 .bss._app_driver
                0x200017a8        0x4 CMakeFiles/booyahbox.dir/home/bull/pico/pico-sdk/lib/tinyusb/src/device/usbd.c.o
 .bss._ctrl_epbuf
                0x200017ac       0x40 CMakeFiles/booyahbox.dir/home/bull/pico/pico-sdk/lib/tinyusb/src/device/usbd_control.c.o
 .bss._ctrl_xfer
                0x200017ec       0x14 CMakeFiles/booyahbox.dir/home/bull/pico/pico-sdk/lib/tinyusb/src/device/usbd_control.c.o
 .bss._hidd_epbuf
                0x20001800       0xc0 CMakeFiles/booyahbox.dir/home/bull/pico/pico-sdk/lib/tinyusb/src/class/hid/hid_device.c.o
 .bss._hidd_itf
                0x200018c0        0xc CMakeFiles/booyahbox.dir/home/bull/pico/pico-sdk/lib/tinyusb/src/class/hid/hid_device.c.o
 .bss._tusb_rhport_role
                0x200018cc        0x2 CMakeFiles/booyahbox.dir/home/bull/pico/pico-sdk/lib/tinyusb/src/tusb.c.o
                0x200018cc                _tusb_rhport_role
 *fill*         0x200018ce        0x2 
 .bss._ubsd_mutexdef
                0x200018d0        0x8 CMakeFiles/booyahbox.dir/home/bull/pico/pico-sdk/lib/tinyusb/src/device/usbd.c.o
 .bss._usbd_dev
                0x200018d8       0x54 CMakeFiles/booyahbox.dir/home/bull/pico/pico-sdk/lib/tinyusb/src/device/usbd.c.o
 .bss._usbd_mutex
                0x2000192c        0x4 CMakeFiles/booyahbox.dir/home/bull/pico/pico-sdk/lib/tinyusb/src/device/usbd.c.o
 .bss._usbd_q   0x20001930        0x4 CMakeFiles/booyahbox.dir/home/bull/pico/pico-sdk/lib/tinyusb/src/device/usbd.c.o
 .bss._usbd_qdef_buf
                0x20001934       0xc0 CMakeFiles/booyahbox.dir/home/bull/pico/pico-sdk/lib/tinyusb/src/device/usbd.c.o
                0x20001934                _usbd_qdef_buf
 .bss.boot2_copyout
                0x200019f4      0x100 CMakeFiles/booyahbox.dir/home/bull/pico/pico-sdk/src/rp2_common/hardware_flash/flash.c.o
 .bss.buttonPins
                0x20001af4       0x10 CMakeFiles/booyahbox.dir/src/button_config.cpp.o
                0x20001af4                buttonPins
 .bss.chars_available_callback
                0x20001b04        0x4 CMakeFiles/booyahbox.dir/home/bull/pico/pico-sdk/src/rp2_common/pico_stdio_uart/stdio_uart.c.o
 .bss.chars_available_param
                0x20001b08        0x4 CMakeFiles/booyahbox.dir/home/bull/pico/pico-sdk/src/rp2_common/pico_stdio_uart/stdio_uart.c.o
 .bss.claimed   0x20001b0c        0x4 CMakeFiles/booyahbox.dir/home/bull/pico/pico-sdk/src/rp2_common/hardware_sync/sync.c.o
 .bss.claimed   0x20001b10        0x1 CMakeFiles/booyahbox.dir/home/bull/pico/pico-sdk/src/rp2_common/hardware_timer/timer.c.o
 *fill*         0x20001b11        0x3 
 .bss.configured_freq
                0x20001b14       0x28 CMakeFiles/booyahbox.dir/home/bull/pico/pico-sdk/src/rp2_common/hardware_clocks/clocks.c.o
 .bss.drivers   0x20001b3c        0x4 CMakeFiles/booyahbox.dir/home/bull/pico/pico-sdk/src/rp2_common/pico_stdio/stdio.c.o
 .bss.e15_last_sof
                0x20001b40        0x4 CMakeFiles/booyahbox.dir/home/bull/pico/pico-sdk/lib/tinyusb/src/portable/raspberrypi/rp2040/rp2040_usb.c.o
                0x20001b40                e15_last_sof
 .bss.filter    0x20001b44        0x4 CMakeFiles/booyahbox.dir/home/bull/pico/pico-sdk/src/rp2_common/pico_stdio/stdio.c.o
 .bss.hw_endpoints
                0x20001b48      0x400 CMakeFiles/booyahbox.dir/home/bull/pico/pico-sdk/lib/tinyusb/src/portable/raspberrypi/rp2040/dcd_rp2040.c.o
 .bss.lazy_vsnprintf
                0x20001f48        0x4 CMakeFiles/booyahbox.dir/home/bull/pico/pico-sdk/src/rp2_common/pico_printf/printf.c.o
 .bss.local_buttons
                0x20001f4c       0xe0 CMakeFiles/booyahbox.dir/src/hotkey.cpp.o
                0x20001f4c                local_buttons
 .bss.next_buffer_ptr
                0x2000202c        0x4 CMakeFiles/booyahbox.dir/home/bull/pico/pico-sdk/lib/tinyusb/src/portable/raspberrypi/rp2040/dcd_rp2040.c.o
 .bss.pools     0x20002030       0x10 CMakeFiles/booyahbox.dir/home/bull/pico/pico-sdk/src/common/pico_time/time.c.o
 .bss.retrieved_id
                0x20002040        0x8 CMakeFiles/booyahbox.dir/home/bull/pico/pico-sdk/src/rp2_common/pico_unique_id/unique_id.c.o
 .bss.sf_clz_func
                0x20002048        0x4 CMakeFiles/booyahbox.dir/home/bull/pico/pico-sdk/src/rp2_common/pico_double/double_init_rom_rp2040.c.o
                0x20002048                sf_clz_func
 .bss.sleep_notifier
                0x2000204c        0x4 CMakeFiles/booyahbox.dir/home/bull/pico/pico-sdk/src/common/pico_time/time.c.o
 .bss.uart_char_to_line_feed
                0x20002050        0x4 CMakeFiles/booyahbox.dir/home/bull/pico/pico-sdk/src/rp2_common/hardware_uart/uart.c.o
                0x20002050                uart_char_to_line_feed
 .bss.uart_inst
                0x20002054        0x4 CMakeFiles/booyahbox.dir/home/bull/pico/pico-sdk/lib/tinyusb/hw/bsp/rp2040/family.c.o
 .bss.uart_instance
                0x20002058        0x4 CMakeFiles/booyahbox.dir/home/bull/pico/pico-sdk/src/rp2_common/pico_stdio_uart/stdio_uart.c.o
 .bss.X_LEFT_PIN
                0x2000205c        0x1 CMakeFiles/booyahbox.dir/src/button_config.cpp.o
                0x2000205c                X_LEFT_PIN
 .bss.X_RIGHT_PIN
                0x2000205d        0x1 CMakeFiles/booyahbox.dir/src/button_config.cpp.o
                0x2000205d                X_RIGHT_PIN
 .bss.Y_DOWN_PIN
                0x2000205e        0x1 CMakeFiles/booyahbox.dir/src/button_config.cpp.o
                0x2000205e                Y_DOWN_PIN
 .bss.Y_UP_PIN  0x2000205f        0x1 CMakeFiles/booyahbox.dir/src/button_config.cpp.o
                0x2000205f                Y_UP_PIN
 .bss._ZZ4mainE11first_dir_x
                0x20002060        0x1 CMakeFiles/booyahbox.dir/src/main.cpp.o
 .bss._ZZ4mainE11first_dir_y
                0x20002061        0x1 CMakeFiles/booyahbox.dir/src/main.cpp.o
 .bss._app_driver_count
                0x20002062        0x1 CMakeFiles/booyahbox.dir/home/bull/pico/pico-sdk/lib/tinyusb/src/device/usbd.c.o
 .bss._sof_enable
                0x20002063        0x1 CMakeFiles/booyahbox.dir/home/bull/pico/pico-sdk/lib/tinyusb/src/portable/raspberrypi/rp2040/dcd_rp2040.c.o
 .bss._usbd_queued_setup
                0x20002064        0x1 CMakeFiles/booyahbox.dir/home/bull/pico/pico-sdk/lib/tinyusb/src/device/usbd.c.o
 .bss.boot2_copyout_valid
                0x20002065        0x1 CMakeFiles/booyahbox.dir/home/bull/pico/pico-sdk/src/rp2_common/hardware_flash/flash.c.o
 .bss.current_socd_strategy
                0x20002066        0x1 CMakeFiles/booyahbox.dir/src/socd.cpp.o
                0x20002066                current_socd_strategy
 .bss.irq_handler_chain_free_slot_head
                0x20002067        0x1 CMakeFiles/booyahbox.dir/home/bull/pico/pico-sdk/src/rp2_common/hardware_irq/irq.c.o
 .bss.use_dpad_mode
                0x20002068        0x1 CMakeFiles/booyahbox.dir/src/input.cpp.o
                0x20002068                use_dpad_mode
 *(COMMON)
                0x2000206c                        . = ALIGN (0x4)
 *fill*         0x20002069        0x3 
                0x2000206c                        __bss_end__ = .

.heap           0x2000206c      0x800 load address 0x100056fc
                0x2000206c                        __end__ = .
                0x2000206c                        end = __end__
 *(.heap*)
 .heap          0x2000206c      0x800 CMakeFiles/booyahbox.dir/home/bull/pico/pico-sdk/src/rp2_common/pico_crt0/crt0.S.o
                0x20040000                        __HeapLimit = (ORIGIN (RAM) + LENGTH (RAM))

.scratch_x      0x20040000        0x0 load address 0x100056fc
                0x20040000                        __scratch_x_start__ = .
 *(.scratch_x.*)
                0x20040000                        . = ALIGN (0x4)
                0x20040000                        __scratch_x_end__ = .
                0x100056fc                        __scratch_x_source__ = LOADADDR (.scratch_x)

.scratch_y      0x20041000        0x0 load address 0x100056fc
                0x20041000                        __scratch_y_start__ = .
 *(.scratch_y.*)
                0x20041000                        . = ALIGN (0x4)
                0x20041000                        __scratch_y_end__ = .
                0x100056fc                        __scratch_y_source__ = LOADADDR (.scratch_y)

.stack1_dummy   0x20040000      0x800
 *(.stack1*)
 .stack1        0x20040000      0x800 CMakeFiles/booyahbox.dir/home/bull/pico/pico-sdk/src/rp2_common/pico_multicore/multicore.c.o

.stack_dummy    0x20041000      0x800
 *(.stack*)
 .stack         0x20041000      0x800 CMakeFiles/booyahbox.dir/home/bull/pico/pico-sdk/src/rp2_common/pico_crt0/crt0.S.o

.rel.dyn        0x20041800        0x0
 .rel.iplt      0x20041800        0x0 /usr/lib/gcc/arm-none-eabi/15.1.0/thumb/v6-m/nofp/crtbegin.o

.flash_end      0x100056fc        0x0
 *(.embedded_end_block*)
                0x100056fc                        PROVIDE (__flash_binary_end = .)
                0x20040000                        __StackLimit = (ORIGIN (RAM) + LENGTH (RAM))
                0x20041000                        __StackOneTop = (ORIGIN (SCRATCH_X) + LENGTH (SCRATCH_X))
                0x20042000                        __StackTop = (ORIGIN (SCRATCH_Y) + LENGTH (SCRATCH_Y))
                0x20040800                        __StackOneBottom = (__StackOneTop - SIZEOF (.stack1_dummy))
                0x20041800                        __StackBottom = (__StackTop - SIZEOF (.stack_dummy))
                0x20042000                        PROVIDE (__stack = __StackTop)
                [!provide]                        PROVIDE (__heap_start = __end__)
                [!provide]                        PROVIDE (__heap_end = __HeapLimit)
                [!provide]                        PROVIDE (__tls_align = MAX (ALIGNOF (.tdata), ALIGNOF (.tbss)))
                [!provide]                        PROVIDE (__tls_size_align = (((__tls_size + __tls_align) - 0x1) & ~ ((__tls_align - 0x1))))
                [!provide]                        PROVIDE (__arm32_tls_tcb_offset = MAX (0x8, __tls_align))
                [!provide]                        PROVIDE (_end = __end__)
                [!provide]                        PROVIDE (__llvm_libc_heap_limit = __HeapLimit)
                0x00000001                        ASSERT ((__StackLimit >= __HeapLimit), region RAM overflowed)
                0x00000001                        ASSERT (((__binary_info_header_end - __logical_binary_start) <= 0x100), Binary info must be in first 256 bytes of the binary)
LOAD CMakeFiles/booyahbox.dir/src/main.cpp.o
LOAD CMakeFiles/booyahbox.dir/src/config.cpp.o
LOAD CMakeFiles/booyahbox.dir/src/input.cpp.o
LOAD CMakeFiles/booyahbox.dir/src/button_config.cpp.o
LOAD CMakeFiles/booyahbox.dir/src/socd.cpp.o
LOAD CMakeFiles/booyahbox.dir/src/hotkey.cpp.o
LOAD CMakeFiles/booyahbox.dir/src/usb_descriptors.cpp.o
LOAD CMakeFiles/booyahbox.dir/home/bull/pico/pico-sdk/src/rp2_common/pico_stdlib/stdlib.c.o
LOAD CMakeFiles/booyahbox.dir/home/bull/pico/pico-sdk/src/rp2_common/hardware_gpio/gpio.c.o
LOAD CMakeFiles/booyahbox.dir/home/bull/pico/pico-sdk/src/rp2040/pico_platform/platform.c.o
LOAD CMakeFiles/booyahbox.dir/home/bull/pico/pico-sdk/src/rp2_common/pico_platform_common/common.c.o
LOAD CMakeFiles/booyahbox.dir/home/bull/pico/pico-sdk/src/rp2_common/pico_platform_panic/panic.c.o
LOAD CMakeFiles/booyahbox.dir/home/bull/pico/pico-sdk/src/common/hardware_claim/claim.c.o
LOAD CMakeFiles/booyahbox.dir/home/bull/pico/pico-sdk/src/rp2_common/hardware_sync/sync.c.o
LOAD CMakeFiles/booyahbox.dir/home/bull/pico/pico-sdk/src/rp2_common/hardware_sync_spin_lock/sync_spin_lock.c.o
LOAD CMakeFiles/booyahbox.dir/home/bull/pico/pico-sdk/src/rp2_common/hardware_irq/irq.c.o
LOAD CMakeFiles/booyahbox.dir/home/bull/pico/pico-sdk/src/rp2_common/hardware_irq/irq_handler_chain.S.o
LOAD CMakeFiles/booyahbox.dir/home/bull/pico/pico-sdk/src/common/pico_sync/sem.c.o
LOAD CMakeFiles/booyahbox.dir/home/bull/pico/pico-sdk/src/common/pico_sync/lock_core.c.o
LOAD CMakeFiles/booyahbox.dir/home/bull/pico/pico-sdk/src/common/pico_sync/mutex.c.o
LOAD CMakeFiles/booyahbox.dir/home/bull/pico/pico-sdk/src/common/pico_sync/critical_section.c.o
LOAD CMakeFiles/booyahbox.dir/home/bull/pico/pico-sdk/src/common/pico_time/time.c.o
LOAD CMakeFiles/booyahbox.dir/home/bull/pico/pico-sdk/src/common/pico_time/timeout_helper.c.o
LOAD CMakeFiles/booyahbox.dir/home/bull/pico/pico-sdk/src/rp2_common/hardware_timer/timer.c.o
LOAD CMakeFiles/booyahbox.dir/home/bull/pico/pico-sdk/src/common/pico_util/datetime.c.o
LOAD CMakeFiles/booyahbox.dir/home/bull/pico/pico-sdk/src/common/pico_util/pheap.c.o
LOAD CMakeFiles/booyahbox.dir/home/bull/pico/pico-sdk/src/common/pico_util/queue.c.o
LOAD CMakeFiles/booyahbox.dir/home/bull/pico/pico-sdk/src/rp2_common/hardware_uart/uart.c.o
LOAD CMakeFiles/booyahbox.dir/home/bull/pico/pico-sdk/src/rp2_common/hardware_clocks/clocks.c.o
LOAD CMakeFiles/booyahbox.dir/home/bull/pico/pico-sdk/src/rp2_common/hardware_pll/pll.c.o
LOAD CMakeFiles/booyahbox.dir/home/bull/pico/pico-sdk/src/rp2_common/hardware_vreg/vreg.c.o
LOAD CMakeFiles/booyahbox.dir/home/bull/pico/pico-sdk/src/rp2_common/hardware_watchdog/watchdog.c.o
LOAD CMakeFiles/booyahbox.dir/home/bull/pico/pico-sdk/src/rp2_common/hardware_ticks/ticks.c.o
LOAD CMakeFiles/booyahbox.dir/home/bull/pico/pico-sdk/src/rp2_common/pico_bootrom/bootrom.c.o
LOAD CMakeFiles/booyahbox.dir/home/bull/pico/pico-sdk/src/rp2_common/pico_bootrom/bootrom_lock.c.o
LOAD CMakeFiles/booyahbox.dir/home/bull/pico/pico-sdk/src/rp2_common/hardware_boot_lock/boot_lock.c.o
LOAD CMakeFiles/booyahbox.dir/home/bull/pico/pico-sdk/src/rp2_common/pico_flash/flash.c.o
LOAD CMakeFiles/booyahbox.dir/home/bull/pico/pico-sdk/src/rp2_common/hardware_xosc/xosc.c.o
LOAD CMakeFiles/booyahbox.dir/home/bull/pico/pico-sdk/src/rp2_common/hardware_divider/divider.S.o
LOAD CMakeFiles/booyahbox.dir/home/bull/pico/pico-sdk/src/rp2_common/pico_runtime/runtime.c.o
LOAD CMakeFiles/booyahbox.dir/home/bull/pico/pico-sdk/src/rp2_common/pico_runtime_init/runtime_init.c.o
LOAD CMakeFiles/booyahbox.dir/home/bull/pico/pico-sdk/src/rp2_common/pico_runtime_init/runtime_init_clocks.c.o
LOAD CMakeFiles/booyahbox.dir/home/bull/pico/pico-sdk/src/rp2_common/pico_runtime_init/runtime_init_stack_guard.c.o
LOAD CMakeFiles/booyahbox.dir/home/bull/pico/pico-sdk/src/rp2_common/pico_bit_ops/bit_ops_aeabi.S.o
LOAD CMakeFiles/booyahbox.dir/home/bull/pico/pico-sdk/src/rp2_common/pico_divider/divider_hardware.S.o
LOAD CMakeFiles/booyahbox.dir/home/bull/pico/pico-sdk/src/rp2_common/pico_double/double_aeabi_rp2040.S.o
LOAD CMakeFiles/booyahbox.dir/home/bull/pico/pico-sdk/src/rp2_common/pico_double/double_init_rom_rp2040.c.o
LOAD CMakeFiles/booyahbox.dir/home/bull/pico/pico-sdk/src/rp2_common/pico_double/double_math.c.o
LOAD CMakeFiles/booyahbox.dir/home/bull/pico/pico-sdk/src/rp2_common/pico_double/double_v1_rom_shim_rp2040.S.o
LOAD CMakeFiles/booyahbox.dir/home/bull/pico/pico-sdk/src/rp2_common/pico_int64_ops/pico_int64_ops_aeabi.S.o
LOAD CMakeFiles/booyahbox.dir/home/bull/pico/pico-sdk/src/rp2_common/pico_float/float_aeabi_rp2040.S.o
LOAD CMakeFiles/booyahbox.dir/home/bull/pico/pico-sdk/src/rp2_common/pico_float/float_init_rom_rp2040.c.o
LOAD CMakeFiles/booyahbox.dir/home/bull/pico/pico-sdk/src/rp2_common/pico_float/float_math.c.o
LOAD CMakeFiles/booyahbox.dir/home/bull/pico/pico-sdk/src/rp2_common/pico_float/float_v1_rom_shim_rp2040.S.o
LOAD CMakeFiles/booyahbox.dir/home/bull/pico/pico-sdk/src/rp2_common/pico_malloc/malloc.c.o
LOAD CMakeFiles/booyahbox.dir/home/bull/pico/pico-sdk/src/rp2_common/pico_mem_ops/mem_ops_aeabi.S.o
LOAD CMakeFiles/booyahbox.dir/home/bull/pico/pico-sdk/src/rp2_common/pico_atomic/atomic.c.o
LOAD CMakeFiles/booyahbox.dir/home/bull/pico/pico-sdk/src/rp2_common/pico_cxx_options/new_delete.cpp.o
LOAD CMakeFiles/booyahbox.dir/home/bull/pico/pico-sdk/src/rp2_common/pico_standard_binary_info/standard_binary_info.c.o
LOAD CMakeFiles/booyahbox.dir/home/bull/pico/pico-sdk/src/rp2_common/pico_printf/printf.c.o
LOAD CMakeFiles/booyahbox.dir/home/bull/pico/pico-sdk/src/rp2_common/pico_crt0/crt0.S.o
LOAD CMakeFiles/booyahbox.dir/home/bull/pico/pico-sdk/src/rp2_common/pico_clib_interface/newlib_interface.c.o
LOAD CMakeFiles/booyahbox.dir/home/bull/pico/pico-sdk/src/rp2_common/pico_stdio/stdio.c.o
LOAD CMakeFiles/booyahbox.dir/home/bull/pico/pico-sdk/src/rp2_common/pico_stdio_uart/stdio_uart.c.o
LOAD CMakeFiles/booyahbox.dir/home/bull/pico/pico-sdk/src/rp2_common/hardware_i2c/i2c.c.o
LOAD CMakeFiles/booyahbox.dir/home/bull/pico/pico-sdk/src/rp2_common/hardware_flash/flash.c.o
LOAD CMakeFiles/booyahbox.dir/home/bull/pico/pico-sdk/src/rp2_common/hardware_xip_cache/xip_cache.c.o
LOAD CMakeFiles/booyahbox.dir/home/bull/pico/pico-sdk/src/rp2_common/hardware_adc/adc.c.o
LOAD CMakeFiles/booyahbox.dir/home/bull/pico/pico-sdk/src/rp2_common/hardware_dma/dma.c.o
LOAD CMakeFiles/booyahbox.dir/home/bull/pico/pico-sdk/src/rp2_common/hardware_spi/spi.c.o
LOAD CMakeFiles/booyahbox.dir/home/bull/pico/pico-sdk/lib/tinyusb/src/portable/raspberrypi/rp2040/dcd_rp2040.c.o
LOAD CMakeFiles/booyahbox.dir/home/bull/pico/pico-sdk/lib/tinyusb/src/portable/raspberrypi/rp2040/rp2040_usb.c.o
LOAD CMakeFiles/booyahbox.dir/home/bull/pico/pico-sdk/lib/tinyusb/src/device/usbd.c.o
LOAD CMakeFiles/booyahbox.dir/home/bull/pico/pico-sdk/lib/tinyusb/src/device/usbd_control.c.o
LOAD CMakeFiles/booyahbox.dir/home/bull/pico/pico-sdk/lib/tinyusb/src/class/audio/audio_device.c.o
LOAD CMakeFiles/booyahbox.dir/home/bull/pico/pico-sdk/lib/tinyusb/src/class/cdc/cdc_device.c.o
LOAD CMakeFiles/booyahbox.dir/home/bull/pico/pico-sdk/lib/tinyusb/src/class/dfu/dfu_device.c.o
LOAD CMakeFiles/booyahbox.dir/home/bull/pico/pico-sdk/lib/tinyusb/src/class/dfu/dfu_rt_device.c.o
LOAD CMakeFiles/booyahbox.dir/home/bull/pico/pico-sdk/lib/tinyusb/src/class/hid/hid_device.c.o
LOAD CMakeFiles/booyahbox.dir/home/bull/pico/pico-sdk/lib/tinyusb/src/class/midi/midi_device.c.o
LOAD CMakeFiles/booyahbox.dir/home/bull/pico/pico-sdk/lib/tinyusb/src/class/msc/msc_device.c.o
LOAD CMakeFiles/booyahbox.dir/home/bull/pico/pico-sdk/lib/tinyusb/src/class/net/ecm_rndis_device.c.o
LOAD CMakeFiles/booyahbox.dir/home/bull/pico/pico-sdk/lib/tinyusb/src/class/net/ncm_device.c.o
LOAD CMakeFiles/booyahbox.dir/home/bull/pico/pico-sdk/lib/tinyusb/src/class/usbtmc/usbtmc_device.c.o
LOAD CMakeFiles/booyahbox.dir/home/bull/pico/pico-sdk/lib/tinyusb/src/class/vendor/vendor_device.c.o
LOAD CMakeFiles/booyahbox.dir/home/bull/pico/pico-sdk/lib/tinyusb/src/class/video/video_device.c.o
LOAD CMakeFiles/booyahbox.dir/home/bull/pico/pico-sdk/lib/tinyusb/src/tusb.c.o
LOAD CMakeFiles/booyahbox.dir/home/bull/pico/pico-sdk/lib/tinyusb/src/common/tusb_fifo.c.o
LOAD CMakeFiles/booyahbox.dir/home/bull/pico/pico-sdk/src/rp2_common/pico_fix/rp2040_usb_device_enumeration/rp2040_usb_device_enumeration.c.o
LOAD CMakeFiles/booyahbox.dir/home/bull/pico/pico-sdk/lib/tinyusb/hw/bsp/rp2040/family.c.o
LOAD CMakeFiles/booyahbox.dir/home/bull/pico/pico-sdk/src/rp2_common/pico_unique_id/unique_id.c.o
LOAD CMakeFiles/booyahbox.dir/home/bull/pico/pico-sdk/src/rp2_common/pico_multicore/multicore.c.o
LOAD pico-sdk/src/rp2040/boot_stage2/CMakeFiles/bs2_default_library.dir/./bs2_default_padded_checksummed.S.o
LOAD /usr/lib/gcc/arm-none-eabi/15.1.0/../../../../arm-none-eabi/lib/thumb/v6-m/nofp/libstdc++.a
LOAD /usr/lib/gcc/arm-none-eabi/15.1.0/../../../../arm-none-eabi/lib/thumb/v6-m/nofp/libm.a
START GROUP
LOAD /usr/lib/gcc/arm-none-eabi/15.1.0/thumb/v6-m/nofp/libgcc.a
LOAD /usr/lib/gcc/arm-none-eabi/15.1.0/../../../../arm-none-eabi/lib/thumb/v6-m/nofp/libg.a
LOAD /usr/lib/gcc/arm-none-eabi/15.1.0/../../../../arm-none-eabi/lib/thumb/v6-m/nofp/libc.a
END GROUP
START GROUP
LOAD /usr/lib/gcc/arm-none-eabi/15.1.0/thumb/v6-m/nofp/libgcc.a
LOAD /usr/lib/gcc/arm-none-eabi/15.1.0/../../../../arm-none-eabi/lib/thumb/v6-m/nofp/libc.a
LOAD /usr/lib/gcc/arm-none-eabi/15.1.0/../../../../arm-none-eabi/lib/thumb/v6-m/nofp/libnosys.a
END GROUP
LOAD /usr/lib/gcc/arm-none-eabi/15.1.0/thumb/v6-m/nofp/crtend.o
LOAD /usr/lib/gcc/arm-none-eabi/15.1.0/thumb/v6-m/nofp/crtn.o
OUTPUT(booyahbox.elf elf32-littlearm)
LOAD linker stubs

.ARM.attributes
                0x00000000       0x28
 .ARM.attributes
                0x00000000       0x1e /usr/lib/gcc/arm-none-eabi/15.1.0/thumb/v6-m/nofp/crti.o
 .ARM.attributes
                0x0000001e       0x2c /usr/lib/gcc/arm-none-eabi/15.1.0/thumb/v6-m/nofp/crtbegin.o
 .ARM.attributes
                0x0000004a       0x2c CMakeFiles/booyahbox.dir/src/main.cpp.o
 .ARM.attributes
                0x00000076       0x2c CMakeFiles/booyahbox.dir/src/config.cpp.o
 .ARM.attributes
                0x000000a2       0x2c CMakeFiles/booyahbox.dir/src/input.cpp.o
 .ARM.attributes
                0x000000ce       0x2c CMakeFiles/booyahbox.dir/src/button_config.cpp.o
 .ARM.attributes
                0x000000fa       0x2c CMakeFiles/booyahbox.dir/src/socd.cpp.o
 .ARM.attributes
                0x00000126       0x2c CMakeFiles/booyahbox.dir/src/hotkey.cpp.o
 .ARM.attributes
                0x00000152       0x2c CMakeFiles/booyahbox.dir/src/usb_descriptors.cpp.o
 .ARM.attributes
                0x0000017e       0x2c CMakeFiles/booyahbox.dir/home/bull/pico/pico-sdk/src/rp2_common/hardware_gpio/gpio.c.o
 .ARM.attributes
                0x000001aa       0x2c CMakeFiles/booyahbox.dir/home/bull/pico/pico-sdk/src/rp2040/pico_platform/platform.c.o
 .ARM.attributes
                0x000001d6       0x2c CMakeFiles/booyahbox.dir/home/bull/pico/pico-sdk/src/rp2_common/pico_platform_panic/panic.c.o
 .ARM.attributes
                0x00000202       0x2c CMakeFiles/booyahbox.dir/home/bull/pico/pico-sdk/src/common/hardware_claim/claim.c.o
 .ARM.attributes
                0x0000022e       0x2c CMakeFiles/booyahbox.dir/home/bull/pico/pico-sdk/src/rp2_common/hardware_sync/sync.c.o
 .ARM.attributes
                0x0000025a       0x2c CMakeFiles/booyahbox.dir/home/bull/pico/pico-sdk/src/rp2_common/hardware_sync_spin_lock/sync_spin_lock.c.o
 .ARM.attributes
                0x00000286       0x2c CMakeFiles/booyahbox.dir/home/bull/pico/pico-sdk/src/rp2_common/hardware_irq/irq.c.o
 .ARM.attributes
                0x000002b2       0x22 CMakeFiles/booyahbox.dir/home/bull/pico/pico-sdk/src/rp2_common/hardware_irq/irq_handler_chain.S.o
 .ARM.attributes
                0x000002d4       0x2c CMakeFiles/booyahbox.dir/home/bull/pico/pico-sdk/src/common/pico_sync/lock_core.c.o
 .ARM.attributes
                0x00000300       0x2c CMakeFiles/booyahbox.dir/home/bull/pico/pico-sdk/src/common/pico_sync/mutex.c.o
 .ARM.attributes
                0x0000032c       0x2c CMakeFiles/booyahbox.dir/home/bull/pico/pico-sdk/src/common/pico_sync/critical_section.c.o
 .ARM.attributes
                0x00000358       0x2c CMakeFiles/booyahbox.dir/home/bull/pico/pico-sdk/src/common/pico_time/time.c.o
 .ARM.attributes
                0x00000384       0x2c CMakeFiles/booyahbox.dir/home/bull/pico/pico-sdk/src/rp2_common/hardware_timer/timer.c.o
 .ARM.attributes
                0x000003b0       0x2c CMakeFiles/booyahbox.dir/home/bull/pico/pico-sdk/src/rp2_common/hardware_uart/uart.c.o
 .ARM.attributes
                0x000003dc       0x2c CMakeFiles/booyahbox.dir/home/bull/pico/pico-sdk/src/rp2_common/hardware_clocks/clocks.c.o
 .ARM.attributes
                0x00000408       0x2c CMakeFiles/booyahbox.dir/home/bull/pico/pico-sdk/src/rp2_common/hardware_pll/pll.c.o
 .ARM.attributes
                0x00000434       0x2c CMakeFiles/booyahbox.dir/home/bull/pico/pico-sdk/src/rp2_common/hardware_ticks/ticks.c.o
 .ARM.attributes
                0x00000460       0x2c CMakeFiles/booyahbox.dir/home/bull/pico/pico-sdk/src/rp2_common/pico_bootrom/bootrom.c.o
 .ARM.attributes
                0x0000048c       0x2c CMakeFiles/booyahbox.dir/home/bull/pico/pico-sdk/src/rp2_common/hardware_xosc/xosc.c.o
 .ARM.attributes
                0x000004b8       0x2c CMakeFiles/booyahbox.dir/home/bull/pico/pico-sdk/src/rp2_common/pico_runtime/runtime.c.o
 .ARM.attributes
                0x000004e4       0x2c CMakeFiles/booyahbox.dir/home/bull/pico/pico-sdk/src/rp2_common/pico_runtime_init/runtime_init.c.o
 .ARM.attributes
                0x00000510       0x2c CMakeFiles/booyahbox.dir/home/bull/pico/pico-sdk/src/rp2_common/pico_runtime_init/runtime_init_clocks.c.o
 .ARM.attributes
                0x0000053c       0x22 CMakeFiles/booyahbox.dir/home/bull/pico/pico-sdk/src/rp2_common/pico_bit_ops/bit_ops_aeabi.S.o
 .ARM.attributes
                0x0000055e       0x22 CMakeFiles/booyahbox.dir/home/bull/pico/pico-sdk/src/rp2_common/pico_divider/divider_hardware.S.o
 .ARM.attributes
                0x00000580       0x22 CMakeFiles/booyahbox.dir/home/bull/pico/pico-sdk/src/rp2_common/pico_double/double_aeabi_rp2040.S.o
 .ARM.attributes
                0x000005a2       0x2c CMakeFiles/booyahbox.dir/home/bull/pico/pico-sdk/src/rp2_common/pico_double/double_init_rom_rp2040.c.o
 .ARM.attributes
                0x000005ce       0x22 CMakeFiles/booyahbox.dir/home/bull/pico/pico-sdk/src/rp2_common/pico_double/double_v1_rom_shim_rp2040.S.o
 .ARM.attributes
                0x000005f0       0x22 CMakeFiles/booyahbox.dir/home/bull/pico/pico-sdk/src/rp2_common/pico_int64_ops/pico_int64_ops_aeabi.S.o
 .ARM.attributes
                0x00000612       0x22 CMakeFiles/booyahbox.dir/home/bull/pico/pico-sdk/src/rp2_common/pico_float/float_aeabi_rp2040.S.o
 .ARM.attributes
                0x00000634       0x2c CMakeFiles/booyahbox.dir/home/bull/pico/pico-sdk/src/rp2_common/pico_float/float_init_rom_rp2040.c.o
 .ARM.attributes
                0x00000660       0x22 CMakeFiles/booyahbox.dir/home/bull/pico/pico-sdk/src/rp2_common/pico_float/float_v1_rom_shim_rp2040.S.o
 .ARM.attributes
                0x00000682       0x2c CMakeFiles/booyahbox.dir/home/bull/pico/pico-sdk/src/rp2_common/pico_malloc/malloc.c.o
 .ARM.attributes
                0x000006ae       0x22 CMakeFiles/booyahbox.dir/home/bull/pico/pico-sdk/src/rp2_common/pico_mem_ops/mem_ops_aeabi.S.o
 .ARM.attributes
                0x000006d0       0x2c CMakeFiles/booyahbox.dir/home/bull/pico/pico-sdk/src/rp2_common/pico_standard_binary_info/standard_binary_info.c.o
 .ARM.attributes
                0x000006fc       0x2c CMakeFiles/booyahbox.dir/home/bull/pico/pico-sdk/src/rp2_common/pico_printf/printf.c.o
 .ARM.attributes
                0x00000728       0x22 CMakeFiles/booyahbox.dir/home/bull/pico/pico-sdk/src/rp2_common/pico_crt0/crt0.S.o
 .ARM.attributes
                0x0000074a       0x2c CMakeFiles/booyahbox.dir/home/bull/pico/pico-sdk/src/rp2_common/pico_clib_interface/newlib_interface.c.o
 .ARM.attributes
                0x00000776       0x2c CMakeFiles/booyahbox.dir/home/bull/pico/pico-sdk/src/rp2_common/pico_stdio/stdio.c.o
 .ARM.attributes
                0x000007a2       0x2c CMakeFiles/booyahbox.dir/home/bull/pico/pico-sdk/src/rp2_common/pico_stdio_uart/stdio_uart.c.o
 .ARM.attributes