Archive member included to satisfy reference by file (symbol)

lib/pico-ssd1306/libpico_ssd1306.a(ssd1306.cpp.o)
                              CMakeFiles/booyahbox.dir/src/display.cpp.o (pico_ssd1306::SSD1306::sendBuffer())
lib/pico-ssd1306/libpico_ssd1306.a(FrameBuffer.cpp.o)
                              lib/pico-ssd1306/libpico_ssd1306.a(ssd1306.cpp.o) (FrameBuffer::FrameBuffer())
lib/pico-ssd1306/textRenderer/libssd1306_textRenderer.a(TextRenderer.cpp.o)
                              CMakeFiles/booyahbox.dir/src/display.cpp.o (pico_ssd1306::drawText(pico_ssd1306::SSD1306*, unsigned char const*, char const*, unsigned char, unsigned char, pico_ssd1306::WriteMode, pico_ssd1306::Rotation))
/usr/lib/gcc/arm-none-eabi/13.2.1/../../../arm-none-eabi/lib/thumb/v6-m/nofp/libstdc++.a(guard.o)
                              CMakeFiles/booyahbox.dir/src/socd.cpp.o (__cxa_guard_acquire)
/usr/lib/gcc/arm-none-eabi/13.2.1/../../../arm-none-eabi/lib/thumb/v6-m/nofp/libstdc++.a(guard_error.o)
                              /usr/lib/gcc/arm-none-eabi/13.2.1/../../../arm-none-eabi/lib/thumb/v6-m/nofp/libstdc++.a(guard.o) (__gnu_cxx::recursive_init_error::~recursive_init_error())
/usr/lib/gcc/arm-none-eabi/13.2.1/../../../arm-none-eabi/lib/thumb/v6-m/nofp/libstdc++.a(si_class_type_info.o)
                              /usr/lib/gcc/arm-none-eabi/13.2.1/../../../arm-none-eabi/lib/thumb/v6-m/nofp/libstdc++.a(guard_error.o) (vtable for __cxxabiv1::__si_class_type_info)
/usr/lib/gcc/arm-none-eabi/13.2.1/../../../arm-none-eabi/lib/thumb/v6-m/nofp/libstdc++.a(tinfo.o)
                              /usr/lib/gcc/arm-none-eabi/13.2.1/../../../arm-none-eabi/lib/thumb/v6-m/nofp/libstdc++.a(si_class_type_info.o) (std::type_info::__is_pointer_p() const)
/usr/lib/gcc/arm-none-eabi/13.2.1/../../../arm-none-eabi/lib/thumb/v6-m/nofp/libstdc++.a(functional.o)
                              CMakeFiles/booyahbox.dir/src/socd.cpp.o (std::__throw_bad_function_call())
/usr/lib/gcc/arm-none-eabi/13.2.1/../../../arm-none-eabi/lib/thumb/v6-m/nofp/libstdc++.a(class_type_info.o)
                              /usr/lib/gcc/arm-none-eabi/13.2.1/../../../arm-none-eabi/lib/thumb/v6-m/nofp/libstdc++.a(si_class_type_info.o) (__cxxabiv1::__class_type_info::__do_upcast(__cxxabiv1::__class_type_info const*, void**) const)
/usr/lib/gcc/arm-none-eabi/13.2.1/../../../arm-none-eabi/lib/thumb/v6-m/nofp/libstdc++.a(eh_alloc.o)
                              /usr/lib/gcc/arm-none-eabi/13.2.1/../../../arm-none-eabi/lib/thumb/v6-m/nofp/libstdc++.a(guard.o) (__cxa_allocate_exception)
/usr/lib/gcc/arm-none-eabi/13.2.1/../../../arm-none-eabi/lib/thumb/v6-m/nofp/libstdc++.a(eh_exception.o)
                              /usr/lib/gcc/arm-none-eabi/13.2.1/../../../arm-none-eabi/lib/thumb/v6-m/nofp/libstdc++.a(guard_error.o) (std::exception::~exception())
/usr/lib/gcc/arm-none-eabi/13.2.1/../../../arm-none-eabi/lib/thumb/v6-m/nofp/libstdc++.a(eh_terminate.o)
                              /usr/lib/gcc/arm-none-eabi/13.2.1/../../../arm-none-eabi/lib/thumb/v6-m/nofp/libstdc++.a(eh_alloc.o) (std::terminate())
/usr/lib/gcc/arm-none-eabi/13.2.1/../../../arm-none-eabi/lib/thumb/v6-m/nofp/libstdc++.a(eh_throw.o)
                              /usr/lib/gcc/arm-none-eabi/13.2.1/../../../arm-none-eabi/lib/thumb/v6-m/nofp/libstdc++.a(guard.o) (__cxa_throw)
/usr/lib/gcc/arm-none-eabi/13.2.1/../../../arm-none-eabi/lib/thumb/v6-m/nofp/libstdc++.a(eh_unex_handler.o)
                              /usr/lib/gcc/arm-none-eabi/13.2.1/../../../arm-none-eabi/lib/thumb/v6-m/nofp/libstdc++.a(eh_terminate.o) (__cxxabiv1::__unexpected_handler)
/usr/lib/gcc/arm-none-eabi/13.2.1/../../../arm-none-eabi/lib/thumb/v6-m/nofp/libstdc++.a(eh_catch.o)
                              /usr/lib/gcc/arm-none-eabi/13.2.1/../../../arm-none-eabi/lib/thumb/v6-m/nofp/libstdc++.a(eh_terminate.o) (__cxa_begin_catch)
/usr/lib/gcc/arm-none-eabi/13.2.1/../../../arm-none-eabi/lib/thumb/v6-m/nofp/libstdc++.a(eh_globals.o)
                              /usr/lib/gcc/arm-none-eabi/13.2.1/../../../arm-none-eabi/lib/thumb/v6-m/nofp/libstdc++.a(eh_catch.o) (__cxa_get_globals_fast)
/usr/lib/gcc/arm-none-eabi/13.2.1/../../../arm-none-eabi/lib/thumb/v6-m/nofp/libstdc++.a(eh_personality.o)
                              /usr/lib/gcc/arm-none-eabi/13.2.1/../../../arm-none-eabi/lib/thumb/v6-m/nofp/libstdc++.a(eh_terminate.o) (__gxx_personality_v0)
/usr/lib/gcc/arm-none-eabi/13.2.1/../../../arm-none-eabi/lib/thumb/v6-m/nofp/libstdc++.a(eh_term_handler.o)
                              /usr/lib/gcc/arm-none-eabi/13.2.1/../../../arm-none-eabi/lib/thumb/v6-m/nofp/libstdc++.a(eh_terminate.o) (__cxxabiv1::__terminate_handler)
/usr/lib/gcc/arm-none-eabi/13.2.1/../../../arm-none-eabi/lib/thumb/v6-m/nofp/libstdc++.a(eh_arm.o)
                              /usr/lib/gcc/arm-none-eabi/13.2.1/../../../arm-none-eabi/lib/thumb/v6-m/nofp/libstdc++.a(eh_personality.o) (__cxa_type_match)
[...]
Memory Configuration

Name             Origin             Length             Attributes
FLASH            0x10000000         0x00200000         xr
RAM              0x20000000         0x00040000         xrw
SCRATCH_X        0x20040000         0x00001000         xrw
SCRATCH_Y        0x20041000         0x00001000         xrw
*default*        0x00000000         0xffffffff

Linker script and memory map

LOAD /usr/lib/gcc/arm-none-eabi/13.2.1/thumb/v6-m/nofp/crti.o
LOAD /usr/lib/gcc/arm-none-eabi/13.2.1/thumb/v6-m/nofp/crtbegin.o
LOAD /usr/lib/gcc/arm-none-eabi/13.2.1/../../../arm-none-eabi/lib/thumb/v6-m/nofp/crt0.o

.flash_begin    0x10000000        0x0
                0x10000000                        __flash_binary_start = .

.boot2          0x10000000      0x100
                0x10000000                        __boot2_start__ = .
 *(.boot2)
 .boot2         0x10000000      0x100 pico-sdk/src/rp2040/boot_stage2/CMakeFiles/bs2_default_library.dir/./bs2_default_padded_checksummed.S.o
                0x10000100                        __boot2_end__ = .
                0x00000001                        ASSERT (((__boot2_end__ - __boot2_start__) == 0x100), ERROR: Pico second stage bootloader must be 256 bytes in size)

.text           0x10000100     0x6fb4
                0x10000100                        __logical_binary_start = .
 *(.vectors)
 .vectors       0x10000100       0xd4 CMakeFiles/booyahbox.dir/home/bull/pico/pico-sdk/src/rp2_common/pico_crt0/crt0.S.o
                0x10000100                __vectors
                0x10000100                __VECTOR_TABLE
                0x100001c0                isr_invalid
                0x100001c0                __default_isrs_start
                0x100001c2                isr_nmi
                0x100001c4                isr_hardfault
                0x100001c6                isr_svcall
                0x100001c8                isr_pendsv
                0x100001ca                isr_systick
                0x100001cc                isr_irq30
                0x100001cc                __unhandled_user_irq
                0x100001cc                isr_irq13
                0x100001cc                isr_irq27
                0x100001cc                isr_irq31
                0x100001cc                isr_irq5
                0x100001cc                isr_irq11
                0x100001cc                isr_irq23
                0x100001cc                isr_irq18
                0x100001cc                isr_irq28
                0x100001cc                isr_irq19
                0x100001cc                isr_irq0
                0x100001cc                isr_irq6
                0x100001cc                isr_irq22
                0x100001cc                isr_irq17
                0x100001cc                isr_irq14
                0x100001cc                isr_irq2
                0x100001cc                isr_irq10
                0x100001cc                isr_irq8
                0x100001cc                isr_irq24
                0x100001cc                isr_irq1
                0x100001cc                isr_irq7
                0x100001cc                isr_irq21
                0x100001cc                isr_irq20
                0x100001cc                isr_irq15
                0x100001cc                isr_irq25
                0x100001cc                isr_irq4
                0x100001cc                isr_irq16
                0x100001cc                isr_irq29
                0x100001cc                isr_irq26
                0x100001cc                __default_isrs_end
                0x100001cc                isr_irq3
                0x100001cc                isr_irq12
                0x100001cc                isr_irq9
                0x100001d2                unhandled_user_irq_num_in_r0
 *(.binary_info_header)
 .binary_info_header
                0x100001d4       0x14 CMakeFiles/booyahbox.dir/home/bull/pico/pico-sdk/src/rp2_common/pico_crt0/crt0.S.o
                0x100001e8                        __binary_info_header_end = .
 *(.embedded_block)
                0x100001e8                        __embedded_block_end = .
 *(.reset)
 .reset         0x100001e8       0x9c CMakeFiles/booyahbox.dir/home/bull/pico/pico-sdk/src/rp2_common/pico_crt0/crt0.S.o
                0x100001e8                _entry_point
 *(.init)
 .init          0x10000284        0x4 /usr/lib/gcc/arm-none-eabi/13.2.1/thumb/v6-m/nofp/crti.o
                0x10000284                _init
 *(EXCLUDE_FILE(*libm.a: *libc.a:*lib_a-mem*.o *libgcc.a:) .text*)
 .text          0x10000288       0x98 /usr/lib/gcc/arm-none-eabi/13.2.1/thumb/v6-m/nofp/crtbegin.o
 .text.core1_entry
                0x10000320       0x14 CMakeFiles/booyahbox.dir/src/main.cpp.o
                0x10000320                core1_entry
 .text.tud_descriptor_device_cb
                0x10000334        0x8 CMakeFiles/booyahbox.dir/src/main.cpp.o
                0x10000334                tud_descriptor_device_cb
 .text.tud_descriptor_configuration_cb
                0x1000033c        0x8 CMakeFiles/booyahbox.dir/src/main.cpp.o
                0x1000033c                tud_descriptor_configuration_cb
 .text.tud_hid_descriptor_report_cb
                0x10000344        0x8 CMakeFiles/booyahbox.dir/src/main.cpp.o
                0x10000344                tud_hid_descriptor_report_cb
 .text.tud_descriptor_string_cb
                0x1000034c       0x64 CMakeFiles/booyahbox.dir/src/main.cpp.o
                0x1000034c                tud_descriptor_string_cb
 .text.tud_hid_set_report_cb
                0x100003b0        0x4 CMakeFiles/booyahbox.dir/src/main.cpp.o
                0x100003b0                tud_hid_set_report_cb
 .text.tud_hid_get_report_cb
                0x100003b4        0x4 CMakeFiles/booyahbox.dir/src/main.cpp.o
                0x100003b4                tud_hid_get_report_cb
 .text._Z10setup_pinsv
                0x100003b8       0x8c CMakeFiles/booyahbox.dir/src/main.cpp.o
                0x100003b8                setup_pins()
 .text.startup.main
                0x10000444      0x314 CMakeFiles/booyahbox.dir/src/main.cpp.o
                0x10000444                main
 .text._Z29first_input_priority_strategybbRbRa
                0x10000758       0x34 CMakeFiles/booyahbox.dir/src/socd.cpp.o
                0x10000758                first_input_priority_strategy(bool, bool, bool&, signed char&)
 .text.__tcf_0  0x1000078c       0x28 CMakeFiles/booyahbox.dir/src/socd.cpp.o
 .text._ZNSt17_Function_handlerIFabbRbRaEZ19apply_socd_cleaningbbS0_S1_EUlbbS0_S1_E_E9_M_invokeERKSt9_Any_dataObS8_S0_S1_
                0x100007b4       0x24 CMakeFiles/booyahbox.dir/src/socd.cpp.o
 .text._ZNSt17_Function_handlerIFabbRbRaEZ19apply_socd_cleaningbbS0_S1_EUlbbS0_S1_E0_E9_M_invokeERKSt9_Any_dataObS8_S0_S1_
                0x100007d8       0x24 CMakeFiles/booyahbox.dir/src/socd.cpp.o
 .text._ZNSt17_Function_handlerIFabbRbRaEPS2_E9_M_invokeERKSt9_Any_dataObS8_S0_S1_
                0x100007fc       0x18 CMakeFiles/booyahbox.dir/src/socd.cpp.o
                0x100007fc                std::_Function_handler<signed char (bool, bool, bool&, signed char&), signed char (*)(bool, bool, bool&, signed char&)>::_M_invoke(std::_Any_data const&, bool&&, bool&&, bool&, signed char&)
 .text._ZNSt17_Function_handlerIFabbRbRaEZ19apply_socd_cleaningbbS0_S1_EUlbbS0_S1_E1_E9_M_invokeERKSt9_Any_dataObS8_S0_S1_
                0x10000814       0x54 CMakeFiles/booyahbox.dir/src/socd.cpp.o
 .text._ZNSt17_Function_handlerIFabbRbRaEZ19apply_socd_cleaningbbS0_S1_EUlbbS0_S1_E_E10_M_managerERSt9_Any_dataRKS5_St18_Manager_operation
                0x10000868       0x14 CMakeFiles/booyahbox.dir/src/socd.cpp.o
 .text._ZNSt17_Function_handlerIFabbRbRaEZ19apply_socd_cleaningbbS0_S1_EUlbbS0_S1_E0_E10_M_managerERSt9_Any_dataRKS5_St18_Manager_operation
                0x1000087c       0x14 CMakeFiles/booyahbox.dir/src/socd.cpp.o
 .text._ZNSt17_Function_handlerIFabbRbRaEZ19apply_socd_cleaningbbS0_S1_EUlbbS0_S1_E1_E10_M_managerERSt9_Any_dataRKS5_St18_Manager_operation
                0x10000890       0x14 CMakeFiles/booyahbox.dir/src/socd.cpp.o
 .text._ZNSt17_Function_handlerIFabbRbRaEPS2_E10_M_managerERSt9_Any_dataRKS5_St18_Manager_operation
                0x100008a4       0x24 CMakeFiles/booyahbox.dir/src/socd.cpp.o
                0x100008a4                std::_Function_handler<signed char (bool, bool, bool&, signed char&), signed char (*)(bool, bool, bool&, signed char&)>::_M_manager(std::_Any_data&, std::_Any_data const&, std::_Manager_operation)
 .text._Z19apply_socd_cleaningbbRbRa
                0x100008c8       0xe0 CMakeFiles/booyahbox.dir/src/socd.cpp.o
                0x100008c8                apply_socd_cleaning(bool, bool, bool&, signed char&)
 .text._Z20input_reboot_bootselv
                0x100009a8       0x68 CMakeFiles/booyahbox.dir/src/hotkey.cpp.o
                0x100009a8                input_reboot_bootsel()
 .text.__tcf_0  0x10000a10       0x10 CMakeFiles/booyahbox.dir/src/display.cpp.o
 .text._Z12init_displayv
                0x10000a20       0x90 CMakeFiles/booyahbox.dir/src/display.cpp.o
                0x10000a20                init_display()
 .text._Z12display_taskv
                0x10000ab0      0x1a8 CMakeFiles/booyahbox.dir/src/display.cpp.o
                0x10000ab0                display_task()
 .text.gpio_set_function
                0x10000c58       0x34 CMakeFiles/booyahbox.dir/home/bull/pico/pico-sdk/src/rp2_common/hardware_gpio/gpio.c.o
                0x10000c58                gpio_set_function
 .text.gpio_set_pulls
                0x10000c8c       0x28 CMakeFiles/booyahbox.dir/home/bull/pico/pico-sdk/src/rp2_common/hardware_gpio/gpio.c.o
                0x10000c8c                gpio_set_pulls
 .text.gpio_init
                0x10000cb4       0x40 CMakeFiles/booyahbox.dir/home/bull/pico/pico-sdk/src/rp2_common/hardware_gpio/gpio.c.o
                0x10000cb4                gpio_init
 .text.rp2040_chip_version
                0x10000cf4        0xc CMakeFiles/booyahbox.dir/home/bull/pico/pico-sdk/src/rp2040/pico_platform/platform.c.o
                0x10000cf4                rp2040_chip_version
 .text.panic    0x10000d00       0x30 CMakeFiles/booyahbox.dir/home/bull/pico/pico-sdk/src/rp2_common/pico_platform_panic/panic.c.o
                0x10000d00                panic
 .text.hw_claim_or_assert
                0x10000d30       0x44 CMakeFiles/booyahbox.dir/home/bull/pico/pico-sdk/src/common/hardware_claim/claim.c.o
                0x10000d30                hw_claim_or_assert
 .text.hw_claim_unused_from_range
                0x10000d74       0x9c CMakeFiles/booyahbox.dir/home/bull/pico/pico-sdk/src/common/hardware_claim/claim.c.o
                0x10000d74                hw_claim_unused_from_range
 .text.next_striped_spin_lock_num
                0x10000e10       0x18 CMakeFiles/booyahbox.dir/home/bull/pico/pico-sdk/src/rp2_common/hardware_sync/sync.c.o
                0x10000e10                next_striped_spin_lock_num
 .text.spin_lock_claim_unused
                0x10000e28       0x24 CMakeFiles/booyahbox.dir/home/bull/pico/pico-sdk/src/rp2_common/hardware_sync/sync.c.o
                0x10000e28                spin_lock_claim_unused
 .text.spin_locks_reset
                0x10000e4c       0x1c CMakeFiles/booyahbox.dir/home/bull/pico/pico-sdk/src/rp2_common/hardware_sync_spin_lock/sync_spin_lock.c.o
                0x10000e4c                spin_locks_reset
 .text.runtime_init_per_core_irq_priorities
                0x10000e68       0x24 CMakeFiles/booyahbox.dir/home/bull/pico/pico-sdk/src/rp2_common/hardware_irq/irq.c.o
                0x10000e68                runtime_init_per_core_irq_priorities
 .text.irq_set_enabled
                0x10000e8c       0x24 CMakeFiles/booyahbox.dir/home/bull/pico/pico-sdk/src/rp2_common/hardware_irq/irq.c.o
                0x10000e8c                irq_set_enabled
 .text.irq_is_enabled
                0x10000eb0       0x18 CMakeFiles/booyahbox.dir/home/bull/pico/pico-sdk/src/rp2_common/hardware_irq/irq.c.o
                0x10000eb0                irq_is_enabled
 .text.irq_set_exclusive_handler
                0x10000ec8       0x54 CMakeFiles/booyahbox.dir/home/bull/pico/pico-sdk/src/rp2_common/hardware_irq/irq.c.o
                0x10000ec8                irq_set_exclusive_handler
 .text.irq_add_shared_handler
                0x10000f1c      0x1f4 CMakeFiles/booyahbox.dir/home/bull/pico/pico-sdk/src/rp2_common/hardware_irq/irq.c.o
                0x10000f1c                irq_add_shared_handler
 .text.irq_remove_handler
                0x10001110      0x1d4 CMakeFiles/booyahbox.dir/home/bull/pico/pico-sdk/src/rp2_common/hardware_irq/irq.c.o
                0x10001110                irq_remove_handler
 .text.irq_add_tail_to_free_list
                0x100012e4       0xb4 CMakeFiles/booyahbox.dir/home/bull/pico/pico-sdk/src/rp2_common/hardware_irq/irq.c.o
                0x100012e4                irq_add_tail_to_free_list
 .text.lock_init
                0x10001398       0x10 CMakeFiles/booyahbox.dir/home/bull/pico/pico-sdk/src/common/pico_sync/lock_core.c.o
                0x10001398                lock_init
 .text.runtime_init_mutex
                0x100013a8       0x50 CMakeFiles/booyahbox.dir/home/bull/pico/pico-sdk/src/common/pico_sync/mutex.c.o
                0x100013a8                runtime_init_mutex
 .text.mutex_init
                0x100013f8       0x1c CMakeFiles/booyahbox.dir/home/bull/pico/pico-sdk/src/common/pico_sync/mutex.c.o
                0x100013f8                mutex_init
 .text.critical_section_init
                0x10001414       0x1c CMakeFiles/booyahbox.dir/home/bull/pico/pico-sdk/src/common/pico_sync/critical_section.c.o
                0x10001414                critical_section_init
 .text.sleep_until_callback
                0x10001430       0x30 CMakeFiles/booyahbox.dir/home/bull/pico/pico-sdk/src/common/pico_time/time.c.o
 .text.alarm_pool_irq_handler
                0x10001460      0x2fc CMakeFiles/booyahbox.dir/home/bull/pico/pico-sdk/src/common/pico_time/time.c.o
 .text.runtime_init_default_alarm_pool
                0x1000175c       0xdc CMakeFiles/booyahbox.dir/home/bull/pico/pico-sdk/src/common/pico_time/time.c.o
                0x1000175c                runtime_init_default_alarm_pool
 .text.alarm_pool_add_alarm_at_force_in_context
                0x10001838       0xb0 CMakeFiles/booyahbox.dir/home/bull/pico/pico-sdk/src/common/pico_time/time.c.o
                0x10001838                alarm_pool_add_alarm_at_force_in_context
 .text.alarm_pool_cancel_alarm
                0x100018e8       0x74 CMakeFiles/booyahbox.dir/home/bull/pico/pico-sdk/src/common/pico_time/time.c.o
                0x100018e8                alarm_pool_cancel_alarm
 .text.sleep_until
                0x1000195c       0xd8 CMakeFiles/booyahbox.dir/home/bull/pico/pico-sdk/src/common/pico_time/time.c.o
                0x1000195c                sleep_until
 .text.sleep_ms
                0x10001a34       0x38 CMakeFiles/booyahbox.dir/home/bull/pico/pico-sdk/src/common/pico_time/time.c.o
                0x10001a34                sleep_ms
 .text.best_effort_wfe_or_timeout
                0x10001a6c       0xf8 CMakeFiles/booyahbox.dir/home/bull/pico/pico-sdk/src/common/pico_time/time.c.o
                0x10001a6c                best_effort_wfe_or_timeout
 .text.timer_hardware_alarm_claim
                0x10001b64       0x14 CMakeFiles/booyahbox.dir/home/bull/pico/pico-sdk/src/rp2_common/hardware_timer/timer.c.o
                0x10001b64                timer_hardware_alarm_claim
 .text.timer_time_us_64
                0x10001b78       0x10 CMakeFiles/booyahbox.dir/home/bull/pico/pico-sdk/src/rp2_common/hardware_timer/timer.c.o
                0x10001b78                timer_time_us_64
 .text.time_us_64
                0x10001b88       0x14 CMakeFiles/booyahbox.dir/home/bull/pico/pico-sdk/src/rp2_common/hardware_timer/timer.c.o
                0x10001b88                time_us_64
 .text.busy_wait_us
                0x10001b9c       0x68 CMakeFiles/booyahbox.dir/home/bull/pico/pico-sdk/src/rp2_common/hardware_timer/timer.c.o
                0x10001b9c                busy_wait_us
 .text.busy_wait_until
                0x10001c04       0x20 CMakeFiles/booyahbox.dir/home/bull/pico/pico-sdk/src/rp2_common/hardware_timer/timer.c.o
                0x10001c04                busy_wait_until
 .text.uart_init
                0x10001c24      0x120 CMakeFiles/booyahbox.dir/home/bull/pico/pico-sdk/src/rp2_common/hardware_uart/uart.c.o
                0x10001c24                uart_init
 .text.clock_configure_int_divider
                0x10001d44       0xf4 CMakeFiles/booyahbox.dir/home/bull/pico/pico-sdk/src/rp2_common/hardware_clocks/clocks.c.o
                0x10001d44                clock_configure_int_divider
 .text.clock_configure_undivided
                0x10001e38       0xe8 CMakeFiles/booyahbox.dir/home/bull/pico/pico-sdk/src/rp2_common/hardware_clocks/clocks.c.o
                0x10001e38                clock_configure_undivided
 .text.clock_get_hz
                0x10001f20        0xc CMakeFiles/booyahbox.dir/home/bull/pico/pico-sdk/src/rp2_common/hardware_clocks/clocks.c.o
                0x10001f20                clock_get_hz
 .text.pll_init
                0x10001f2c       0xa4 CMakeFiles/booyahbox.dir/home/bull/pico/pico-sdk/src/rp2_common/hardware_pll/pll.c.o
                0x10001f2c                pll_init
 .text.tick_start
                0x10001fd0       0x10 CMakeFiles/booyahbox.dir/home/bull/pico/pico-sdk/src/rp2_common/hardware_ticks/ticks.c.o
                0x10001fd0                tick_start
 .text.rom_func_lookup
                0x10001fe0       0x10 CMakeFiles/booyahbox.dir/home/bull/pico/pico-sdk/src/rp2_common/pico_bootrom/bootrom.c.o
                0x10001fe0                rom_func_lookup
 .text.rom_data_lookup
                0x10001ff0       0x10 CMakeFiles/booyahbox.dir/home/bull/pico/pico-sdk/src/rp2_common/pico_bootrom/bootrom.c.o
                0x10001ff0                rom_data_lookup
 .text.rom_funcs_lookup
                0x10002000       0x44 CMakeFiles/booyahbox.dir/home/bull/pico/pico-sdk/src/rp2_common/pico_bootrom/bootrom.c.o
                0x10002000                rom_funcs_lookup
 .text.rom_reset_usb_boot
                0x10002044       0x20 CMakeFiles/booyahbox.dir/home/bull/pico/pico-sdk/src/rp2_common/pico_bootrom/bootrom.c.o
                0x10002044                rom_reset_usb_boot
 .text.xosc_init
                0x10002064       0x28 CMakeFiles/booyahbox.dir/home/bull/pico/pico-sdk/src/rp2_common/hardware_xosc/xosc.c.o
                0x10002064                xosc_init
 .text.first_per_core_initializer
                0x1000208c        0x4 CMakeFiles/booyahbox.dir/home/bull/pico/pico-sdk/src/rp2_common/pico_runtime/runtime.c.o
 .text.hard_assertion_failure
                0x10002090        0xc CMakeFiles/booyahbox.dir/home/bull/pico/pico-sdk/src/rp2_common/pico_runtime/runtime.c.o
                0x10002090                hard_assertion_failure
 .text.runtime_run_initializers
                0x1000209c       0x28 CMakeFiles/booyahbox.dir/home/bull/pico/pico-sdk/src/rp2_common/pico_runtime/runtime.c.o
                0x1000209c                runtime_run_initializers
 .text.runtime_run_per_core_initializers
                0x100020c4       0x28 CMakeFiles/booyahbox.dir/home/bull/pico/pico-sdk/src/rp2_common/pico_runtime/runtime.c.o
                0x100020c4                runtime_run_per_core_initializers
 .text.runtime_init_early_resets
                0x100020ec       0x2c CMakeFiles/booyahbox.dir/home/bull/pico/pico-sdk/src/rp2_common/pico_runtime_init/runtime_init.c.o
                0x100020ec                runtime_init_early_resets
 .text.runtime_init_usb_power_down
                0x10002118       0x1c CMakeFiles/booyahbox.dir/home/bull/pico/pico-sdk/src/rp2_common/pico_runtime_init/runtime_init.c.o
                0x10002118                runtime_init_usb_power_down
 .text.runtime_init_post_clock_resets
                0x10002134       0x20 CMakeFiles/booyahbox.dir/home/bull/pico/pico-sdk/src/rp2_common/pico_runtime_init/runtime_init.c.o
                0x10002134                runtime_init_post_clock_resets
 .text.runtime_init_rp2040_gpio_ie_disable
                0x10002154       0x14 CMakeFiles/booyahbox.dir/home/bull/pico/pico-sdk/src/rp2_common/pico_runtime_init/runtime_init.c.o
                0x10002154                runtime_init_rp2040_gpio_ie_disable
 .text.runtime_init_spin_locks_reset
                0x10002168        0x8 CMakeFiles/booyahbox.dir/home/bull/pico/pico-sdk/src/rp2_common/pico_runtime_init/runtime_init.c.o
                0x10002168                runtime_init_spin_locks_reset
 .text.runtime_init_install_ram_vector_table
                0x10002170       0x1c CMakeFiles/booyahbox.dir/home/bull/pico/pico-sdk/src/rp2_common/pico_runtime_init/runtime_init.c.o
                0x10002170                runtime_init_install_ram_vector_table
 .text.runtime_init_clocks
                0x1000218c       0xd8 CMakeFiles/booyahbox.dir/home/bull/pico/pico-sdk/src/rp2_common/pico_runtime_init/runtime_init_clocks.c.o
                0x1000218c                runtime_init_clocks
 .text          0x10002264       0x10 CMakeFiles/booyahbox.dir/home/bull/pico/pico-sdk/src/rp2_common/pico_bit_ops/bit_ops_aeabi.S.o
 .text.__wrap___aeabi_idiv
                0x10002274       0x50 CMakeFiles/booyahbox.dir/home/bull/pico/pico-sdk/src/rp2_common/pico_divider/divider_hardware.S.o
                0x10002274                __wrap___aeabi_idivmod
                0x10002274                divmod_s32s32
                0x10002274                div_s32s32
                0x10002274                __wrap___aeabi_idiv
                0x1000227c                divmod_s32s32_unsafe
                0x100022a8                divmod_s32s32_savestate
 .text.__wrap___aeabi_uidiv
                0x100022c4       0x4c CMakeFiles/booyahbox.dir/home/bull/pico/pico-sdk/src/rp2_common/pico_divider/divider_hardware.S.o
                0x100022c4                __wrap___aeabi_uidiv
                0x100022c4                __wrap___aeabi_uidivmod
                0x100022c4                div_u32u32
                0x100022c4                divmod_u32u32
                0x100022cc                divmod_u32u32_unsafe
                0x100022f4                divmod_u32u32_savestate
 .text.__aeabi_double_init
                0x10002310       0xa4 CMakeFiles/booyahbox.dir/home/bull/pico/pico-sdk/src/rp2_common/pico_double/double_init_rom_rp2040.c.o
                0x10002310                __aeabi_double_init
 .text.double_table_shim_on_use_helper
                0x100023b4       0x2c CMakeFiles/booyahbox.dir/home/bull/pico/pico-sdk/src/rp2_common/pico_double/double_v1_rom_shim_rp2040.S.o
                0x100023b4                double_table_shim_on_use_helper
 .text.__aeabi_lmul
                0x100023e0       0x32 CMakeFiles/booyahbox.dir/home/bull/pico/pico-sdk/src/rp2_common/pico_int64_ops/pico_int64_ops_aeabi.S.o
                0x100023e0                __wrap___aeabi_lmul
 *fill*         0x10002412        0x2 
 .text.__aeabi_float_init
                0x10002414       0x64 CMakeFiles/booyahbox.dir/home/bull/pico/pico-sdk/src/rp2_common/pico_float/float_init_rom_rp2040.c.o
                0x10002414                __aeabi_float_init
 .text.float_table_shim_on_use_helper
                0x10002478       0x2c CMakeFiles/booyahbox.dir/home/bull/pico/pico-sdk/src/rp2_common/pico_float/float_v1_rom_shim_rp2040.S.o
                0x10002478                float_table_shim_on_use_helper
 .text.__wrap_malloc
                0x100024a4       0x3c CMakeFiles/booyahbox.dir/home/bull/pico/pico-sdk/src/rp2_common/pico_malloc/malloc.c.o
                0x100024a4                __wrap_malloc
 .text.__wrap_free
                0x100024e0       0x20 CMakeFiles/booyahbox.dir/home/bull/pico/pico-sdk/src/rp2_common/pico_malloc/malloc.c.o
                0x100024e0                __wrap_free
 .text          0x10002500       0x10 CMakeFiles/booyahbox.dir/home/bull/pico/pico-sdk/src/rp2_common/pico_mem_ops/mem_ops_aeabi.S.o
                0x10002500                __aeabi_mem_init
 .text.memset   0x10002510        0xc CMakeFiles/booyahbox.dir/home/bull/pico/pico-sdk/src/rp2_common/pico_mem_ops/mem_ops_aeabi.S.o
                0x10002510                __wrap_memset
 .text.memcpy   0x1000251c        0xc CMakeFiles/booyahbox.dir/home/bull/pico/pico-sdk/src/rp2_common/pico_mem_ops/mem_ops_aeabi.S.o
                0x1000251c                __wrap___aeabi_memcpy
                0x1000251c                __wrap_memcpy
 .text._Znaj    0x10002528        0x8 CMakeFiles/booyahbox.dir/home/bull/pico/pico-sdk/src/rp2_common/pico_cxx_options/new_delete.cpp.o
                0x10002528                operator new[](unsigned int)
 .text._ZdlPv   0x10002530        0x8 CMakeFiles/booyahbox.dir/home/bull/pico/pico-sdk/src/rp2_common/pico_cxx_options/new_delete.cpp.o
                0x10002530                operator delete(void*)
 .text._ZdaPv   0x10002538        0x8 CMakeFiles/booyahbox.dir/home/bull/pico/pico-sdk/src/rp2_common/pico_cxx_options/new_delete.cpp.o
                0x10002538                operator delete[](void*)
 .text._ZdlPvj  0x10002540        0x8 CMakeFiles/booyahbox.dir/home/bull/pico/pico-sdk/src/rp2_common/pico_cxx_options/new_delete.cpp.o
                0x10002540                operator delete(void*, unsigned int)
 .text._out_char
                0x10002548       0x10 CMakeFiles/booyahbox.dir/home/bull/pico/pico-sdk/src/rp2_common/pico_printf/printf.c.o
 .text.weak_raw_vprintf
                0x10002558       0x30 CMakeFiles/booyahbox.dir/home/bull/pico/pico-sdk/src/rp2_common/pico_printf/printf.c.o
                0x10002558                weak_raw_vprintf
 .text._exit    0x10002588        0x4 CMakeFiles/booyahbox.dir/home/bull/pico/pico-sdk/src/rp2_common/pico_clib_interface/newlib_interface.c.o
                0x10002588                _exit
 .text._sbrk    0x1000258c       0x34 CMakeFiles/booyahbox.dir/home/bull/pico/pico-sdk/src/rp2_common/pico_clib_interface/newlib_interface.c.o
                0x1000258c                _sbrk
 .text._getpid  0x100025c0        0x4 CMakeFiles/booyahbox.dir/home/bull/pico/pico-sdk/src/rp2_common/pico_clib_interface/newlib_interface.c.o
                0x100025c0                _getpid
 .text._kill    0x100025c4        0x8 CMakeFiles/booyahbox.dir/home/bull/pico/pico-sdk/src/rp2_common/pico_clib_interface/newlib_interface.c.o
                0x100025c4                _kill
 .text.exit     0x100025cc        0x8 CMakeFiles/booyahbox.dir/home/bull/pico/pico-sdk/src/rp2_common/pico_clib_interface/newlib_interface.c.o
                0x100025cc                exit
 .text.runtime_init
                0x100025d4       0x2c CMakeFiles/booyahbox.dir/home/bull/pico/pico-sdk/src/rp2_common/pico_clib_interface/newlib_interface.c.o
                0x100025d4                runtime_init
 .text.stdio_out_chars_no_crlf
                0x10002600       0x10 CMakeFiles/booyahbox.dir/home/bull/pico/pico-sdk/src/rp2_common/pico_stdio/stdio.c.o
 .text.stdio_out_chars_crlf
                0x10002610       0x94 CMakeFiles/booyahbox.dir/home/bull/pico/pico-sdk/src/rp2_common/pico_stdio/stdio.c.o
 .text.stdio_put_string
                0x100026a4      0x100 CMakeFiles/booyahbox.dir/home/bull/pico/pico-sdk/src/rp2_common/pico_stdio/stdio.c.o
                0x100026a4                stdio_put_string
 .text.stdio_set_driver_enabled
                0x100027a4       0x30 CMakeFiles/booyahbox.dir/home/bull/pico/pico-sdk/src/rp2_common/pico_stdio/stdio.c.o
                0x100027a4                stdio_set_driver_enabled
 .text.stdio_init_all
                0x100027d4        0xc CMakeFiles/booyahbox.dir/home/bull/pico/pico-sdk/src/rp2_common/pico_stdio/stdio.c.o
                0x100027d4                stdio_init_all
 .text.__wrap_putchar
                0x100027e0       0x98 CMakeFiles/booyahbox.dir/home/bull/pico/pico-sdk/src/rp2_common/pico_stdio/stdio.c.o
                0x100027e0                stdio_putchar
                0x100027e0                __wrap_putchar
 .text.__wrap_puts
                0x10002878       0x3c CMakeFiles/booyahbox.dir/home/bull/pico/pico-sdk/src/rp2_common/pico_stdio/stdio.c.o
                0x10002878                __wrap_puts
                0x10002878                stdio_puts
 .text.stdio_uart_out_chars
                0x100028b4       0x4c CMakeFiles/booyahbox.dir/home/bull/pico/pico-sdk/src/rp2_common/pico_stdio_uart/stdio_uart.c.o
 .text.stdio_uart_in_chars
                0x10002900       0x90 CMakeFiles/booyahbox.dir/home/bull/pico/pico-sdk/src/rp2_common/pico_stdio_uart/stdio_uart.c.o
                0x10002900                stdio_uart_in_chars
 .text.on_uart_rx
                0x10002990       0x28 CMakeFiles/booyahbox.dir/home/bull/pico/pico-sdk/src/rp2_common/pico_stdio_uart/stdio_uart.c.o
 .text.stdio_uart_out_flush
                0x100029b8       0x14 CMakeFiles/booyahbox.dir/home/bull/pico/pico-sdk/src/rp2_common/pico_stdio_uart/stdio_uart.c.o
 .text.stdio_uart_set_chars_available_callback
                0x100029cc       0x84 CMakeFiles/booyahbox.dir/home/bull/pico/pico-sdk/src/rp2_common/pico_stdio_uart/stdio_uart.c.o
 .text.stdio_uart_init
                0x10002a50       0x50 CMakeFiles/booyahbox.dir/home/bull/pico/pico-sdk/src/rp2_common/pico_stdio_uart/stdio_uart.c.o
                0x10002a50                stdio_uart_init
 .text.stdio_uart_init_full
                0x10002aa0       0x3c CMakeFiles/booyahbox.dir/home/bull/pico/pico-sdk/src/rp2_common/pico_stdio_uart/stdio_uart.c.o
                0x10002aa0                stdio_uart_init_full
 .text.i2c_write_blocking_internal.constprop.0
                0x10002adc       0xd0 CMakeFiles/booyahbox.dir/home/bull/pico/pico-sdk/src/rp2_common/hardware_i2c/i2c.c.o
 .text.i2c_set_baudrate
                0x10002bac       0xc0 CMakeFiles/booyahbox.dir/home/bull/pico/pico-sdk/src/rp2_common/hardware_i2c/i2c.c.o
                0x10002bac                i2c_set_baudrate
 .text.i2c_init
                0x10002c6c       0x50 CMakeFiles/booyahbox.dir/home/bull/pico/pico-sdk/src/rp2_common/hardware_i2c/i2c.c.o
                0x10002c6c                i2c_init
 .text.i2c_write_blocking
                0x10002cbc       0x14 CMakeFiles/booyahbox.dir/home/bull/pico/pico-sdk/src/rp2_common/hardware_i2c/i2c.c.o
                0x10002cbc                i2c_write_blocking
 .text.flash_get_unique_id
                0x10002cd0       0x3c CMakeFiles/booyahbox.dir/home/bull/pico/pico-sdk/src/rp2_common/hardware_flash/flash.c.o
                0x10002cd0                flash_get_unique_id
 .text.dcd_init
                0x10002d0c       0x90 CMakeFiles/booyahbox.dir/home/bull/pico/pico-sdk/lib/tinyusb/src/portable/raspberrypi/rp2040/dcd_rp2040.c.o
                0x10002d0c                dcd_init
 .text.dcd_int_enable
                0x10002d9c        0xc CMakeFiles/booyahbox.dir/home/bull/pico/pico-sdk/lib/tinyusb/src/portable/raspberrypi/rp2040/dcd_rp2040.c.o
                0x10002d9c                dcd_int_enable
 .text.dcd_set_address
                0x10002da8       0x14 CMakeFiles/booyahbox.dir/home/bull/pico/pico-sdk/lib/tinyusb/src/portable/raspberrypi/rp2040/dcd_rp2040.c.o
                0x10002da8                dcd_set_address
 .text.dcd_sof_enable
                0x10002dbc       0x1c CMakeFiles/booyahbox.dir/home/bull/pico/pico-sdk/lib/tinyusb/src/portable/raspberrypi/rp2040/dcd_rp2040.c.o
                0x10002dbc                dcd_sof_enable
 .text.dcd_edpt0_status_complete
                0x10002dd8       0x1c CMakeFiles/booyahbox.dir/home/bull/pico/pico-sdk/lib/tinyusb/src/portable/raspberrypi/rp2040/dcd_rp2040.c.o
                0x10002dd8                dcd_edpt0_status_complete
 .text.dcd_edpt_open
                0x10002df4      0x114 CMakeFiles/booyahbox.dir/home/bull/pico/pico-sdk/lib/tinyusb/src/portable/raspberrypi/rp2040/dcd_rp2040.c.o
                0x10002df4                dcd_edpt_open
 .text.dcd_edpt_close_all
                0x10002f08        0x8 CMakeFiles/booyahbox.dir/home/bull/pico/pico-sdk/lib/tinyusb/src/portable/raspberrypi/rp2040/dcd_rp2040.c.o
                0x10002f08                dcd_edpt_close_all
 .text.dcd_edpt_xfer
                0x10002f10       0x24 CMakeFiles/booyahbox.dir/home/bull/pico/pico-sdk/lib/tinyusb/src/portable/raspberrypi/rp2040/dcd_rp2040.c.o
                0x10002f10                dcd_edpt_xfer
 .text.dcd_edpt_stall
                0x10002f34       0x34 CMakeFiles/booyahbox.dir/home/bull/pico/pico-sdk/lib/tinyusb/src/portable/raspberrypi/rp2040/dcd_rp2040.c.o
                0x10002f34                dcd_edpt_stall
 .text.dcd_edpt_clear_stall
                0x10002f68       0x30 CMakeFiles/booyahbox.dir/home/bull/pico/pico-sdk/lib/tinyusb/src/portable/raspberrypi/rp2040/dcd_rp2040.c.o
                0x10002f68                dcd_edpt_clear_stall
 .text.rp2040_usb_init
                0x10002f98       0x40 CMakeFiles/booyahbox.dir/home/bull/pico/pico-sdk/lib/tinyusb/src/portable/raspberrypi/rp2040/rp2040_usb.c.o
                0x10002f98                rp2040_usb_init
 .text.hw_endpoint_xfer_start
                0x10002fd8       0x40 CMakeFiles/booyahbox.dir/home/bull/pico/pico-sdk/lib/tinyusb/src/portable/raspberrypi/rp2040/rp2040_usb.c.o
                0x10002fd8                hw_endpoint_xfer_start
 .text.tud_vendor_control_xfer_cb
                0x10003018        0x4 CMakeFiles/booyahbox.dir/home/bull/pico/pico-sdk/lib/tinyusb/src/device/usbd.c.o
                0x10003018                tud_vendor_control_xfer_cb
 .text.tud_event_hook_cb
                0x1000301c        0x4 CMakeFiles/booyahbox.dir/home/bull/pico/pico-sdk/lib/tinyusb/src/device/usbd.c.o
                0x1000301c                tud_event_hook_cb
 .text.tud_sof_cb
                0x10003020        0x4 CMakeFiles/booyahbox.dir/home/bull/pico/pico-sdk/lib/tinyusb/src/device/usbd.c.o
                0x10003020                tud_sof_cb
 .text.tud_descriptor_bos_cb
                0x10003024        0x4 CMakeFiles/booyahbox.dir/home/bull/pico/pico-sdk/lib/tinyusb/src/device/usbd.c.o
                0x10003024                tud_descriptor_bos_cb
 .text.tud_descriptor_device_qualifier_cb
                0x10003028        0x4 CMakeFiles/booyahbox.dir/home/bull/pico/pico-sdk/lib/tinyusb/src/device/usbd.c.o
                0x10003028                tud_descriptor_device_qualifier_cb
 .text.tud_descriptor_other_speed_configuration_cb
                0x1000302c        0x4 CMakeFiles/booyahbox.dir/home/bull/pico/pico-sdk/lib/tinyusb/src/device/usbd.c.o
                0x1000302c                tud_descriptor_other_speed_configuration_cb
 .text.tud_mount_cb
                0x10003030        0x4 CMakeFiles/booyahbox.dir/home/bull/pico/pico-sdk/lib/tinyusb/src/device/usbd.c.o
                0x10003030                tud_mount_cb
 .text.tud_umount_cb
                0x10003034        0x4 CMakeFiles/booyahbox.dir/home/bull/pico/pico-sdk/lib/tinyusb/src/device/usbd.c.o
                0x10003034                tud_umount_cb
 .text.tud_suspend_cb
                0x10003038        0x4 CMakeFiles/booyahbox.dir/home/bull/pico/pico-sdk/lib/tinyusb/src/device/usbd.c.o
                0x10003038                tud_suspend_cb
 .text.tud_resume_cb
                0x1000303c        0x4 CMakeFiles/booyahbox.dir/home/bull/pico/pico-sdk/lib/tinyusb/src/device/usbd.c.o
                0x1000303c                tud_resume_cb
 .text.tud_mounted
                0x10003040       0x10 CMakeFiles/booyahbox.dir/home/bull/pico/pico-sdk/lib/tinyusb/src/device/usbd.c.o
                0x10003040                tud_mounted
 .text.tud_suspended
                0x10003050       0x10 CMakeFiles/booyahbox.dir/home/bull/pico/pico-sdk/lib/tinyusb/src/device/usbd.c.o
                0x10003050                tud_suspended
 .text.tud_rhport_init
                0x10003060       0xf4 CMakeFiles/booyahbox.dir/home/bull/pico/pico-sdk/lib/tinyusb/src/device/usbd.c.o
                0x10003060                tud_rhport_init
 .text.tud_task_ext
                0x10003154      0x7c0 CMakeFiles/booyahbox.dir/home/bull/pico/pico-sdk/lib/tinyusb/src/device/usbd.c.o
                0x10003154                tud_task_ext
 .text.usbd_open_edpt_pair
                0x10003914       0x9c CMakeFiles/booyahbox.dir/home/bull/pico/pico-sdk/lib/tinyusb/src/device/usbd.c.o
                0x10003914                usbd_open_edpt_pair
 .text.usbd_edpt_claim
                0x100039b0       0x28 CMakeFiles/booyahbox.dir/home/bull/pico/pico-sdk/lib/tinyusb/src/device/usbd.c.o
                0x100039b0                usbd_edpt_claim
 .text.usbd_edpt_xfer
                0x100039d8       0x4c CMakeFiles/booyahbox.dir/home/bull/pico/pico-sdk/lib/tinyusb/src/device/usbd.c.o
                0x100039d8                usbd_edpt_xfer
 .text.usbd_edpt_busy
                0x10003a24       0x1c CMakeFiles/booyahbox.dir/home/bull/pico/pico-sdk/lib/tinyusb/src/device/usbd.c.o
                0x10003a24                usbd_edpt_busy
 .text.tud_control_status
                0x10003a40       0x2c CMakeFiles/booyahbox.dir/home/bull/pico/pico-sdk/lib/tinyusb/src/device/usbd_control.c.o
                0x10003a40                tud_control_status
 .text.tud_control_xfer
                0x10003a6c       0xac CMakeFiles/booyahbox.dir/home/bull/pico/pico-sdk/lib/tinyusb/src/device/usbd_control.c.o
                0x10003a6c                tud_control_xfer
 .text.usbd_control_reset
                0x10003b18       0x14 CMakeFiles/booyahbox.dir/home/bull/pico/pico-sdk/lib/tinyusb/src/device/usbd_control.c.o
                0x10003b18                usbd_control_reset
 .text.usbd_control_set_complete_callback
                0x10003b2c        0xc CMakeFiles/booyahbox.dir/home/bull/pico/pico-sdk/lib/tinyusb/src/device/usbd_control.c.o
                0x10003b2c                usbd_control_set_complete_callback
 .text.usbd_control_set_request
                0x10003b38       0x1c CMakeFiles/booyahbox.dir/home/bull/pico/pico-sdk/lib/tinyusb/src/device/usbd_control.c.o
                0x10003b38                usbd_control_set_request
 .text.usbd_control_xfer_cb
                0x10003b54       0xec CMakeFiles/booyahbox.dir/home/bull/pico/pico-sdk/lib/tinyusb/src/device/usbd_control.c.o
                0x10003b54                usbd_control_xfer_cb
 .text.tud_hid_set_protocol_cb
                0x10003c40        0x4 CMakeFiles/booyahbox.dir/home/bull/pico/pico-sdk/lib/tinyusb/src/class/hid/hid_device.c.o
                0x10003c40                tud_hid_set_protocol_cb
 .text.tud_hid_set_idle_cb
                0x10003c44        0x4 CMakeFiles/booyahbox.dir/home/bull/pico/pico-sdk/lib/tinyusb/src/class/hid/hid_device.c.o
                0x10003c44                tud_hid_set_idle_cb
 .text.tud_hid_report_complete_cb
                0x10003c48        0x4 CMakeFiles/booyahbox.dir/home/bull/pico/pico-sdk/lib/tinyusb/src/class/hid/hid_device.c.o
                0x10003c48                tud_hid_report_complete_cb
 .text.tud_hid_report_failed_cb
                0x10003c4c        0x4 CMakeFiles/booyahbox.dir/home/bull/pico/pico-sdk/lib/tinyusb/src/class/hid/hid_device.c.o
                0x10003c4c                tud_hid_report_failed_cb
 .text.tud_hid_n_ready
                0x10003c50       0x38 CMakeFiles/booyahbox.dir/home/bull/pico/pico-sdk/lib/tinyusb/src/class/hid/hid_device.c.o
                0x10003c50                tud_hid_n_ready
 .text.tud_hid_n_report
                0x10003c88       0x78 CMakeFiles/booyahbox.dir/home/bull/pico/pico-sdk/lib/tinyusb/src/class/hid/hid_device.c.o
                0x10003c88                tud_hid_n_report
 .text.hidd_init
                0x10003d00       0x14 CMakeFiles/booyahbox.dir/home/bull/pico/pico-sdk/lib/tinyusb/src/class/hid/hid_device.c.o
                0x10003d00                hidd_init
 .text.hidd_deinit
                0x10003d14        0x4 CMakeFiles/booyahbox.dir/home/bull/pico/pico-sdk/lib/tinyusb/src/class/hid/hid_device.c.o
                0x10003d14                hidd_deinit
 .text.hidd_reset
                0x10003d18       0x14 CMakeFiles/booyahbox.dir/home/bull/pico/pico-sdk/lib/tinyusb/src/class/hid/hid_device.c.o
                0x10003d18                hidd_reset
 .text.hidd_open
                0x10003d2c       0x8c CMakeFiles/booyahbox.dir/home/bull/pico/pico-sdk/lib/tinyusb/src/class/hid/hid_device.c.o
                0x10003d2c                hidd_open
 .text.hidd_control_xfer_cb
                0x10003db8      0x1ac CMakeFiles/booyahbox.dir/home/bull/pico/pico-sdk/lib/tinyusb/src/class/hid/hid_device.c.o
                0x10003db8                hidd_control_xfer_cb
 .text.hidd_xfer_cb
                0x10003f64       0x7c CMakeFiles/booyahbox.dir/home/bull/pico/pico-sdk/lib/tinyusb/src/class/hid/hid_device.c.o
                0x10003f64                hidd_xfer_cb
 .text.tusb_rhport_init
                0x10003fe0       0x48 CMakeFiles/booyahbox.dir/home/bull/pico/pico-sdk/lib/tinyusb/src/tusb.c.o
                0x10003fe0                tusb_rhport_init
 .text.tu_edpt_claim
                0x10004028       0x50 CMakeFiles/booyahbox.dir/home/bull/pico/pico-sdk/lib/tinyusb/src/tusb.c.o
                0x10004028                tu_edpt_claim
 .text.tu_edpt_validate
                0x10004078       0x7c CMakeFiles/booyahbox.dir/home/bull/pico/pico-sdk/lib/tinyusb/src/tusb.c.o
                0x10004078                tu_edpt_validate
 .text.tu_edpt_bind_driver
                0x100040f4       0x34 CMakeFiles/booyahbox.dir/home/bull/pico/pico-sdk/lib/tinyusb/src/tusb.c.o
                0x100040f4                tu_edpt_bind_driver
 .text.tu_fifo_read
                0x10004128       0x9c CMakeFiles/booyahbox.dir/home/bull/pico/pico-sdk/lib/tinyusb/src/common/tusb_fifo.c.o
                0x10004128                tu_fifo_read
 .text.tu_fifo_write
                0x100041c4       0xa8 CMakeFiles/booyahbox.dir/home/bull/pico/pico-sdk/lib/tinyusb/src/common/tusb_fifo.c.o
                0x100041c4                tu_fifo_write
 .text.tu_fifo_clear
                0x1000426c       0x40 CMakeFiles/booyahbox.dir/home/bull/pico/pico-sdk/lib/tinyusb/src/common/tusb_fifo.c.o
                0x1000426c                tu_fifo_clear
 .text.board_init
                0x100042ac       0x30 CMakeFiles/booyahbox.dir/home/bull/pico/pico-sdk/lib/tinyusb/hw/bsp/rp2040/family.c.o
                0x100042ac                board_init
 .text.startup._retrieve_unique_id_on_boot
                0x100042dc       0x10 CMakeFiles/booyahbox.dir/home/bull/pico/pico-sdk/src/rp2_common/pico_unique_id/unique_id.c.o
 .text.core1_trampoline
                0x100042ec        0x4 CMakeFiles/booyahbox.dir/home/bull/pico/pico-sdk/src/rp2_common/pico_multicore/multicore.c.o
 .text.core1_wrapper
                0x100042f0        0xc CMakeFiles/booyahbox.dir/home/bull/pico/pico-sdk/src/rp2_common/pico_multicore/multicore.c.o
                0x100042f0                core1_wrapper
 .text.multicore_launch_core1_raw
                0x100042fc       0x84 CMakeFiles/booyahbox.dir/home/bull/pico/pico-sdk/src/rp2_common/pico_multicore/multicore.c.o
                0x100042fc                multicore_launch_core1_raw
 .text.multicore_launch_core1
                0x10004380       0x58 CMakeFiles/booyahbox.dir/home/bull/pico/pico-sdk/src/rp2_common/pico_multicore/multicore.c.o
                0x10004380                multicore_launch_core1
 .text._ZN12pico_ssd13067SSD13068setPixelEssNS_9WriteModeE
                0x100043d8       0x78 lib/pico-ssd1306/libpico_ssd1306.a(ssd1306.cpp.o)
                0x100043d8                pico_ssd1306::SSD1306::setPixel(short, short, pico_ssd1306::WriteMode)
 .text._ZN12pico_ssd13067SSD130610sendBufferEv
                0x10004450       0xb4 lib/pico-ssd1306/libpico_ssd1306.a(ssd1306.cpp.o)
                0x10004450                pico_ssd1306::SSD1306::sendBuffer()
 .text._ZN12pico_ssd13067SSD1306C2EP8i2c_insttNS_4SizeE
                0x10004504       0xa0 lib/pico-ssd1306/libpico_ssd1306.a(ssd1306.cpp.o)
                0x10004504                pico_ssd1306::SSD1306::SSD1306(i2c_inst*, unsigned short, pico_ssd1306::Size)
                0x10004504                pico_ssd1306::SSD1306::SSD1306(i2c_inst*, unsigned short, pico_ssd1306::Size)
 .text._ZN12pico_ssd13067SSD13065clearEv
                0x100045a4        0xc lib/pico-ssd1306/libpico_ssd1306.a(ssd1306.cpp.o)
                0x100045a4                pico_ssd1306::SSD1306::clear()
 .text._ZN12pico_ssd13067SSD130614addBitmapImageEsshhPhNS_9WriteModeE
                0x100045b0      0x4d0 lib/pico-ssd1306/libpico_ssd1306.a(ssd1306.cpp.o)
                0x100045b0                pico_ssd1306::SSD1306::addBitmapImage(short, short, unsigned char, unsigned char, unsigned char*, pico_ssd1306::WriteMode)
 .text._ZN11FrameBufferC2Ev
                0x10004a80       0x14 lib/pico-ssd1306/libpico_ssd1306.a(FrameBuffer.cpp.o)
                0x10004a80                FrameBuffer::FrameBuffer()
                0x10004a80                FrameBuffer::FrameBuffer()
 .text._ZN11FrameBufferD2Ev
                0x10004a94       0x14 lib/pico-ssd1306/libpico_ssd1306.a(FrameBuffer.cpp.o)
                0x10004a94                FrameBuffer::~FrameBuffer()
                0x10004a94                FrameBuffer::~FrameBuffer()
 .text._ZN11FrameBuffer6byteOREih
                0x10004aa8       0x14 lib/pico-ssd1306/libpico_ssd1306.a(FrameBuffer.cpp.o)
                0x10004aa8                FrameBuffer::byteOR(int, unsigned char)
 .text._ZN11FrameBuffer7byteANDEih
                0x10004abc       0x14 lib/pico-ssd1306/libpico_ssd1306.a(FrameBuffer.cpp.o)
                0x10004abc                FrameBuffer::byteAND(int, unsigned char)
 .text._ZN11FrameBuffer7byteXOREih
                0x10004ad0       0x14 lib/pico-ssd1306/libpico_ssd1306.a(FrameBuffer.cpp.o)
                0x10004ad0                FrameBuffer::byteXOR(int, unsigned char)
 .text._ZN11FrameBuffer5clearEv
                0x10004ae4       0x10 lib/pico-ssd1306/libpico_ssd1306.a(FrameBuffer.cpp.o)
                0x10004ae4                FrameBuffer::clear()
 .text._ZN11FrameBuffer3getEv
                0x10004af4        0x4 lib/pico-ssd1306/libpico_ssd1306.a(FrameBuffer.cpp.o)
                0x10004af4                FrameBuffer::get()
 .text._ZN12pico_ssd13068drawTextEPNS_7SSD1306EPKhPKchhNS_9WriteModeENS_8RotationE
                0x10004af8      0x1a0 lib/pico-ssd1306/textRenderer/libssd1306_textRenderer.a(TextRenderer.cpp.o)
                0x10004af8                pico_ssd1306::drawText(pico_ssd1306::SSD1306*, unsigned char const*, char const*, unsigned char, unsigned char, pico_ssd1306::WriteMode, pico_ssd1306::Rotation)
 .text.__cxa_guard_acquire
                0x10004c98       0x38 /usr/lib/gcc/arm-none-eabi/13.2.1/../../../arm-none-eabi/lib/thumb/v6-m/nofp/libstdc++.a(guard.o)
                0x10004c98                __cxa_guard_acquire
 .text.__cxa_guard_release
                0x10004cd0        0x8 /usr/lib/gcc/arm-none-eabi/13.2.1/../../../arm-none-eabi/lib/thumb/v6-m/nofp/libstdc++.a(guard.o)
                0x10004cd0                __cxa_guard_release
 .text._ZN9__gnu_cxx20recursive_init_errorD2Ev
                0x10004cd8       0x14 /usr/lib/gcc/arm-none-eabi/13.2.1/../../../arm-none-eabi/lib/thumb/v6-m/nofp/libstdc++.a(guard_error.o)
                0x10004cd8                __gnu_cxx::recursive_init_error::~recursive_init_error()
                0x10004cd8                __gnu_cxx::recursive_init_error::~recursive_init_error()
 .text._ZN9__gnu_cxx20recursive_init_errorD0Ev
                0x10004cec       0x1c /usr/lib/gcc/arm-none-eabi/13.2.1/../../../arm-none-eabi/lib/thumb/v6-m/nofp/libstdc++.a(guard_error.o)
                0x10004cec                __gnu_cxx::recursive_init_error::~recursive_init_error()
 .text._ZN9__gnu_cxx20recursive_init_errorC2Ev
                0x10004d08        0xc /usr/lib/gcc/arm-none-eabi/13.2.1/../../../arm-none-eabi/lib/thumb/v6-m/nofp/libstdc++.a(guard_error.o)
                0x10004d08                __gnu_cxx::recursive_init_error::recursive_init_error()
                0x10004d08                __gnu_cxx::recursive_init_error::recursive_init_error()
 .text._ZN10__cxxabiv120__si_class_type_infoD2Ev
                0x10004d14       0x14 /usr/lib/gcc/arm-none-eabi/13.2.1/../../../arm-none-eabi/lib/thumb/v6-m/nofp/libstdc++.a(si_class_type_info.o)
                0x10004d14                __cxxabiv1::__si_class_type_info::~__si_class_type_info()
                0x10004d14                __cxxabiv1::__si_class_type_info::~__si_class_type_info()
 .text._ZN10__cxxabiv120__si_class_type_infoD0Ev
                0x10004d28       0x1c /usr/lib/gcc/arm-none-eabi/13.2.1/../../../arm-none-eabi/lib/thumb/v6-m/nofp/libstdc++.a(si_class_type_info.o)
                0x10004d28                __cxxabiv1::__si_class_type_info::~__si_class_type_info()
 .text._ZNK10__cxxabiv120__si_class_type_info20__do_find_public_srcEiPKvPKNS_17__class_type_infoES2_
                0x10004d44       0x38 /usr/lib/gcc/arm-none-eabi/13.2.1/../../../arm-none-eabi/lib/thumb/v6-m/nofp/libstdc++.a(si_class_type_info.o)
                0x10004d44                __cxxabiv1::__si_class_type_info::__do_find_public_src(int, void const*, __cxxabiv1::__class_type_info const*, void const*) const
 .text._ZNK10__cxxabiv120__si_class_type_info12__do_dyncastEiNS_17__class_type_info10__sub_kindEPKS1_PKvS4_S6_RNS1_16__dyncast_resultE
                0x10004d7c       0x88 /usr/lib/gcc/arm-none-eabi/13.2.1/../../../arm-none-eabi/lib/thumb/v6-m/nofp/libstdc++.a(si_class_type_info.o)
                0x10004d7c                __cxxabiv1::__si_class_type_info::__do_dyncast(int, __cxxabiv1::__class_type_info::__sub_kind, __cxxabiv1::__class_type_info const*, void const*, __cxxabiv1::__class_type_info const*, void const*, __cxxabiv1::__class_type_info::__dyncast_result&) const
 .text._ZNK10__cxxabiv120__si_class_type_info11__do_upcastEPKNS_17__class_type_infoEPKvRNS1_15__upcast_resultE
                0x10004e04       0x24 /usr/lib/gcc/arm-none-eabi/13.2.1/../../../arm-none-eabi/lib/thumb/v6-m/nofp/libstdc++.a(si_class_type_info.o)
                0x10004e04                __cxxabiv1::__si_class_type_info::__do_upcast(__cxxabiv1::__class_type_info const*, void const*, __cxxabiv1::__class_type_info::__upcast_result&) const
 .text._ZNSt9type_infoD2Ev
                0x10004e28        0x4 /usr/lib/gcc/arm-none-eabi/13.2.1/../../../arm-none-eabi/lib/thumb/v6-m/nofp/libstdc++.a(tinfo.o)
                0x10004e28                std::type_info::~type_info()
                0x10004e28                std::type_info::~type_info()
 .text._ZNKSt9type_info14__is_pointer_pEv
                0x10004e2c        0x4 /usr/lib/gcc/arm-none-eabi/13.2.1/../../../arm-none-eabi/lib/thumb/v6-m/nofp/libstdc++.a(tinfo.o)
                0x10004e2c                std::type_info::__is_function_p() const
                0x10004e2c                std::type_info::__is_pointer_p() const
 .text._ZNKSt9type_infoeqERKS_
                0x10004e30       0x30 /usr/lib/gcc/arm-none-eabi/13.2.1/../../../arm-none-eabi/lib/thumb/v6-m/nofp/libstdc++.a(tinfo.o)
                0x10004e30                std::type_info::__equal(std::type_info const&) const
                0x10004e30                std::type_info::operator==(std::type_info const&) const
 .text._ZNKSt17bad_function_call4whatEv
                0x10004e60        0x8 /usr/lib/gcc/arm-none-eabi/13.2.1/../../../arm-none-eabi/lib/thumb/v6-m/nofp/libstdc++.a(functional.o)
                0x10004e60                std::bad_function_call::what() const
 .text._ZNSt17bad_function_callD2Ev
                0x10004e68       0x14 /usr/lib/gcc/arm-none-eabi/13.2.1/../../../arm-none-eabi/lib/thumb/v6-m/nofp/libstdc++.a(functional.o)
                0x10004e68                std::bad_function_call::~bad_function_call()
                0x10004e68                std::bad_function_call::~bad_function_call()
 .text._ZNSt17bad_function_callD0Ev
                0x10004e7c       0x1c /usr/lib/gcc/arm-none-eabi/13.2.1/../../../arm-none-eabi/lib/thumb/v6-m/nofp/libstdc++.a(functional.o)
                0x10004e7c                std::bad_function_call::~bad_function_call()
 .text.unlikely._ZSt25__throw_bad_function_callv
                0x10004e98       0x20 /usr/lib/gcc/arm-none-eabi/13.2.1/../../../arm-none-eabi/lib/thumb/v6-m/nofp/libstdc++.a(functional.o)
                0x10004e98                std::__throw_bad_function_call()
 .text._ZNK10__cxxabiv117__class_type_info11__do_upcastEPKS0_PPv
                0x10004eb8       0x34 /usr/lib/gcc/arm-none-eabi/13.2.1/../../../arm-none-eabi/lib/thumb/v6-m/nofp/libstdc++.a(class_type_info.o)
                0x10004eb8                __cxxabiv1::__class_type_info::__do_upcast(__cxxabiv1::__class_type_info const*, void**) const
 .text._ZNK10__cxxabiv117__class_type_info20__do_find_public_srcEiPKvPKS0_S2_
                0x10004eec       0x14 /usr/lib/gcc/arm-none-eabi/13.2.1/../../../arm-none-eabi/lib/thumb/v6-m/nofp/libstdc++.a(class_type_info.o)
                0x10004eec                __cxxabiv1::__class_type_info::__do_find_public_src(int, void const*, __cxxabiv1::__class_type_info const*, void const*) const
 .text._ZN10__cxxabiv117__class_type_infoD2Ev
                0x10004f00       0x14 /usr/lib/gcc/arm-none-eabi/13.2.1/../../../arm-none-eabi/lib/thumb/v6-m/nofp/libstdc++.a(class_type_info.o)
                0x10004f00                __cxxabiv1::__class_type_info::~__class_type_info()
                0x10004f00                __cxxabiv1::__class_type_info::~__class_type_info()
 .text._ZN10__cxxabiv117__class_type_infoD0Ev
                0x10004f14       0x1c /usr/lib/gcc/arm-none-eabi/13.2.1/../../../arm-none-eabi/lib/thumb/v6-m/nofp/libstdc++.a(class_type_info.o)
                0x10004f14                __cxxabiv1::__class_type_info::~__class_type_info()
 .text._ZNK10__cxxabiv117__class_type_info12__do_dyncastEiNS0_10__sub_kindEPKS0_PKvS3_S5_RNS0_16__dyncast_resultE
                0x10004f30       0x40 /usr/lib/gcc/arm-none-eabi/13.2.1/../../../arm-none-eabi/lib/thumb/v6-m/nofp/libstdc++.a(class_type_info.o)
                0x10004f30                __cxxabiv1::__class_type_info::__do_dyncast(int, __cxxabiv1::__class_type_info::__sub_kind, __cxxabiv1::__class_type_info const*, void const*, __cxxabiv1::__class_type_info const*, void const*, __cxxabiv1::__class_type_info::__dyncast_result&) const
 .text._ZNK10__cxxabiv117__class_type_info11__do_upcastEPKS0_PKvRNS0_15__upcast_resultE
                0x10004f70       0x1c /usr/lib/gcc/arm-none-eabi/13.2.1/../../../arm-none-eabi/lib/thumb/v6-m/nofp/libstdc++.a(class_type_info.o)
                0x10004f70                __cxxabiv1::__class_type_info::__do_upcast(__cxxabiv1::__class_type_info const*, void const*, __cxxabiv1::__class_type_info::__upcast_result&) const
 .text._ZNK10__cxxabiv117__class_type_info10__do_catchEPKSt9type_infoPPvj
                0x10004f8c       0x24 /usr/lib/gcc/arm-none-eabi/13.2.1/../../../arm-none-eabi/lib/thumb/v6-m/nofp/libstdc++.a(class_type_info.o)
                0x10004f8c                __cxxabiv1::__class_type_info::__do_catch(std::type_info const*, void**, unsigned int) const
 .text._ZN12_GLOBAL__N_14pool4freeEPv.constprop.0
                0x10004fb0       0x6c /usr/lib/gcc/arm-none-eabi/13.2.1/../../../arm-none-eabi/lib/thumb/v6-m/nofp/libstdc++.a(eh_alloc.o)
 .text._ZN12_GLOBAL__N_14pool8allocateEj.constprop.0
                0x1000501c       0x50 /usr/lib/gcc/arm-none-eabi/13.2.1/../../../arm-none-eabi/lib/thumb/v6-m/nofp/libstdc++.a(eh_alloc.o)
 .text.__cxa_allocate_exception
                0x1000506c       0x2c /usr/lib/gcc/arm-none-eabi/13.2.1/../../../arm-none-eabi/lib/thumb/v6-m/nofp/libstdc++.a(eh_alloc.o)
                0x1000506c                __cxa_allocate_exception
 .text.__cxa_free_exception
                0x10005098       0x24 /usr/lib/gcc/arm-none-eabi/13.2.1/../../../arm-none-eabi/lib/thumb/v6-m/nofp/libstdc++.a(eh_alloc.o)
                0x10005098                __cxa_free_exception
 .text.startup._GLOBAL__sub_I__ZN9__gnu_cxx9__freeresEv
                0x100050bc      0x10c /usr/lib/gcc/arm-none-eabi/13.2.1/../../../arm-none-eabi/lib/thumb/v6-m/nofp/libstdc++.a(eh_alloc.o)
 .text._ZNSt9exceptionD2Ev
                0x100051c8        0x4 /usr/lib/gcc/arm-none-eabi/13.2.1/../../../arm-none-eabi/lib/thumb/v6-m/nofp/libstdc++.a(eh_exception.o)
                0x100051c8                std::exception::~exception()
                0x100051c8                std::exception::~exception()
 .text._ZNSt13bad_exceptionD2Ev
                0x100051cc        0x4 /usr/lib/gcc/arm-none-eabi/13.2.1/../../../arm-none-eabi/lib/thumb/v6-m/nofp/libstdc++.a(eh_exception.o)
                0x100051cc                std::bad_exception::~bad_exception()
                0x100051cc                std::bad_exception::~bad_exception()
 .text._ZNKSt9exception4whatEv
                0x100051d0        0x8 /usr/lib/gcc/arm-none-eabi/13.2.1/../../../arm-none-eabi/lib/thumb/v6-m/nofp/libstdc++.a(eh_exception.o)
                0x100051d0                transaction clone for std::exception::what() const
                0x100051d0                std::exception::what() const
 .text._ZNKSt13bad_exception4whatEv
                0x100051d8        0x8 /usr/lib/gcc/arm-none-eabi/13.2.1/../../../arm-none-eabi/lib/thumb/v6-m/nofp/libstdc++.a(eh_exception.o)
                0x100051d8                transaction clone for std::bad_exception::what() const
                0x100051d8                std::bad_exception::what() const
 .text._ZNSt13bad_exceptionD0Ev
                0x100051e0       0x10 /usr/lib/gcc/arm-none-eabi/13.2.1/../../../arm-none-eabi/lib/thumb/v6-m/nofp/libstdc++.a(eh_exception.o)
                0x100051e0                std::bad_exception::~bad_exception()
 .text._ZN10__cxxabiv111__terminateEPFvvE
                0x100051f0       0x10 /usr/lib/gcc/arm-none-eabi/13.2.1/../../../arm-none-eabi/lib/thumb/v6-m/nofp/libstdc++.a(eh_terminate.o)
                0x100051f0                __cxxabiv1::__terminate(void (*)())
 .text._ZSt9terminatev
                0x10005200       0x10 /usr/lib/gcc/arm-none-eabi/13.2.1/../../../arm-none-eabi/lib/thumb/v6-m/nofp/libstdc++.a(eh_terminate.o)
                0x10005200                std::terminate()
 .text._ZN10__cxxabiv112__unexpectedEPFvvE
                0x10005210        0x8 /usr/lib/gcc/arm-none-eabi/13.2.1/../../../arm-none-eabi/lib/thumb/v6-m/nofp/libstdc++.a(eh_terminate.o)
                0x10005210                __cxxabiv1::__unexpected(void (*)())
 .text._ZSt10unexpectedv
                0x10005218       0x10 /usr/lib/gcc/arm-none-eabi/13.2.1/../../../arm-none-eabi/lib/thumb/v6-m/nofp/libstdc++.a(eh_terminate.o)
                0x10005218                std::unexpected()
 .text._ZSt13get_terminatev
                0x10005228        0xc /usr/lib/gcc/arm-none-eabi/13.2.1/../../../arm-none-eabi/lib/thumb/v6-m/nofp/libstdc++.a(eh_terminate.o)
                0x10005228                std::get_terminate()
 .text._ZSt14get_unexpectedv
                0x10005234        0xc /usr/lib/gcc/arm-none-eabi/13.2.1/../../../arm-none-eabi/lib/thumb/v6-m/nofp/libstdc++.a(eh_terminate.o)
                0x10005234                std::get_unexpected()
 .text._ZL23__gxx_exception_cleanup19_Unwind_Reason_CodeP21_Unwind_Control_Block
                0x10005240       0x34 /usr/lib/gcc/arm-none-eabi/13.2.1/../../../arm-none-eabi/lib/thumb/v6-m/nofp/libstdc++.a(eh_throw.o)
 .text.__cxa_init_primary_exception
                0x10005274       0x4c /usr/lib/gcc/arm-none-eabi/13.2.1/../../../arm-none-eabi/lib/thumb/v6-m/nofp/libstdc++.a(eh_throw.o)
                0x10005274                __cxa_init_primary_exception
 .text.__cxa_throw
                0x100052c0       0x34 /usr/lib/gcc/arm-none-eabi/13.2.1/../../../arm-none-eabi/lib/thumb/v6-m/nofp/libstdc++.a(eh_throw.o)
                0x100052c0                __cxa_throw
 .text.__cxa_rethrow
                0x100052f4       0x70 /usr/lib/gcc/arm-none-eabi/13.2.1/../../../arm-none-eabi/lib/thumb/v6-m/nofp/libstdc++.a(eh_throw.o)
                0x100052f4                __cxa_rethrow
 .text.__cxa_begin_catch
                0x10005364       0x74 /usr/lib/gcc/arm-none-eabi/13.2.1/../../../arm-none-eabi/lib/thumb/v6-m/nofp/libstdc++.a(eh_catch.o)
                0x10005364                __cxa_begin_catch
 .text.__cxa_end_catch
                0x100053d8       0x90 /usr/lib/gcc/arm-none-eabi/13.2.1/../../../arm-none-eabi/lib/thumb/v6-m/nofp/libstdc++.a(eh_catch.o)
                0x100053d8                __cxa_end_catch
 .text.__cxa_get_globals_fast
                0x10005468        0x8 /usr/lib/gcc/arm-none-eabi/13.2.1/../../../arm-none-eabi/lib/thumb/v6-m/nofp/libstdc++.a(eh_globals.o)
                0x10005468                __cxa_get_globals_fast
 .text.__cxa_get_globals
                0x10005470        0x8 /usr/lib/gcc/arm-none-eabi/13.2.1/../../../arm-none-eabi/lib/thumb/v6-m/nofp/libstdc++.a(eh_globals.o)
                0x10005470                __cxa_get_globals
 .text._ZL28read_encoded_value_with_basehjPKhPj
                0x10005478      0x104 /usr/lib/gcc/arm-none-eabi/13.2.1/../../../arm-none-eabi/lib/thumb/v6-m/nofp/libstdc++.a(eh_personality.o)
 .text._ZL21base_of_encoded_valuehP15_Unwind_Context
                0x1000557c       0x40 /usr/lib/gcc/arm-none-eabi/13.2.1/../../../arm-none-eabi/lib/thumb/v6-m/nofp/libstdc++.a(eh_personality.o)
 .text._ZL17parse_lsda_headerP15_Unwind_ContextPKhP16lsda_header_info
                0x100055bc       0x94 /usr/lib/gcc/arm-none-eabi/13.2.1/../../../arm-none-eabi/lib/thumb/v6-m/nofp/libstdc++.a(eh_personality.o)
 .text.__gxx_personality_v0
                0x10005650      0x4b4 /usr/lib/gcc/arm-none-eabi/13.2.1/../../../arm-none-eabi/lib/thumb/v6-m/nofp/libstdc++.a(eh_personality.o)
                0x10005650                __gxx_personality_v0
 .text.__cxa_end_cleanup
                0x10005b04        0xc /usr/lib/gcc/arm-none-eabi/13.2.1/../../../arm-none-eabi/lib/thumb/v6-m/nofp/libstdc++.a(eh_arm.o)
                0x10005b04                __cxa_end_cleanup
 .text.__cxa_type_match
                0x10005b10       0xc0 /usr/lib/gcc/arm-none-eabi/13.2.1/../../../arm-none-eabi/lib/thumb/v6-m/nofp/libstdc++.a(eh_arm.o)
                0x10005b10                __cxa_type_match
 .text.__cxa_begin_cleanup
                0x10005bd0       0x60 /usr/lib/gcc/arm-none-eabi/13.2.1/../../../arm-none-eabi/lib/thumb/v6-m/nofp/libstdc++.a(eh_arm.o)
                0x10005bd0                __cxa_begin_cleanup
 .text.__gnu_end_cleanup
                0x10005c30       0x70 /usr/lib/gcc/arm-none-eabi/13.2.1/../../../arm-none-eabi/lib/thumb/v6-m/nofp/libstdc++.a(eh_arm.o)
                0x10005c30                __gnu_end_cleanup
 .text._ZN10__cxxabiv1L24__is_gxx_exception_classEPc
                0x10005ca0       0x3c /usr/lib/gcc/arm-none-eabi/13.2.1/../../../arm-none-eabi/lib/thumb/v6-m/nofp/libstdc++.a(eh_call.o)
 .text.__cxa_call_terminate
                0x10005cdc       0x20 /usr/lib/gcc/arm-none-eabi/13.2.1/../../../arm-none-eabi/lib/thumb/v6-m/nofp/libstdc++.a(eh_call.o)
                0x10005cdc                __cxa_call_terminate
 .text.unlikely.__cxa_call_unexpected
                0x10005cfc       0xfc /usr/lib/gcc/arm-none-eabi/13.2.1/../../../arm-none-eabi/lib/thumb/v6-m/nofp/libstdc++.a(eh_call.o)
                0x10005cfc                __cxa_call_unexpected
 .text          0x10005df8       0x30 /usr/lib/gcc/arm-none-eabi/13.2.1/../../../arm-none-eabi/lib/thumb/v6-m/nofp/libg.a(libc_a-getenv.o)
                0x10005df8                _findenv
                0x10005e10                getenv
 .text          0x10005e28       0xc4 /usr/lib/gcc/arm-none-eabi/13.2.1/../../../arm-none-eabi/lib/thumb/v6-m/nofp/libg.a(libc_a-strchr.o)
                0x10005e28                strchr
 .text          0x10005eec       0x88 /usr/lib/gcc/arm-none-eabi/13.2.1/../../../arm-none-eabi/lib/thumb/v6-m/nofp/libg.a(libc_a-strcmp.o)
                0x10005eec                strcmp
 .text          0x10005f74      0x17c /usr/lib/gcc/arm-none-eabi/13.2.1/../../../arm-none-eabi/lib/thumb/v6-m/nofp/libg.a(libc_a-strtoul.o)
                0x100060b8                _strtoul_r
                0x100060c0                strtoul_l
                0x100060d8                strtoul
 .text          0x100060f0       0x10 /usr/lib/gcc/arm-none-eabi/13.2.1/../../../arm-none-eabi/lib/thumb/v6-m/nofp/libg.a(libc_a-abort.o)
                0x100060f0                abort
 .text          0x10006100      0x5b4 /usr/lib/gcc/arm-none-eabi/13.2.1/../../../arm-none-eabi/lib/thumb/v6-m/nofp/libg.a(libc_a-mallocr.o)
                0x10006100                _malloc_r
 .text          0x100066b4      0x288 /usr/lib/gcc/arm-none-eabi/13.2.1/../../../arm-none-eabi/lib/thumb/v6-m/nofp/libg.a(libc_a-freer.o)
                0x100066b4                _malloc_trim_r
                0x10006768                _free_r
 .text          0x1000693c       0x48 /usr/lib/gcc/arm-none-eabi/13.2.1/../../../arm-none-eabi/lib/thumb/v6-m/nofp/libg.a(libc_a-memcmp.o)
                0x1000693c                memcmp
 .text          0x10006984       0x28 /usr/lib/gcc/arm-none-eabi/13.2.1/../../../arm-none-eabi/lib/thumb/v6-m/nofp/libg.a(libc_a-malloc.o)
                0x10006984                malloc
                0x10006998                free
 .text          0x100069ac       0x1c /usr/lib/gcc/arm-none-eabi/13.2.1/../../../arm-none-eabi/lib/thumb/v6-m/nofp/libg.a(libc_a-sysconf.o)
                0x100069ac                sysconf
 .text          0x100069c8       0x9c /usr/lib/gcc/arm-none-eabi/13.2.1/../../../arm-none-eabi/lib/thumb/v6-m/nofp/libg.a(libc_a-getenv_r.o)
                0x100069c8                _findenv_r
                0x10006a54                _getenv_r
 .text          0x10006a64        0x8 /usr/lib/gcc/arm-none-eabi/13.2.1/../../../arm-none-eabi/lib/thumb/v6-m/nofp/libg.a(libc_a-mlock.o)
                0x10006a64                __malloc_lock
                0x10006a68                __malloc_unlock
 .text          0x10006a6c       0x10 /usr/lib/gcc/arm-none-eabi/13.2.1/../../../arm-none-eabi/lib/thumb/v6-m/nofp/libg.a(libc_a-atexit.o)
                0x10006a6c                atexit
 .text          0x10006a7c       0x5c /usr/lib/gcc/arm-none-eabi/13.2.1/../../../arm-none-eabi/lib/thumb/v6-m/nofp/libg.a(libc_a-strlen-stub.o)
                0x10006a7c                strlen
 .text          0x10006ad8       0x24 /usr/lib/gcc/arm-none-eabi/13.2.1/../../../arm-none-eabi/lib/thumb/v6-m/nofp/libg.a(libc_a-sbrkr.o)
                0x10006ad8                _sbrk_r
 .text          0x10006afc      0x284 /usr/lib/gcc/arm-none-eabi/13.2.1/../../../arm-none-eabi/lib/thumb/v6-m/nofp/libg.a(libc_a-signal.o)
                0x10006afc                _init_signal_r
                0x10006b30                _signal_r
                0x10006b78                _raise_r
                0x10006bd0                __sigtramp_r
                0x10006c30                raise
                0x10006c8c                signal
                0x10006cdc                _init_signal
                0x10006d18                __sigtramp
 .text          0x10006d80       0x28 /usr/lib/gcc/arm-none-eabi/13.2.1/../../../arm-none-eabi/lib/thumb/v6-m/nofp/libg.a(libc_a-fini.o)
                0x10006d80                __libc_fini_array
 .text          0x10006da8        0x8 /usr/lib/gcc/arm-none-eabi/13.2.1/../../../arm-none-eabi/lib/thumb/v6-m/nofp/libg.a(libc_a-envlock.o)
                0x10006da8                __env_lock
                0x10006dac                __env_unlock
 .text          0x10006db0       0x30 /usr/lib/gcc/arm-none-eabi/13.2.1/../../../arm-none-eabi/lib/thumb/v6-m/nofp/libg.a(libc_a-signalr.o)
                0x10006db0                _kill_r
                0x10006dd8                _getpid_r
 .text          0x10006de0       0x74 /usr/lib/gcc/arm-none-eabi/13.2.1/../../../arm-none-eabi/lib/thumb/v6-m/nofp/libg.a(libc_a-strncmp.o)
                0x10006de0                strncmp
 .text          0x10006e54        0xc /usr/lib/gcc/arm-none-eabi/13.2.1/../../../arm-none-eabi/lib/thumb/v6-m/nofp/libg.a(libc_a-errno.o)
                0x10006e54                __errno
 .text          0x10006e60       0x78 /usr/lib/gcc/arm-none-eabi/13.2.1/../../../arm-none-eabi/lib/thumb/v6-m/nofp/libg.a(libc_a-__atexit.o)
                0x10006e60                __register_exitproc
 .text.startup  0x10006ed8       0x18 /usr/lib/gcc/arm-none-eabi/13.2.1/../../../arm-none-eabi/lib/thumb/v6-m/nofp/libg.a(libc_a-__call_atexit.o)
 *(.fini)
 .fini          0x10006ef0        0x4 /usr/lib/gcc/arm-none-eabi/13.2.1/thumb/v6-m/nofp/crti.o
                0x10006ef0                _fini
 *fill*         0x10006ef4        0x4 
 .fini.__stub   0x10006ef8      0x170 linker stubs
 *crtbegin.o(.ctors)
 *crtbegin?.o(.ctors)
 *(EXCLUDE_FILE(*crtend.o *crtend?.o) .ctors)
 *(SORT_BY_NAME(.ctors.*))
 *(.ctors)
 *crtbegin.o(.dtors)
 *crtbegin?.o(.dtors)
 *(EXCLUDE_FILE(*crtend.o *crtend?.o) .dtors)
 *(SORT_BY_NAME(.dtors.*))
 *(.dtors)
                0x10007068                        . = ALIGN (0x4)
                0x10007068                        PROVIDE (__preinit_array_start = .)
 *(SORT_BY_NAME(.preinit_array.*))
 .preinit_array.00100
                0x10007068        0x4 CMakeFiles/booyahbox.dir/home/bull/pico/pico-sdk/src/rp2_common/pico_runtime_init/runtime_init.c.o
                0x10007068                __pre_init_runtime_init_early_resets
 .preinit_array.00101
                0x1000706c        0x4 CMakeFiles/booyahbox.dir/home/bull/pico/pico-sdk/src/rp2_common/pico_runtime_init/runtime_init.c.o
                0x1000706c                __pre_init_runtime_init_usb_power_down
 .preinit_array.00275
                0x10007070        0x4 CMakeFiles/booyahbox.dir/home/bull/pico/pico-sdk/src/rp2_common/pico_bit_ops/bit_ops_aeabi.S.o
 .preinit_array.00300
                0x10007074        0x4 CMakeFiles/booyahbox.dir/home/bull/pico/pico-sdk/src/rp2_common/pico_mem_ops/mem_ops_aeabi.S.o
 .preinit_array.00350
                0x10007078        0x4 CMakeFiles/booyahbox.dir/home/bull/pico/pico-sdk/src/rp2_common/pico_double/double_aeabi_rp2040.S.o
 .preinit_array.00350
                0x1000707c        0x4 CMakeFiles/booyahbox.dir/home/bull/pico/pico-sdk/src/rp2_common/pico_float/float_aeabi_rp2040.S.o
 .preinit_array.00500
                0x10007080        0x4 CMakeFiles/booyahbox.dir/home/bull/pico/pico-sdk/src/rp2_common/pico_runtime_init/runtime_init.c.o
                0x10007080                __pre_init_runtime_init_clocks
 .preinit_array.00600
                0x10007084        0x4 CMakeFiles/booyahbox.dir/home/bull/pico/pico-sdk/src/rp2_common/pico_runtime_init/runtime_init.c.o
                0x10007084                __pre_init_runtime_init_post_clock_resets
 .preinit_array.00700
                0x10007088        0x4 CMakeFiles/booyahbox.dir/home/bull/pico/pico-sdk/src/rp2_common/pico_runtime_init/runtime_init.c.o
                0x10007088                __pre_init_runtime_init_rp2040_gpio_ie_disable
 .preinit_array.01000
                0x1000708c        0x4 CMakeFiles/booyahbox.dir/home/bull/pico/pico-sdk/src/rp2_common/pico_runtime_init/runtime_init.c.o
                0x1000708c                __pre_init_runtime_init_spin_locks_reset
 .preinit_array.01100
                0x10007090        0x4 CMakeFiles/booyahbox.dir/home/bull/pico/pico-sdk/src/common/pico_sync/mutex.c.o
                0x10007090                __pre_init_runtime_init_mutex
 .preinit_array.10080
                0x10007094        0x4 CMakeFiles/booyahbox.dir/home/bull/pico/pico-sdk/src/rp2_common/pico_runtime_init/runtime_init.c.o
                0x10007094                __pre_init_runtime_init_install_ram_vector_table
 .preinit_array.11000
                0x10007098        0x4 CMakeFiles/booyahbox.dir/home/bull/pico/pico-sdk/src/common/pico_time/time.c.o
                0x10007098                __pre_init_runtime_init_default_alarm_pool
 .preinit_array.YYYYY
                0x1000709c        0x4 CMakeFiles/booyahbox.dir/home/bull/pico/pico-sdk/src/rp2_common/pico_runtime/runtime.c.o
                0x1000709c                __pre_init_first_per_core_initializer
 .preinit_array.ZZZZZ.01200
                0x100070a0        0x4 CMakeFiles/booyahbox.dir/home/bull/pico/pico-sdk/src/rp2_common/hardware_irq/irq.c.o
                0x100070a0                __pre_init_runtime_init_per_core_irq_priorities
 *(.preinit_array)
                0x100070a4                        PROVIDE (__preinit_array_end = .)
                0x100070a4                        . = ALIGN (0x4)
                0x100070a4                        PROVIDE (__init_array_start = .)
 *(SORT_BY_NAME(.init_array.*))
 .init_array.00000
                0x100070a4        0x4 /usr/lib/gcc/arm-none-eabi/13.2.1/../../../arm-none-eabi/lib/thumb/v6-m/nofp/libg.a(libc_a-__call_atexit.o)
 *(.init_array)
 .init_array    0x100070a8        0x4 /usr/lib/gcc/arm-none-eabi/13.2.1/thumb/v6-m/nofp/crtbegin.o
 .init_array    0x100070ac        0x4 CMakeFiles/booyahbox.dir/home/bull/pico/pico-sdk/src/rp2_common/pico_unique_id/unique_id.c.o
 .init_array    0x100070b0        0x4 /usr/lib/gcc/arm-none-eabi/13.2.1/../../../arm-none-eabi/lib/thumb/v6-m/nofp/libstdc++.a(eh_alloc.o)
                0x100070b4                        PROVIDE (__init_array_end = .)
                0x100070b4                        . = ALIGN (0x4)
                0x100070b4                        PROVIDE (__fini_array_start = .)
 *(SORT_BY_NAME(.fini_array.*))
 *(.fini_array)
                0x100070b4                        PROVIDE (__fini_array_end = .)
 *(.eh_frame*)
 .eh_frame      0x100070b4        0x0 /usr/lib/gcc/arm-none-eabi/13.2.1/thumb/v6-m/nofp/crtbegin.o
                0x100070b4                        . = ALIGN (0x4)

.glue_7         0x100070b4        0x0
 .glue_7        0x100070b4        0x0 linker stubs

.glue_7t        0x100070b4        0x0
 .glue_7t       0x100070b4        0x0 linker stubs

.vfp11_veneer   0x100070b4        0x0
 .vfp11_veneer  0x100070b4        0x0 linker stubs

.v4_bx          0x100070b4        0x0
 .v4_bx         0x100070b4        0x0 linker stubs

.iplt           0x100070b4        0x0
 .iplt          0x100070b4        0x0 /usr/lib/gcc/arm-none-eabi/13.2.1/thumb/v6-m/nofp/crtbegin.o

.rodata         0x100070b4     0x195c
 *(EXCLUDE_FILE(*libm.a: *libc.a:*lib_a-mem*.o *libgcc.a:) .rodata*)
 .rodata.._anon_155
                0x100070b4        0x2 CMakeFiles/booyahbox.dir/src/main.cpp.o
 *fill*         0x100070b6        0x2 
 .rodata._ZL10buttonPins
                0x100070b8       0x10 CMakeFiles/booyahbox.dir/src/main.cpp.o
 .rodata._ZL18desc_configuration
                0x100070c8       0x22 CMakeFiles/booyahbox.dir/src/main.cpp.o
 *fill*         0x100070ea        0x2 
 .rodata.str1.4
                0x100070ec      0x23b CMakeFiles/booyahbox.dir/src/main.cpp.o
                                 0x20 (size before relaxing)
 *fill*         0x10007327        0x1 
 .rodata._ZL11string_desc
                0x10007328       0x10 CMakeFiles/booyahbox.dir/src/main.cpp.o
 .rodata._ZL15hid_report_desc
                0x10007338       0x27 CMakeFiles/booyahbox.dir/src/main.cpp.o
 *fill*         0x1000735f        0x1 
 .rodata._ZL11desc_device
                0x10007360       0x12 CMakeFiles/booyahbox.dir/src/main.cpp.o
 .rodata._Z12display_taskv.str1.4
                0x10007372       0x2c CMakeFiles/booyahbox.dir/src/display.cpp.o
 *fill*         0x10007372        0x2 
 .rodata._ZL9logo16x16
                0x10007374      0x400 CMakeFiles/booyahbox.dir/src/display.cpp.o
 .rodata.str1.4
                0x10007774       0x40 CMakeFiles/booyahbox.dir/src/display.cpp.o
 .rodata._ZL11socd_labels
                0x10007774       0x10 CMakeFiles/booyahbox.dir/src/display.cpp.o
 .rodata._ZL10font_12x16
                0x10007784      0x8ea CMakeFiles/booyahbox.dir/src/display.cpp.o
 *fill*         0x1000806e        0x2 
 .rodata._ZL8font_8x8
                0x10008070      0x2fa CMakeFiles/booyahbox.dir/src/display.cpp.o
 *fill*         0x1000836a        0x2 
 .rodata._ZL8font_5x8
                0x1000836c      0x1dd CMakeFiles/booyahbox.dir/src/display.cpp.o
 .rodata.panic.str1.4
                0x10008549       0x12 CMakeFiles/booyahbox.dir/home/bull/pico/pico-sdk/src/rp2_common/pico_platform_panic/panic.c.o
 .rodata.spin_lock_claim_unused.str1.4
                0x10008549       0x1b CMakeFiles/booyahbox.dir/home/bull/pico/pico-sdk/src/rp2_common/hardware_sync/sync.c.o
 .rodata.timer_hardware_alarm_claim.str1.4
                0x10008549       0x22 CMakeFiles/booyahbox.dir/home/bull/pico/pico-sdk/src/rp2_common/hardware_timer/timer.c.o
 .rodata.hard_assertion_failure.str1.4
                0x10008549        0xc CMakeFiles/booyahbox.dir/home/bull/pico/pico-sdk/src/rp2_common/pico_runtime/runtime.c.o
 .rodata.__wrap_malloc.str1.4
                0x10008549        0xe CMakeFiles/booyahbox.dir/home/bull/pico/pico-sdk/src/rp2_common/pico_malloc/malloc.c.o
 .rodata.str1.4
                0x10008549       0x40 CMakeFiles/booyahbox.dir/home/bull/pico/pico-sdk/src/rp2_common/pico_standard_binary_info/standard_binary_info.c.o
 *fill*         0x10008549        0x3 
 .rodata.__bi_84
                0x1000854c        0xc CMakeFiles/booyahbox.dir/home/bull/pico/pico-sdk/src/rp2_common/pico_standard_binary_info/standard_binary_info.c.o
 .rodata.__bi_78
                0x10008558        0xc CMakeFiles/booyahbox.dir/home/bull/pico/pico-sdk/src/rp2_common/pico_standard_binary_info/standard_binary_info.c.o
 .rodata.__bi_54
                0x10008564        0xc CMakeFiles/booyahbox.dir/home/bull/pico/pico-sdk/src/rp2_common/pico_standard_binary_info/standard_binary_info.c.o
 .rodata.__bi_48
                0x10008570        0xc CMakeFiles/booyahbox.dir/home/bull/pico/pico-sdk/src/rp2_common/pico_standard_binary_info/standard_binary_info.c.o
 .rodata.__bi_42
                0x1000857c        0xc CMakeFiles/booyahbox.dir/home/bull/pico/pico-sdk/src/rp2_common/pico_standard_binary_info/standard_binary_info.c.o
 .rodata.__bi_34
                0x10008588        0xc CMakeFiles/booyahbox.dir/home/bull/pico/pico-sdk/src/rp2_common/pico_standard_binary_info/standard_binary_info.c.o
 .rodata.__bi_26
                0x10008594        0xc CMakeFiles/booyahbox.dir/home/bull/pico/pico-sdk/src/rp2_common/pico_standard_binary_info/standard_binary_info.c.o
 .rodata.crlf_str.0
                0x100085a0        0x2 CMakeFiles/booyahbox.dir/home/bull/pico/pico-sdk/src/rp2_common/pico_stdio/stdio.c.o
 .rodata.str1.4
                0x100085a2       0x2c CMakeFiles/booyahbox.dir/home/bull/pico/pico-sdk/src/rp2_common/pico_stdio_uart/stdio_uart.c.o
 *fill*         0x100085a2        0x2 
 .rodata.__bi_45.4
                0x100085a4        0xc CMakeFiles/booyahbox.dir/home/bull/pico/pico-sdk/src/rp2_common/pico_stdio_uart/stdio_uart.c.o
 .rodata.__bi_49.5
                0x100085b0        0x8 CMakeFiles/booyahbox.dir/home/bull/pico/pico-sdk/src/rp2_common/pico_stdio_uart/stdio_uart.c.o
 .rodata.__bi_50.6
                0x100085b8        0x8 CMakeFiles/booyahbox.dir/home/bull/pico/pico-sdk/src/rp2_common/pico_stdio_uart/stdio_uart.c.o
 .rodata.str1.4
                0x100085c0       0x14 CMakeFiles/booyahbox.dir/home/bull/pico/pico-sdk/lib/tinyusb/src/portable/raspberrypi/rp2040/dcd_rp2040.c.o
 .rodata.str1.4
                0x100085c0       0x48 CMakeFiles/booyahbox.dir/home/bull/pico/pico-sdk/lib/tinyusb/src/portable/raspberrypi/rp2040/rp2040_usb.c.o
 .rodata.tud_task_ext
                0x100085c0       0x8c CMakeFiles/booyahbox.dir/home/bull/pico/pico-sdk/lib/tinyusb/src/device/usbd.c.o
 .rodata        0x1000864c       0x1c CMakeFiles/booyahbox.dir/home/bull/pico/pico-sdk/lib/tinyusb/src/device/usbd.c.o
 .rodata._usbd_driver
                0x10008668       0x20 CMakeFiles/booyahbox.dir/home/bull/pico/pico-sdk/lib/tinyusb/src/device/usbd.c.o
 .rodata.hidd_control_xfer_cb
                0x10008688       0x30 CMakeFiles/booyahbox.dir/home/bull/pico/pico-sdk/lib/tinyusb/src/class/hid/hid_device.c.o
 .rodata.str1.4
                0x100086b8        0x4 CMakeFiles/booyahbox.dir/home/bull/pico/pico-sdk/lib/tinyusb/hw/bsp/rp2040/family.c.o
 .rodata.__bi_153.0
                0x100086b8        0xc CMakeFiles/booyahbox.dir/home/bull/pico/pico-sdk/lib/tinyusb/hw/bsp/rp2040/family.c.o
 .rodata.__bi_163.1
                0x100086c4        0x8 CMakeFiles/booyahbox.dir/home/bull/pico/pico-sdk/lib/tinyusb/hw/bsp/rp2040/family.c.o
 .rodata        0x100086cc       0x19 lib/pico-ssd1306/libpico_ssd1306.a(ssd1306.cpp.o)
 *fill*         0x100086e5        0x3 
 .rodata._ZTSN9__gnu_cxx20recursive_init_errorE
                0x100086e8       0x23 /usr/lib/gcc/arm-none-eabi/13.2.1/../../../arm-none-eabi/lib/thumb/v6-m/nofp/libstdc++.a(guard_error.o)
                0x100086e8                typeinfo name for __gnu_cxx::recursive_init_error
 *fill*         0x1000870b        0x1 
 .rodata._ZTIN9__gnu_cxx20recursive_init_errorE
                0x1000870c        0xc /usr/lib/gcc/arm-none-eabi/13.2.1/../../../arm-none-eabi/lib/thumb/v6-m/nofp/libstdc++.a(guard_error.o)
                0x1000870c                typeinfo for __gnu_cxx::recursive_init_error
 .rodata._ZTVN9__gnu_cxx20recursive_init_errorE
                0x10008718       0x14 /usr/lib/gcc/arm-none-eabi/13.2.1/../../../arm-none-eabi/lib/thumb/v6-m/nofp/libstdc++.a(guard_error.o)
                0x10008718                vtable for __gnu_cxx::recursive_init_error
 .rodata._ZTSN10__cxxabiv120__si_class_type_infoE
                0x1000872c       0x25 /usr/lib/gcc/arm-none-eabi/13.2.1/../../../arm-none-eabi/lib/thumb/v6-m/nofp/libstdc++.a(si_class_type_info.o)
                0x1000872c                typeinfo name for __cxxabiv1::__si_class_type_info
 *fill*         0x10008751        0x3 
 .rodata._ZTIN10__cxxabiv120__si_class_type_infoE
                0x10008754        0xc /usr/lib/gcc/arm-none-eabi/13.2.1/../../../arm-none-eabi/lib/thumb/v6-m/nofp/libstdc++.a(si_class_type_info.o)
                0x10008754                typeinfo for __cxxabiv1::__si_class_type_info
 .rodata._ZTVN10__cxxabiv120__si_class_type_infoE
                0x10008760       0x2c /usr/lib/gcc/arm-none-eabi/13.2.1/../../../arm-none-eabi/lib/thumb/v6-m/nofp/libstdc++.a(si_class_type_info.o)
                0x10008760                vtable for __cxxabiv1::__si_class_type_info
 .rodata._ZTSSt9type_info
                0x1000878c        0xd /usr/lib/gcc/arm-none-eabi/13.2.1/../../../arm-none-eabi/lib/thumb/v6-m/nofp/libstdc++.a(tinfo.o)
                0x1000878c                typeinfo name for std::type_info
 *fill*         0x10008799        0x3 
 .rodata._ZTISt9type_info
                0x1000879c        0x8 /usr/lib/gcc/arm-none-eabi/13.2.1/../../../arm-none-eabi/lib/thumb/v6-m/nofp/libstdc++.a(tinfo.o)
                0x1000879c                typeinfo for std::type_info
 .rodata._ZNKSt17bad_function_call4whatEv.str1.4
                0x100087a4       0x12 /usr/lib/gcc/arm-none-eabi/13.2.1/../../../arm-none-eabi/lib/thumb/v6-m/nofp/libstdc++.a(functional.o)
 .rodata._ZTSSt17bad_function_call
                0x100087a4       0x16 /usr/lib/gcc/arm-none-eabi/13.2.1/../../../arm-none-eabi/lib/thumb/v6-m/nofp/libstdc++.a(functional.o)
                0x100087a4                typeinfo name for std::bad_function_call
 *fill*         0x100087ba        0x2 
 .rodata._ZTISt17bad_function_call
                0x100087bc        0xc /usr/lib/gcc/arm-none-eabi/13.2.1/../../../arm-none-eabi/lib/thumb/v6-m/nofp/libstdc++.a(functional.o)
                0x100087bc                typeinfo for std::bad_function_call
 .rodata._ZTVSt17bad_function_call
                0x100087c8       0x14 /usr/lib/gcc/arm-none-eabi/13.2.1/../../../arm-none-eabi/lib/thumb/v6-m/nofp/libstdc++.a(functional.o)
                0x100087c8                vtable for std::bad_function_call
 .rodata._ZTSN10__cxxabiv117__class_type_infoE
                0x100087dc       0x22 /usr/lib/gcc/arm-none-eabi/13.2.1/../../../arm-none-eabi/lib/thumb/v6-m/nofp/libstdc++.a(class_type_info.o)
                0x100087dc                typeinfo name for __cxxabiv1::__class_type_info
 *fill*         0x100087fe        0x2 
 .rodata._ZTIN10__cxxabiv117__class_type_infoE
                0x10008800        0xc /usr/lib/gcc/arm-none-eabi/13.2.1/../../../arm-none-eabi/lib/thumb/v6-m/nofp/libstdc++.a(class_type_info.o)
                0x10008800                typeinfo for __cxxabiv1::__class_type_info
 .rodata._ZTVN10__cxxabiv117__class_type_infoE
                0x1000880c       0x2c /usr/lib/gcc/arm-none-eabi/13.2.1/../../../arm-none-eabi/lib/thumb/v6-m/nofp/libstdc++.a(class_type_info.o)
                0x1000880c                vtable for __cxxabiv1::__class_type_info
 .rodata._GLOBAL__sub_I__ZN9__gnu_cxx9__freeresEv.str1.4
                0x10008838       0x3c /usr/lib/gcc/arm-none-eabi/13.2.1/../../../arm-none-eabi/lib/thumb/v6-m/nofp/libstdc++.a(eh_alloc.o)
 .rodata._ZNKSt9exception4whatEv.str1.4
                0x10008838        0xf /usr/lib/gcc/arm-none-eabi/13.2.1/../../../arm-none-eabi/lib/thumb/v6-m/nofp/libstdc++.a(eh_exception.o)
 .rodata._ZNKSt13bad_exception4whatEv.str1.4
                0x10008838       0x13 /usr/lib/gcc/arm-none-eabi/13.2.1/../../../arm-none-eabi/lib/thumb/v6-m/nofp/libstdc++.a(eh_exception.o)
 .rodata._ZTSSt9exception
                0x10008838        0xd /usr/lib/gcc/arm-none-eabi/13.2.1/../../../arm-none-eabi/lib/thumb/v6-m/nofp/libstdc++.a(eh_exception.o)
                0x10008838                typeinfo name for std::exception
 *fill*         0x10008845        0x3 
 .rodata._ZTISt9exception
                0x10008848        0x8 /usr/lib/gcc/arm-none-eabi/13.2.1/../../../arm-none-eabi/lib/thumb/v6-m/nofp/libstdc++.a(eh_exception.o)
                0x10008848                typeinfo for std::exception
 .rodata._ZTSSt13bad_exception
                0x10008850       0x12 /usr/lib/gcc/arm-none-eabi/13.2.1/../../../arm-none-eabi/lib/thumb/v6-m/nofp/libstdc++.a(eh_exception.o)
                0x10008850                typeinfo name for std::bad_exception
 *fill*         0x10008862        0x2 
 .rodata._ZTISt13bad_exception
                0x10008864        0xc /usr/lib/gcc/arm-none-eabi/13.2.1/../../../arm-none-eabi/lib/thumb/v6-m/nofp/libstdc++.a(eh_exception.o)
                0x10008864                typeinfo for std::bad_exception
 .rodata._ZTSN10__cxxabiv115__forced_unwindE
                0x10008870       0x20 /usr/lib/gcc/arm-none-eabi/13.2.1/../../../arm-none-eabi/lib/thumb/v6-m/nofp/libstdc++.a(eh_exception.o)
                0x10008870                typeinfo name for __cxxabiv1::__forced_unwind
 .rodata._ZTIN10__cxxabiv115__forced_unwindE
                0x10008890        0x8 /usr/lib/gcc/arm-none-eabi/13.2.1/../../../arm-none-eabi/lib/thumb/v6-m/nofp/libstdc++.a(eh_exception.o)
                0x10008890                typeinfo for __cxxabiv1::__forced_unwind
 .rodata._ZTSN10__cxxabiv119__foreign_exceptionE
                0x10008898       0x24 /usr/lib/gcc/arm-none-eabi/13.2.1/../../../arm-none-eabi/lib/thumb/v6-m/nofp/libstdc++.a(eh_exception.o)
                0x10008898                typeinfo name for __cxxabiv1::__foreign_exception
 .rodata._ZTIN10__cxxabiv119__foreign_exceptionE
                0x100088bc        0x8 /usr/lib/gcc/arm-none-eabi/13.2.1/../../../arm-none-eabi/lib/thumb/v6-m/nofp/libstdc++.a(eh_exception.o)
                0x100088bc                typeinfo for __cxxabiv1::__foreign_exception
 .rodata._ZTVSt13bad_exception
                0x100088c4       0x14 /usr/lib/gcc/arm-none-eabi/13.2.1/../../../arm-none-eabi/lib/thumb/v6-m/nofp/libstdc++.a(eh_exception.o)
                0x100088c4                vtable for std::bad_exception
 .rodata._ZL28read_encoded_value_with_basehjPKhPj
                0x100088d8       0x34 /usr/lib/gcc/arm-none-eabi/13.2.1/../../../arm-none-eabi/lib/thumb/v6-m/nofp/libstdc++.a(eh_personality.o)
 .rodata        0x1000890c      0x101 /usr/lib/gcc/arm-none-eabi/13.2.1/../../../arm-none-eabi/lib/thumb/v6-m/nofp/libg.a(libc_a-ctype_.o)
                0x1000890c                _ctype_
                0x10008a10                        . = ALIGN (0x4)
 *fill*         0x10008a0d        0x3 
 *(SORT_BY_ALIGNMENT(SORT_BY_NAME(.flashdata*)))
                0x10008a10                        . = ALIGN (0x4)

.ARM.extab      0x10008a10       0xb0
 *(.ARM.extab* .gnu.linkonce.armextab.*)
 .ARM.extab.text._ZN10__cxxabiv111__terminateEPFvvE
                0x10008a10       0x18 /usr/lib/gcc/arm-none-eabi/13.2.1/../../../arm-none-eabi/lib/thumb/v6-m/nofp/libstdc++.a(eh_terminate.o)
 .ARM.extab.text.__cxa_begin_catch
                0x10008a28        0xc /usr/lib/gcc/arm-none-eabi/13.2.1/../../../arm-none-eabi/lib/thumb/v6-m/nofp/libstdc++.a(eh_catch.o)
 .ARM.extab.text.__gxx_personality_v0
                0x10008a34       0x28 /usr/lib/gcc/arm-none-eabi/13.2.1/../../../arm-none-eabi/lib/thumb/v6-m/nofp/libstdc++.a(eh_personality.o)
 .ARM.extab.text.__cxa_type_match
                0x10008a5c        0xc /usr/lib/gcc/arm-none-eabi/13.2.1/../../../arm-none-eabi/lib/thumb/v6-m/nofp/libstdc++.a(eh_arm.o)
 .ARM.extab.text.unlikely.__cxa_call_unexpected
                0x10008a68       0x28 /usr/lib/gcc/arm-none-eabi/13.2.1/../../../arm-none-eabi/lib/thumb/v6-m/nofp/libstdc++.a(eh_call.o)
 .ARM.extab     0x10008a90       0x24 /usr/lib/gcc/arm-none-eabi/13.2.1/thumb/v6-m/nofp/libgcc.a(unwind-arm.o)
 .ARM.extab     0x10008ab4        0xc /usr/lib/gcc/arm-none-eabi/13.2.1/thumb/v6-m/nofp/libgcc.a(pr-support.o)
                0x10008ac0                        __exidx_start = .

.ARM.exidx      0x10008ac0      0x1b8
 *(.ARM.exidx* .gnu.linkonce.armexidx.*)
 .ARM.exidx.text.__cxa_guard_acquire
                0x10008ac0        0x8 /usr/lib/gcc/arm-none-eabi/13.2.1/../../../arm-none-eabi/lib/thumb/v6-m/nofp/libstdc++.a(guard.o)
 .ARM.exidx.text.__cxa_guard_release
                0x10008ac8        0x8 /usr/lib/gcc/arm-none-eabi/13.2.1/../../../arm-none-eabi/lib/thumb/v6-m/nofp/libstdc++.a(guard.o)
 .ARM.exidx.text._ZN9__gnu_cxx20recursive_init_errorD2Ev
                0x10008ad0        0x0 /usr/lib/gcc/arm-none-eabi/13.2.1/../../../arm-none-eabi/lib/thumb/v6-m/nofp/libstdc++.a(guard_error.o)
                                  0x8 (size before relaxing)
 .ARM.exidx.text._ZN9__gnu_cxx20recursive_init_errorD0Ev
                0x10008ad0        0x0 /usr/lib/gcc/arm-none-eabi/13.2.1/../../../arm-none-eabi/lib/thumb/v6-m/nofp/libstdc++.a(guard_error.o)
                                  0x8 (size before relaxing)
 .ARM.exidx.text._ZN9__gnu_cxx20recursive_init_errorC2Ev
                0x10008ad0        0x0 /usr/lib/gcc/arm-none-eabi/13.2.1/../../../arm-none-eabi/lib/thumb/v6-m/nofp/libstdc++.a(guard_error.o)
                                  0x8 (size before relaxing)
 .ARM.exidx.text._ZN10__cxxabiv120__si_class_type_infoD2Ev
                0x10008ad0        0x0 /usr/lib/gcc/arm-none-eabi/13.2.1/../../../arm-none-eabi/lib/thumb/v6-m/nofp/libstdc++.a(si_class_type_info.o)
                                  0x8 (size before relaxing)
 .ARM.exidx.text._ZN10__cxxabiv120__si_class_type_infoD0Ev
                0x10008ad0        0x0 /usr/lib/gcc/arm-none-eabi/13.2.1/../../../arm-none-eabi/lib/thumb/v6-m/nofp/libstdc++.a(si_class_type_info.o)
                                  0x8 (size before relaxing)
 .ARM.exidx.text._ZNK10__cxxabiv120__si_class_type_info20__do_find_public_srcEiPKvPKNS_17__class_type_infoES2_
                0x10008ad0        0x8 /usr/lib/gcc/arm-none-eabi/13.2.1/../../../arm-none-eabi/lib/thumb/v6-m/nofp/libstdc++.a(si_class_type_info.o)
 .ARM.exidx.text._ZNK10__cxxabiv120__si_class_type_info12__do_dyncastEiNS_17__class_type_info10__sub_kindEPKS1_PKvS4_S6_RNS1_16__dyncast_resultE
                0x10008ad8        0x8 /usr/lib/gcc/arm-none-eabi/13.2.1/../../../arm-none-eabi/lib/thumb/v6-m/nofp/libstdc++.a(si_class_type_info.o)
 .ARM.exidx.text._ZNK10__cxxabiv120__si_class_type_info11__do_upcastEPKNS_17__class_type_infoEPKvRNS1_15__upcast_resultE
                0x10008ae0        0x8 /usr/lib/gcc/arm-none-eabi/13.2.1/../../../arm-none-eabi/lib/thumb/v6-m/nofp/libstdc++.a(si_class_type_info.o)
 .ARM.exidx.text._ZNSt9type_infoD2Ev
                0x10008ae8        0x8 /usr/lib/gcc/arm-none-eabi/13.2.1/../../../arm-none-eabi/lib/thumb/v6-m/nofp/libstdc++.a(tinfo.o)
 .ARM.exidx.text._ZNKSt9type_info14__is_pointer_pEv
                0x10008af0        0x0 /usr/lib/gcc/arm-none-eabi/13.2.1/../../../arm-none-eabi/lib/thumb/v6-m/nofp/libstdc++.a(tinfo.o)
                                  0x8 (size before relaxing)
 .ARM.exidx.text._ZNKSt9type_infoeqERKS_
                0x10008af0        0x0 /usr/lib/gcc/arm-none-eabi/13.2.1/../../../arm-none-eabi/lib/thumb/v6-m/nofp/libstdc++.a(tinfo.o)
                                  0x8 (size before relaxing)
 .ARM.exidx.text._ZNKSt17bad_function_call4whatEv
                0x10008af0        0x0 /usr/lib/gcc/arm-none-eabi/13.2.1/../../../arm-none-eabi/lib/thumb/v6-m/nofp/libstdc++.a(functional.o)
                                  0x8 (size before relaxing)
 .ARM.exidx.text._ZNSt17bad_function_callD2Ev
                0x10008af0        0x0 /usr/lib/gcc/arm-none-eabi/13.2.1/../../../arm-none-eabi/lib/thumb/v6-m/nofp/libstdc++.a(functional.o)
                                  0x8 (size before relaxing)
 .ARM.exidx.text._ZNSt17bad_function_callD0Ev
                0x10008af0        0x0 /usr/lib/gcc/arm-none-eabi/13.2.1/../../../arm-none-eabi/lib/thumb/v6-m/nofp/libstdc++.a(functional.o)
                                  0x8 (size before relaxing)
 .ARM.exidx.text.unlikely._ZSt25__throw_bad_function_callv
                0x10008af0        0x8 /usr/lib/gcc/arm-none-eabi/13.2.1/../../../arm-none-eabi/lib/thumb/v6-m/nofp/libstdc++.a(functional.o)
 .ARM.exidx.text._ZNK10__cxxabiv117__class_type_info11__do_upcastEPKS0_PPv
                0x10008af8        0x8 /usr/lib/gcc/arm-none-eabi/13.2.1/../../../arm-none-eabi/lib/thumb/v6-m/nofp/libstdc++.a(class_type_info.o)
 .ARM.exidx.text._ZNK10__cxxabiv117__class_type_info20__do_find_public_srcEiPKvPKS0_S2_
                0x10008b00        0x8 /usr/lib/gcc/arm-none-eabi/13.2.1/../../../arm-none-eabi/lib/thumb/v6-m/nofp/libstdc++.a(class_type_info.o)
 .ARM.exidx.text._ZN10__cxxabiv117__class_type_infoD2Ev
                0x10008b08        0x0 /usr/lib/gcc/arm-none-eabi/13.2.1/../../../arm-none-eabi/lib/thumb/v6-m/nofp/libstdc++.a(class_type_info.o)